Component: ARM Compiler 5.06 (build 20) Tool: armlink [4d35a3]

==============================================================================

Section Cross References

    system_gd32f30x.o(.text) refers to system_gd32f30x.o(.data) for .data
    startup_gd32f30x_hd.o(RESET) refers to startup_gd32f30x_hd.o(STACK) for __initial_sp
    startup_gd32f30x_hd.o(RESET) refers to startup_gd32f30x_hd.o(.text) for Reset_Handler
    startup_gd32f30x_hd.o(RESET) refers to gd32f30x_it.o(.text) for NMI_Handler
    startup_gd32f30x_hd.o(RESET) refers to hardfaulthandler.o(OSKERNEL) for HardFault_Handler
    startup_gd32f30x_hd.o(RESET) refers to port.o(.emb_text) for SVC_Handler
    startup_gd32f30x_hd.o(RESET) refers to port.o(.text) for SysTick_Handler
    startup_gd32f30x_hd.o(RESET) refers to bsp_uart_dma.o(.text) for DMA0_Channel3_IRQHandler
    startup_gd32f30x_hd.o(RESET) refers to app_can.o(.text) for USBD_LP_CAN0_RX0_IRQHandler
    startup_gd32f30x_hd.o(RESET) refers to bsp_timer.o(.text) for TIMER1_IRQHandler
    startup_gd32f30x_hd.o(.text) refers to system_gd32f30x.o(.text) for SystemInit
    startup_gd32f30x_hd.o(.text) refers to entry.o(.ARM.Collect$$$$00000000) for __main
    main.o(.text) refers to queue.o(.text) for xQueueGiveFromISR
    main.o(.text) refers to printf5.o(i.__0printf$5) for __2printf
    main.o(.text) refers to bsp_uart_dma.o(.text) for RegUartCallBack_DMA
    main.o(.text) refers to bsp_digital_tube.o(.text) for Update_System_Display
    main.o(.text) refers to tasks.o(.text) for vTaskDelay
    main.o(.text) refers to memseta.o(.text) for __aeabi_memclr4
    main.o(.text) refers to app_slaveiap.o(.text) for Iap_GetIapStates
    main.o(.text) refers to bsp_watchdog.o(.text) for bsp_FeedDog
    main.o(.text) refers to modbus_host.o(.text) for ack_info_deal
    main.o(.text) refers to modbus_slave.o(.text) for ArmToDspUartSendTask
    main.o(.text) refers to dat_para.o(.text) for getVarAddr
    main.o(.text) refers to app_can.o(.text) for app_CanTaskPoll
    main.o(.text) refers to bsp_led.o(.text) for GegSysStatus
    main.o(.text) refers to main.o(.data) for .data
    main.o(.text) refers to bsp_uart_com.o(.text) for urt_485_send_over
    main.o(.text) refers to app_slaveiap.o(.data) for DspRespondFlag
    main.o(.text) refers to dat_para.o(.data) for g_inv_slave_addr
    main.o(.text) refers to bsp_led.o(.bss) for SysDSP
    main.o(.text) refers to port.o(.text) for vPortEnterCritical
    main.o(.text) refers to bsp.o(.text) for bsp_Init
    main.o(.text) refers to app.o(.text) for app_Init
    main.o(.text) refers to bsp_mcu_flash.o(.text) for bsp_FlashRead
    main.o(.text) refers to dat_para.o(.data) for g_slave_addr
    app.o(.text) refers to dat_para.o(.text) for ArrayDataIntial
    app.o(.text) refers to can.o(.text) for Can_TramsmitMsgInit
    app_can.o(.text) refers to memcpya.o(.text) for __aeabi_memcpy4
    app_can.o(.text) refers to memseta.o(.text) for __aeabi_memclr4
    app_can.o(.text) refers to app_slaveiap.o(.text) for Iap_GetIapStates
    app_can.o(.text) refers to modbus_host.o(.text) for modbus_host_06cmd_write
    app_can.o(.text) refers to gd32f30x_can.o(.text) for can_message_receive
    app_can.o(.text) refers to app_can.o(.data) for .data
    app_can.o(.text) refers to app_can.o(.bss) for .bss
    app_can.o(.text) refers to dat_para.o(.data) for g_inv_slave_addr
    app_can.o(.text) refers to dat_para.o(.bss) for g_DSP_Info
    sysfuc.o(.text) refers to sysfuc.o(.constdata) for .constdata
    app_timer.o(.text) refers to tasks.o(.text) for vTaskDelay
    app_timer.o(.text) refers to app_timer.o(.bss) for .bss
    app_slaveiap.o(.text) refers to bsp_uart_dma.o(.text) for bsp_appUrt_sendDat
    app_slaveiap.o(.text) refers to can.o(.text) for Can_vidMsgDebgu
    app_slaveiap.o(.text) refers to sysfuc.o(.text) for sys_modbus_crc16
    app_slaveiap.o(.text) refers to queue.o(.text) for xQueueGenericSend
    app_slaveiap.o(.text) refers to app_slaveiap.o(.constdata) for .constdata
    app_slaveiap.o(.text) refers to app_slaveiap.o(.data) for .data
    app_slaveiap.o(.text) refers to main.o(.data) for semap_inv_ota_ready
    app_slaveiap.o(.text) refers to tasks.o(.text) for vTaskDelay
    app_slaveiap.o(.text) refers to bsp_mcu_flash.o(.text) for flashClearAppFlag
    app_slaveiap.o(.text) refers to memseta.o(.text) for __aeabi_memclr4
    app_slaveiap.o(.text) refers to app_can.o(.text) for app_getCanRxQueueMsg
    app_slaveiap.o(.text) refers to app_slaveiap.o(.bss) for .bss
    bsp.o(.text) refers to gd32f30x_misc.o(.text) for nvic_priority_group_set
    bsp.o(.text) refers to bsp_timer.o(.text) for bsp_InitTimer
    bsp.o(.text) refers to bsp_adc.o(.text) for bsp_AdcInit
    bsp.o(.text) refers to bsp_led.o(.text) for bsp_InitLed
    bsp.o(.text) refers to bsp_i2c_gpio.o(.text) for bsp_InitI2C
    bsp.o(.text) refers to bsp_uart_dma.o(.text) for bsp_InitUart_DMA
[...]
    _main_clock                              0x08006139   Thumb Code     0  entry7b.o(.ARM.Collect$$$$00000008)
    _main_cpp_init                           0x08006139   Thumb Code     0  entry8b.o(.ARM.Collect$$$$0000000A)
    _main_init                               0x08006139   Thumb Code     0  entry9a.o(.ARM.Collect$$$$0000000B)
    __rt_final_cpp                           0x08006141   Thumb Code     0  entry10a.o(.ARM.Collect$$$$0000000D)
    __rt_final_exit                          0x08006141   Thumb Code     0  entry11a.o(.ARM.Collect$$$$0000000F)
    SVC_Handler                              0x08006145   Thumb Code    28  port.o(.emb_text)
    __asm___6_port_c_39a90d8d__prvStartFirstTask 0x08006165   Thumb Code    28  port.o(.emb_text)
    __asm___6_port_c_39a90d8d__prvEnableVFP  0x08006185   Thumb Code    16  port.o(.emb_text)
    PendSV_Handler                           0x08006199   Thumb Code    88  port.o(.emb_text)
    vPortGetIPSR                             0x080061f5   Thumb Code     6  port.o(.emb_text)
    SystemInit                               0x080062a7   Thumb Code   108  system_gd32f30x.o(.text)
    SystemCoreClockUpdate                    0x08006313   Thumb Code   136  system_gd32f30x.o(.text)
    Reset_Handler                            0x080063d5   Thumb Code     8  startup_gd32f30x_hd.o(.text)
    ADC0_1_IRQHandler                        0x080063ef   Thumb Code     0  startup_gd32f30x_hd.o(.text)
    ADC2_IRQHandler                          0x080063ef   Thumb Code     0  startup_gd32f30x_hd.o(.text)
    CAN0_EWMC_IRQHandler                     0x080063ef   Thumb Code     0  startup_gd32f30x_hd.o(.text)
    CAN0_RX1_IRQHandler                      0x080063ef   Thumb Code     0  startup_gd32f30x_hd.o(.text)
    DMA0_Channel0_IRQHandler                 0x080063ef   Thumb Code     0  startup_gd32f30x_hd.o(.text)
    DMA0_Channel1_IRQHandler                 0x080063ef   Thumb Code     0  startup_gd32f30x_hd.o(.text)
    DMA0_Channel2_IRQHandler                 0x080063ef   Thumb Code     0  startup_gd32f30x_hd.o(.text)
    DMA0_Channel5_IRQHandler                 0x080063ef   Thumb Code     0  startup_gd32f30x_hd.o(.text)
    DMA0_Channel6_IRQHandler                 0x080063ef   Thumb Code     0  startup_gd32f30x_hd.o(.text)
    DMA1_Channel0_IRQHandler                 0x080063ef   Thumb Code     0  startup_gd32f30x_hd.o(.text)
    DMA1_Channel1_IRQHandler                 0x080063ef   Thumb Code     0  startup_gd32f30x_hd.o(.text)
    DMA1_Channel3_4_IRQHandler               0x080063ef   Thumb Code     0  startup_gd32f30x_hd.o(.text)
    EXMC_IRQHandler                          0x080063ef   Thumb Code     0  startup_gd32f30x_hd.o(.text)
    EXTI0_IRQHandler                         0x080063ef   Thumb Code     0  startup_gd32f30x_hd.o(.text)
    EXTI10_15_IRQHandler                     0x080063ef   Thumb Code     0  startup_gd32f30x_hd.o(.text)
    EXTI1_IRQHandler                         0x080063ef   Thumb Code     0  startup_gd32f30x_hd.o(.text)
    EXTI2_IRQHandler                         0x080063ef   Thumb Code     0  startup_gd32f30x_hd.o(.text)
    EXTI3_IRQHandler                         0x080063ef   Thumb Code     0  startup_gd32f30x_hd.o(.text)
    EXTI4_IRQHandler                         0x080063ef   Thumb Code     0  startup_gd32f30x_hd.o(.text)
    EXTI5_9_IRQHandler                       0x080063ef   Thumb Code     0  startup_gd32f30x_hd.o(.text)
    FMC_IRQHandler                           0x080063ef   Thumb Code     0  startup_gd32f30x_hd.o(.text)
    I2C0_ER_IRQHandler                       0x080063ef   Thumb Code     0  startup_gd32f30x_hd.o(.text)
    I2C0_EV_IRQHandler                       0x080063ef   Thumb Code     0  startup_gd32f30x_hd.o(.text)
    I2C1_ER_IRQHandler                       0x080063ef   Thumb Code     0  startup_gd32f30x_hd.o(.text)
    I2C1_EV_IRQHandler                       0x080063ef   Thumb Code     0  startup_gd32f30x_hd.o(.text)
    LVD_IRQHandler                           0x080063ef   Thumb Code     0  startup_gd32f30x_hd.o(.text)
    RCU_CTC_IRQHandler                       0x080063ef   Thumb Code     0  startup_gd32f30x_hd.o(.text)
    RTC_Alarm_IRQHandler                     0x080063ef   Thumb Code     0  startup_gd32f30x_hd.o(.text)
    RTC_IRQHandler                           0x080063ef   Thumb Code     0  startup_gd32f30x_hd.o(.text)
    SDIO_IRQHandler                          0x080063ef   Thumb Code     0  startup_gd32f30x_hd.o(.text)
    SPI0_IRQHandler                          0x080063ef   Thumb Code     0  startup_gd32f30x_hd.o(.text)
    SPI1_IRQHandler                          0x080063ef   Thumb Code     0  startup_gd32f30x_hd.o(.text)
    SPI2_IRQHandler                          0x080063ef   Thumb Code     0  startup_gd32f30x_hd.o(.text)
    TAMPER_IRQHandler                        0x080063ef   Thumb Code     0  startup_gd32f30x_hd.o(.text)
    TIMER0_BRK_IRQHandler                    0x080063ef   Thumb Code     0  startup_gd32f30x_hd.o(.text)
    TIMER0_Channel_IRQHandler                0x080063ef   Thumb Code     0  startup_gd32f30x_hd.o(.text)
    TIMER0_TRG_CMT_IRQHandler                0x080063ef   Thumb Code     0  startup_gd32f30x_hd.o(.text)
    TIMER0_UP_IRQHandler                     0x080063ef   Thumb Code     0  startup_gd32f30x_hd.o(.text)
    TIMER2_IRQHandler                        0x080063ef   Thumb Code     0  startup_gd32f30x_hd.o(.text)
    TIMER3_IRQHandler                        0x080063ef   Thumb Code     0  startup_gd32f30x_hd.o(.text)
    TIMER4_IRQHandler                        0x080063ef   Thumb Code     0  startup_gd32f30x_hd.o(.text)
    TIMER5_IRQHandler                        0x080063ef   Thumb Code     0  startup_gd32f30x_hd.o(.text)
    TIMER6_IRQHandler                        0x080063ef   Thumb Code     0  startup_gd32f30x_hd.o(.text)
    TIMER7_BRK_IRQHandler                    0x080063ef   Thumb Code     0  startup_gd32f30x_hd.o(.text)
    TIMER7_Channel_IRQHandler                0x080063ef   Thumb Code     0  startup_gd32f30x_hd.o(.text)
    TIMER7_TRG_CMT_IRQHandler                0x080063ef   Thumb Code     0  startup_gd32f30x_hd.o(.text)
    TIMER7_UP_IRQHandler                     0x080063ef   Thumb Code     0  startup_gd32f30x_hd.o(.text)
    UART4_IRQHandler                         0x080063ef   Thumb Code     0  startup_gd32f30x_hd.o(.text)
    USART1_IRQHandler                        0x080063ef   Thumb Code     0  startup_gd32f30x_hd.o(.text)
    USART2_IRQHandler                        0x080063ef   Thumb Code     0  startup_gd32f30x_hd.o(.text)
    USBD_HP_CAN0_TX_IRQHandler               0x080063ef   Thumb Code     0  startup_gd32f30x_hd.o(.text)
    USBD_WKUP_IRQHandler                     0x080063ef   Thumb Code     0  startup_gd32f30x_hd.o(.text)
    WWDGT_IRQHandler                         0x080063ef   Thumb Code     0  startup_gd32f30x_hd.o(.text)
    vApplicationStackOverflowHook            0x080069e9   Thumb Code     2  main.o(.text)
    main                                     0x080069eb   Thumb Code    68  main.o(.text)
    NMI_Handler                              0x08006b3d   Thumb Code     2  gd32f30x_it.o(.text)
    MemManage_Handler                        0x08006b3f   Thumb Code     2  gd32f30x_it.o(.text)
    BusFault_Handler                         0x08006b41   Thumb Code     2  gd32f30x_it.o(.text)
    UsageFault_Handler                       0x08006b43   Thumb Code     2  gd32f30x_it.o(.text)
    DebugMon_Handler                         0x08006b45   Thumb Code     2  gd32f30x_it.o(.text)
    app_Init                                 0x08006b47   Thumb Code    14  app.o(.text)
    app_getCanRxQueueMsg                     0x08006b55   Thumb Code    68  app_can.o(.text)
    app_CanTaskPoll                          0x08006c9f   Thumb Code     2  app_can.o(.text)
    USBD_LP_CAN0_RX0_IRQHandler              0x08006ca1   Thumb Code   106  app_can.o(.text)
    SYS_bubbleSort                           0x08006d2d   Thumb Code    58  sysfuc.o(.text)
    SYS_xorCal                               0x08006d67   Thumb Code    32  sysfuc.o(.text)
    sys_modbus_crc16                         0x08006d87   Thumb Code    38  sysfuc.o(.text)
    SYS_crc32                                0x08006dad   Thumb Code    38  sysfuc.o(.text)
    sys_delay_us                             0x08006dd3   Thumb Code    14  sysfuc.o(.text)
    CRC_16                                   0x08006de9   Thumb Code    40  app_slaveiap.o(.text)
    Iap_Respond                              0x08006e11   Thumb Code   112  app_slaveiap.o(.text)
    Arm_Tx_Dsp_OTA_Trigger                   0x08006e81   Thumb Code   102  app_slaveiap.o(.text)
    Arm_Tx_Dsp_OTA_PackTotal                 0x08006ee7   Thumb Code   108  app_slaveiap.o(.text)
    Arm_Tx_Dsp_Read_OTA_State                0x08006f53   Thumb Code    72  app_slaveiap.o(.text)
    Arm_Tx_Dsp_Updata                        0x08006f9b   Thumb Code   124  app_slaveiap.o(.text)
    Arm_Tx_Dsp_SoftVersion                   0x08007017   Thumb Code   102  app_slaveiap.o(.text)
    Arm_Tx_Dsp_PerfromNewData                0x0800707d   Thumb Code    84  app_slaveiap.o(.text)
    Iap_GetIapStates                         0x080070d1   Thumb Code     6  app_slaveiap.o(.text)
    Arm_Respond_Ems                          0x080070d7   Thumb Code    76  app_slaveiap.o(.text)
    IAP_DSP_Ack_Valid                        0x08007123   Thumb Code   224  app_slaveiap.o(.text)
    IapManagement                            0x08007203   Thumb Code   106  app_slaveiap.o(.text)
    Iap_FSM                                  0x0800726d   Thumb Code   208  app_slaveiap.o(.text)
    Iap_Main                                 0x0800733d   Thumb Code   342  app_slaveiap.o(.text)
    Iap_MainProcess                          0x08007493   Thumb Code    70  app_slaveiap.o(.text)
    bsp_Init                                 0x080074f1   Thumb Code    46  bsp.o(.text)
    bsp_InitLed                              0x08007521   Thumb Code   108  bsp_led.o(.text)
    GegSysStatus                             0x0800758d   Thumb Code   212  bsp_led.o(.text)
    bsp_LedToggle                            0x08007661   Thumb Code    64  bsp_led.o(.text)
    Task_LedsJob                             0x080076a1   Thumb Code    24  bsp_led.o(.text)
    Task_BuzzerJob                           0x080076b9   Thumb Code   140  bsp_led.o(.text)
    Task_RelayJob                            0x08007745   Thumb Code    54  bsp_led.o(.text)
    bsp_LedOff                               0x0800777b   Thumb Code    36  bsp_led.o(.text)
    bsp_LedOn                                0x0800779f   Thumb Code    36  bsp_led.o(.text)
    bsp_IsLedOn                              0x080077c3   Thumb Code    54  bsp_led.o(.text)
    Get_PcsOnOff_button_state                0x080077f9   Thumb Code    88  bsp_led.o(.text)
    bsp_InitHardTimer                        0x0800786d   Thumb Code    82  bsp_timer.o(.text)
    bsp_InitTimer                            0x080078bf   Thumb Code     2  bsp_timer.o(.text)
    SysTick_ISR                              0x080078c1   Thumb Code    34  bsp_timer.o(.text)
    bsp_StartHardTimer                       0x080078e3   Thumb Code   144  bsp_timer.o(.text)
    TIMER1_IRQHandler                        0x08007973   Thumb Code   162  bsp_timer.o(.text)
    bsp_timer_start                          0x08007a15   Thumb Code     8  bsp_timer.o(.text)
    bsp_timer_stop                           0x08007a1d   Thumb Code     8  bsp_timer.o(.text)
    i2c_Stop                                 0x08007a2d   Thumb Code    32  bsp_i2c_gpio.o(.text)
    bsp_InitI2C                              0x08007a4d   Thumb Code    32  bsp_i2c_gpio.o(.text)
    i2c_Start                                0x08007a6d   Thumb Code    38  bsp_i2c_gpio.o(.text)
    i2c_SendByte                             0x08007a93   Thumb Code    80  bsp_i2c_gpio.o(.text)
    i2c_ReadByte                             0x08007ae3   Thumb Code    68  bsp_i2c_gpio.o(.text)
    i2c_WaitAck                              0x08007b27   Thumb Code    52  bsp_i2c_gpio.o(.text)
    i2c_Ack                                  0x08007b5b   Thumb Code    38  bsp_i2c_gpio.o(.text)
    i2c_NAck                                 0x08007b81   Thumb Code    36  bsp_i2c_gpio.o(.text)
    i2c_CheckDevice                          0x08007ba5   Thumb Code    48  bsp_i2c_gpio.o(.text)
    bsp_FlashErase                           0x08007be5   Thumb Code    50  bsp_mcu_flash.o(.text)
    bsp_FlashWrite                           0x08007c17   Thumb Code    74  bsp_mcu_flash.o(.text)
    bsp_FlashRead                            0x08007c61   Thumb Code    10  bsp_mcu_flash.o(.text)
    flashClearAppFlag                        0x08007c6b   Thumb Code    48  bsp_mcu_flash.o(.text)
    bsp_InitUart_DMA                         0x08007fd9   Thumb Code    78  bsp_uart_dma.o(.text)
    ComToUart_DMA                            0x08008027   Thumb Code    30  bsp_uart_dma.o(.text)
    urtDma_en_rcv                            0x08008045   Thumb Code    42  bsp_uart_dma.o(.text)
    urtDma_rcvDat_copy                       0x0800806f   Thumb Code    46  bsp_uart_dma.o(.text)
    RegUartCallBack_DMA                      0x08008165   Thumb Code    20  bsp_uart_dma.o(.text)
    USART0_IRQHandler                        0x08008179   Thumb Code     4  bsp_uart_dma.o(.text)
    DMA0_Channel3_IRQHandler                 0x0800817d   Thumb Code    52  bsp_uart_dma.o(.text)
    DMA0_Channel4_IRQHandler                 0x080081b1   Thumb Code    34  bsp_uart_dma.o(.text)
    UART3_IRQHandler                         0x080081d3   Thumb Code     4  bsp_uart_dma.o(.text)
    DMA1_Channel3_Channel4_IRQHandler        0x080081d7   Thumb Code    52  bsp_uart_dma.o(.text)
    DMA1_Channel2_IRQHandler                 0x0800820b   Thumb Code    34  bsp_uart_dma.o(.text)
    bsp_appUrt_sendDat                       0x0800822d   Thumb Code    74  bsp_uart_dma.o(.text)
    bsp_appUrt_getRcvDat                     0x08008277   Thumb Code     2  bsp_uart_dma.o(.text)
    RS485_InitTXE                            0x0800829d   Thumb Code    82  bsp_uart_com.o(.text)
    urt_485_tx_before                        0x080082ef   Thumb Code    42  bsp_uart_com.o(.text)
    urt_485_send_over                        0x08008319   Thumb Code    52  bsp_uart_com.o(.text)
    fputc                                    0x0800834d   Thumb Code    30  bsp_uart_com.o(.text)
    fgetc                                    0x0800836b   Thumb Code    26  bsp_uart_com.o(.text)
    CRC16                                    0x08008391   Thumb Code    40  bsp_user_lib.o(.text)
    BEBufToUint16                            0x080083b9   Thumb Code     6  bsp_user_lib.o(.text)
    LEBufToUint16                            0x080083bf   Thumb Code     4  bsp_user_lib.o(.text)
    BEBufToUint32                            0x080083c3   Thumb Code    14  bsp_user_lib.o(.text)
    LEBufToUint32                            0x080083d1   Thumb Code    12  bsp_user_lib.o(.text)
    dri_can_init                             0x080083e1   Thumb Code   198  bsp_dri_can.o(.text)
    bsp_StartDog                             0x080084b1   Thumb Code    70  bsp_watchdog.o(.text)
    bsp_FeedDog                              0x080084f7   Thumb Code    18  bsp_watchdog.o(.text)
    Can_vidMsgDebgu                          0x08008509   Thumb Code    98  can.o(.text)
    CJ1939_SendMsg                           0x0800856b   Thumb Code   104  can.o(.text)
    Can_TramsmitMsgInit                      0x080085d3   Thumb Code    58  can.o(.text)
    Can_TramsmitMsg                          0x0800860d   Thumb Code    68  can.o(.text)
    bsp_AdcCfg                               0x080086b1   Thumb Code   334  bsp_adc.o(.text)
    bsp_Adc0_DMA_Cfg                         0x080087ff   Thumb Code    94  bsp_adc.o(.text)
    bsp_AdcInit                              0x0800885d   Thumb Code    12  bsp_adc.o(.text)
    bsp_CaculVoltageAverage                  0x08008869   Thumb Code    62  bsp_adc.o(.text)
    bsp_CaculTempertureAverage               0x080088a7   Thumb Code   102  bsp_adc.o(.text)
    bsp_AdcTempDataProcess                   0x0800890d   Thumb Code   176  bsp_adc.o(.text)
    bsp_AdcVoldataDataProcess                0x080089bd   Thumb Code    62  bsp_adc.o(.text)
    bsp_digital_tube_gpio_init               0x08008a31   Thumb Code    60  bsp_digital_tube.o(.text)
    delay_us                                 0x08008a6d   Thumb Code    26  bsp_digital_tube.o(.text)
    display_digital                          0x08008a87   Thumb Code    90  bsp_digital_tube.o(.text)
    display_seg_shi                          0x08008ae1   Thumb Code    76  bsp_digital_tube.o(.text)
    display_seg_ge                           0x08008b2d   Thumb Code    76  bsp_digital_tube.o(.text)
    display_led                              0x08008b79   Thumb Code    38  bsp_digital_tube.o(.text)
    display_addr_and_led                     0x08008b9f   Thumb Code   108  bsp_digital_tube.o(.text)
    Update_System_Display                    0x08008c0b   Thumb Code   170  bsp_digital_tube.o(.text)
    pxPortInitialiseStack                    0x08008ce9   Thumb Code    40  port.o(.text)
    vPortSetupTimerInterrupt                 0x08008d11   Thumb Code    26  port.o(.text)
    xPortStartScheduler                      0x08008d2b   Thumb Code   204  port.o(.text)
    vPortEndScheduler                        0x08008df7   Thumb Code    28  port.o(.text)
    vPortEnterCritical                       0x08008e13   Thumb Code    56  port.o(.text)
    vPortExitCritical                        0x08008e4b   Thumb Code    34  port.o(.text)
    SysTick_Handler                          0x08008e6d   Thumb Code    40  port.o(.text)
    vPortValidateInterruptPriority           0x08008e95   Thumb Code    76  port.o(.text)
    pvPortMalloc                             0x08008f45   Thumb Code   210  heap_4.o(.text)
    vPortFree                                0x08009017   Thumb Code    90  heap_4.o(.text)
    xPortGetFreeHeapSize                     0x08009071   Thumb Code     8  heap_4.o(.text)
    xPortGetMinimumEverFreeHeapSize          0x08009079   Thumb Code     8  heap_4.o(.text)
    vPortInitialiseBlocks                    0x08009081   Thumb Code     2  heap_4.o(.text)
    vListInitialise                          0x080090cd   Thumb Code    22  list.o(.text)
    vListInitialiseItem                      0x080090e3   Thumb Code     6  list.o(.text)
    vListInsertEnd                           0x080090e9   Thumb Code    24  list.o(.text)
    vListInsert                              0x08009101   Thumb Code    48  list.o(.text)
    uxListRemove                             0x08009131   Thumb Code    36  list.o(.text)
    xQueueGenericReset                       0x08009155   Thumb Code   132  queue.o(.text)
    xQueueGenericCreate                      0x080091d9   Thumb Code    76  queue.o(.text)
    xQueueGenericSend                        0x08009375   Thumb Code   334  queue.o(.text)
    xQueueCreateMutex                        0x080094c3   Thumb Code    36  queue.o(.text)
    xQueueGiveMutexRecursive                 0x080094e7   Thumb Code    62  queue.o(.text)
    xQueueGenericReceive                     0x0800954b   Thumb Code   340  queue.o(.text)
    xQueueTakeMutexRecursive                 0x0800969f   Thumb Code    68  queue.o(.text)
    xQueueCreateCountingSemaphore            0x080096e3   Thumb Code    58  queue.o(.text)
    xQueueGenericSendFromISR                 0x0800971d   Thumb Code   200  queue.o(.text)
    xQueueGiveFromISR                        0x080097e5   Thumb Code   172  queue.o(.text)
    xQueueReceiveFromISR                     0x08009891   Thumb Code   152  queue.o(.text)
    xQueuePeekFromISR                        0x08009929   Thumb Code   114  queue.o(.text)
    uxQueueMessagesWaiting                   0x0800999b   Thumb Code    36  queue.o(.text)
    uxQueueSpacesAvailable                   0x080099bf   Thumb Code    40  queue.o(.text)
    uxQueueMessagesWaitingFromISR            0x080099e7   Thumb Code    22  queue.o(.text)
    vQueueUnregisterQueue                    0x080099fd   Thumb Code    36  queue.o(.text)
    vQueueDelete                             0x08009a21   Thumb Code    36  queue.o(.text)
    xQueueIsQueueEmptyFromISR                0x08009a45   Thumb Code    30  queue.o(.text)
    xQueueIsQueueFullFromISR                 0x08009a63   Thumb Code    34  queue.o(.text)
    vQueueAddToRegistry                      0x08009a85   Thumb Code    34  queue.o(.text)
    pcQueueGetName                           0x08009aa7   Thumb Code    34  queue.o(.text)
    xQueueCreateSet                          0x08009ac9   Thumb Code     8  queue.o(.text)
    xQueueAddToSet                           0x08009ad1   Thumb Code    34  queue.o(.text)
    xQueueRemoveFromSet                      0x08009af3   Thumb Code    34  queue.o(.text)
    xQueueSelectFromSet                      0x08009b15   Thumb Code    20  queue.o(.text)
    xQueueSelectFromSetFromISR               0x08009b29   Thumb Code    18  queue.o(.text)
    xTaskCreate                              0x08009c15   Thumb Code    86  tasks.o(.text)
    vTaskDelete                              0x08009c6b   Thumb Code   132  tasks.o(.text)
    xTaskIncrementTick                       0x08009cef   Thumb Code   188  tasks.o(.text)
    xTaskResumeAll                           0x08009dab   Thumb Code   184  tasks.o(.text)
    vTaskSuspendAll                          0x08009eb7   Thumb Code    10  tasks.o(.text)
    vTaskDelayUntil                          0x08009ec1   Thumb Code   148  tasks.o(.text)
    vTaskDelay                               0x08009f55   Thumb Code    66  tasks.o(.text)
    uxTaskPriorityGet                        0x08009f97   Thumb Code    24  tasks.o(.text)
    uxTaskPriorityGetFromISR                 0x08009faf   Thumb Code    40  tasks.o(.text)
    vTaskPrioritySet                         0x08009fd7   Thumb Code   166  tasks.o(.text)
    vTaskSwitchContext                       0x0800a07d   Thumb Code    90  tasks.o(.text)
    vTaskSuspend                             0x0800a0d7   Thumb Code   130  tasks.o(.text)
    vTaskResume                              0x0800a189   Thumb Code   110  tasks.o(.text)
    xTaskResumeFromISR                       0x0800a1f7   Thumb Code   124  tasks.o(.text)
    vTaskStartScheduler                      0x0800a293   Thumb Code    90  tasks.o(.text)
    vTaskEndScheduler                        0x0800a2ed   Thumb Code    24  tasks.o(.text)
    xTaskGetTickCount                        0x0800a305   Thumb Code     6  tasks.o(.text)
    xTaskGetTickCountFromISR                 0x0800a30b   Thumb Code    12  tasks.o(.text)
    uxTaskGetNumberOfTasks                   0x0800a317   Thumb Code     6  tasks.o(.text)
    pcTaskGetName                            0x0800a31d   Thumb Code    60  tasks.o(.text)
    vTaskPlaceOnEventList                    0x0800a359   Thumb Code    42  tasks.o(.text)
    vTaskPlaceOnUnorderedEventList           0x0800a383   Thumb Code    74  tasks.o(.text)
    xTaskRemoveFromEventList                 0x0800a3cd   Thumb Code    98  tasks.o(.text)
    xTaskRemoveFromUnorderedEventList        0x0800a42f   Thumb Code   106  tasks.o(.text)
    vTaskSetTimeOutState                     0x0800a499   Thumb Code    30  tasks.o(.text)
    xTaskCheckForTimeOut                     0x0800a4b7   Thumb Code   102  tasks.o(.text)
    vTaskMissedYield                         0x0800a51d   Thumb Code     8  tasks.o(.text)
    xTaskGetCurrentTaskHandle                0x0800a525   Thumb Code     6  tasks.o(.text)
    vTaskPriorityInherit                     0x0800a52b   Thumb Code    98  tasks.o(.text)
    xTaskPriorityDisinherit                  0x0800a58d   Thumb Code   118  tasks.o(.text)
    uxTaskResetEventItemValue                0x0800a603   Thumb Code    20  tasks.o(.text)
    pvTaskIncrementMutexHeldCount            0x0800a617   Thumb Code    18  tasks.o(.text)
    ulTaskNotifyTake                         0x0800a629   Thumb Code    96  tasks.o(.text)
    xTaskNotifyWait                          0x0800a689   Thumb Code   128  tasks.o(.text)
    xTaskGenericNotify                       0x0800a709   Thumb Code   202  tasks.o(.text)
    xTaskGenericNotifyFromISR                0x0800a7d3   Thumb Code   226  tasks.o(.text)
    vTaskNotifyGiveFromISR                   0x0800a8b5   Thumb Code   162  tasks.o(.text)
    xTaskNotifyStateClear                    0x0800a957   Thumb Code    46  tasks.o(.text)
    gpio_deinit                              0x0800aa99   Thumb Code   102  gd32f30x_gpio.o(.text)
    gpio_afio_deinit                         0x0800aaff   Thumb Code    22  gd32f30x_gpio.o(.text)
    gpio_init                                0x0800ab15   Thumb Code   166  gd32f30x_gpio.o(.text)
    gpio_bit_set                             0x0800abbb   Thumb Code     4  gd32f30x_gpio.o(.text)
    gpio_bit_reset                           0x0800abbf   Thumb Code     4  gd32f30x_gpio.o(.text)
    gpio_bit_write                           0x0800abc3   Thumb Code    10  gd32f30x_gpio.o(.text)
    gpio_port_write                          0x0800abcd   Thumb Code     4  gd32f30x_gpio.o(.text)
    gpio_input_bit_get                       0x0800abd1   Thumb Code    10  gd32f30x_gpio.o(.text)
    gpio_input_port_get                      0x0800abdb   Thumb Code     6  gd32f30x_gpio.o(.text)
    gpio_output_bit_get                      0x0800abe1   Thumb Code    10  gd32f30x_gpio.o(.text)
    gpio_output_port_get                     0x0800abeb   Thumb Code     6  gd32f30x_gpio.o(.text)
    gpio_pin_remap_config                    0x0800abf1   Thumb Code    82  gd32f30x_gpio.o(.text)
    gpio_exti_source_select                  0x0800ac43   Thumb Code    82  gd32f30x_gpio.o(.text)
    gpio_event_output_config                 0x0800ac95   Thumb Code    18  gd32f30x_gpio.o(.text)
    gpio_event_output_enable                 0x0800aca7   Thumb Code    12  gd32f30x_gpio.o(.text)
    gpio_event_output_disable                0x0800acb3   Thumb Code    12  gd32f30x_gpio.o(.text)
    gpio_pin_lock                            0x0800acbf   Thumb Code    16  gd32f30x_gpio.o(.text)
    gpio_compensation_config                 0x0800accf   Thumb Code    14  gd32f30x_gpio.o(.text)
    gpio_compensation_flag_get               0x0800acdd   Thumb Code    16  gd32f30x_gpio.o(.text)
    timer_deinit                             0x0800acf9   Thumb Code   108  gd32f30x_timer.o(.text)
    timer_struct_para_init                   0x0800ad65   Thumb Code    20  gd32f30x_timer.o(.text)
    timer_init                               0x0800ad79   Thumb Code   122  gd32f30x_timer.o(.text)
    timer_enable                             0x0800adf3   Thumb Code    10  gd32f30x_timer.o(.text)
    timer_disable                            0x0800adfd   Thumb Code    10  gd32f30x_timer.o(.text)
    timer_auto_reload_shadow_enable          0x0800ae07   Thumb Code    10  gd32f30x_timer.o(.text)
    timer_auto_reload_shadow_disable         0x0800ae11   Thumb Code    10  gd32f30x_timer.o(.text)
    timer_update_event_enable                0x0800ae1b   Thumb Code    10  gd32f30x_timer.o(.text)
    timer_update_event_disable               0x0800ae25   Thumb Code    10  gd32f30x_timer.o(.text)
    timer_counter_alignment                  0x0800ae2f   Thumb Code    16  gd32f30x_timer.o(.text)
    timer_counter_up_direction               0x0800ae3f   Thumb Code    10  gd32f30x_timer.o(.text)
    timer_counter_down_direction             0x0800ae49   Thumb Code    10  gd32f30x_timer.o(.text)
    timer_prescaler_config                   0x0800ae53   Thumb Code    16  gd32f30x_timer.o(.text)
    timer_repetition_value_config            0x0800ae63   Thumb Code     4  gd32f30x_timer.o(.text)
    timer_autoreload_value_config            0x0800ae67   Thumb Code     4  gd32f30x_timer.o(.text)
    timer_counter_value_config               0x0800ae6b   Thumb Code     4  gd32f30x_timer.o(.text)
    timer_counter_read                       0x0800ae6f   Thumb Code     4  gd32f30x_timer.o(.text)
    timer_prescaler_read                     0x0800ae73   Thumb Code     6  gd32f30x_timer.o(.text)
    timer_single_pulse_mode_config           0x0800ae79   Thumb Code    24  gd32f30x_timer.o(.text)
    timer_update_source_config               0x0800ae91   Thumb Code    24  gd32f30x_timer.o(.text)
    timer_interrupt_enable                   0x0800aea9   Thumb Code     8  gd32f30x_timer.o(.text)
    timer_interrupt_disable                  0x0800aeb1   Thumb Code     8  gd32f30x_timer.o(.text)
    timer_interrupt_flag_get                 0x0800aeb9   Thumb Code    20  gd32f30x_timer.o(.text)
    timer_interrupt_flag_clear               0x0800aecd   Thumb Code     6  gd32f30x_timer.o(.text)
    timer_flag_get                           0x0800aed3   Thumb Code    10  gd32f30x_timer.o(.text)
    timer_flag_clear                         0x0800aedd   Thumb Code     6  gd32f30x_timer.o(.text)
    timer_dma_enable                         0x0800aee3   Thumb Code     8  gd32f30x_timer.o(.text)
    timer_dma_disable                        0x0800aeeb   Thumb Code     8  gd32f30x_timer.o(.text)
    timer_channel_dma_request_source_select  0x0800aef3   Thumb Code    24  gd32f30x_timer.o(.text)
    timer_dma_transfer_config                0x0800af0b   Thumb Code    22  gd32f30x_timer.o(.text)
    timer_event_software_generate            0x0800af21   Thumb Code     8  gd32f30x_timer.o(.text)
    timer_break_struct_para_init             0x0800af29   Thumb Code    18  gd32f30x_timer.o(.text)
    timer_break_config                       0x0800af3b   Thumb Code    32  gd32f30x_timer.o(.text)
    timer_break_enable                       0x0800af5b   Thumb Code    10  gd32f30x_timer.o(.text)
    timer_break_disable                      0x0800af65   Thumb Code    10  gd32f30x_timer.o(.text)
    timer_automatic_output_enable            0x0800af6f   Thumb Code    10  gd32f30x_timer.o(.text)
    timer_automatic_output_disable           0x0800af79   Thumb Code    10  gd32f30x_timer.o(.text)
    timer_primary_output_config              0x0800af83   Thumb Code    20  gd32f30x_timer.o(.text)
    timer_channel_control_shadow_config      0x0800af97   Thumb Code    20  gd32f30x_timer.o(.text)
    timer_channel_control_shadow_update_config 0x0800afab   Thumb Code    24  gd32f30x_timer.o(.text)
    timer_channel_output_struct_para_init    0x0800afc3   Thumb Code    16  gd32f30x_timer.o(.text)
    timer_channel_output_config              0x0800afd3   Thumb Code   488  gd32f30x_timer.o(.text)
    timer_channel_output_mode_config         0x0800b1bb   Thumb Code    78  gd32f30x_timer.o(.text)
    timer_channel_output_pulse_value_config  0x0800b209   Thumb Code    30  gd32f30x_timer.o(.text)
    timer_channel_output_shadow_config       0x0800b227   Thumb Code    78  gd32f30x_timer.o(.text)
    timer_channel_output_fast_config         0x0800b275   Thumb Code    78  gd32f30x_timer.o(.text)
    timer_channel_output_clear_config        0x0800b2c3   Thumb Code    78  gd32f30x_timer.o(.text)
    timer_channel_output_polarity_config     0x0800b311   Thumb Code    78  gd32f30x_timer.o(.text)
    timer_channel_complementary_output_polarity_config 0x0800b35f   Thumb Code    58  gd32f30x_timer.o(.text)
    timer_channel_output_state_config        0x0800b399   Thumb Code    78  gd32f30x_timer.o(.text)
    timer_channel_complementary_output_state_config 0x0800b3e7   Thumb Code    58  gd32f30x_timer.o(.text)
    timer_channel_input_struct_para_init     0x0800b421   Thumb Code    14  gd32f30x_timer.o(.text)
    timer_channel_input_capture_prescaler_config 0x0800b42f   Thumb Code    78  gd32f30x_timer.o(.text)
    timer_input_capture_config               0x0800b47d   Thumb Code   298  gd32f30x_timer.o(.text)
    timer_channel_capture_value_register_read 0x0800b5a7   Thumb Code    34  gd32f30x_timer.o(.text)
    timer_input_pwm_capture_config           0x0800b5c9   Thumb Code   332  gd32f30x_timer.o(.text)
    timer_hall_mode_config                   0x0800b715   Thumb Code    24  gd32f30x_timer.o(.text)
    timer_input_trigger_source_select        0x0800b72d   Thumb Code    16  gd32f30x_timer.o(.text)
    timer_master_output_trigger_source_select 0x0800b73d   Thumb Code    16  gd32f30x_timer.o(.text)
    timer_slave_mode_select                  0x0800b74d   Thumb Code    16  gd32f30x_timer.o(.text)
    timer_master_slave_mode_config           0x0800b75d   Thumb Code    24  gd32f30x_timer.o(.text)
    timer_external_trigger_config            0x0800b775   Thumb Code    28  gd32f30x_timer.o(.text)
    timer_quadrature_decoder_mode_config     0x0800b791   Thumb Code    64  gd32f30x_timer.o(.text)
    timer_internal_clock_config              0x0800b7d1   Thumb Code    10  gd32f30x_timer.o(.text)
    timer_internal_trigger_as_external_clock_config 0x0800b7db   Thumb Code    26  gd32f30x_timer.o(.text)
    timer_external_trigger_as_external_clock_config 0x0800b7f5   Thumb Code   156  gd32f30x_timer.o(.text)
    timer_external_clock_mode0_config        0x0800b891   Thumb Code    26  gd32f30x_timer.o(.text)
    timer_external_clock_mode1_config        0x0800b8ab   Thumb Code    18  gd32f30x_timer.o(.text)
    timer_external_clock_mode1_disable       0x0800b8bd   Thumb Code    10  gd32f30x_timer.o(.text)
    timer_write_chxval_register_config       0x0800b8c7   Thumb Code    30  gd32f30x_timer.o(.text)
    timer_output_value_selection_config      0x0800b8e5   Thumb Code    30  gd32f30x_timer.o(.text)
    usart_deinit                             0x0800b905   Thumb Code    80  gd32f30x_usart.o(.text)
    usart_baudrate_set                       0x0800b955   Thumb Code    78  gd32f30x_usart.o(.text)
    usart_parity_config                      0x0800b9a3   Thumb Code    16  gd32f30x_usart.o(.text)
    usart_word_length_set                    0x0800b9b3   Thumb Code    16  gd32f30x_usart.o(.text)
    usart_stop_bit_set                       0x0800b9c3   Thumb Code    16  gd32f30x_usart.o(.text)
    usart_enable                             0x0800b9d3   Thumb Code    10  gd32f30x_usart.o(.text)
    usart_disable                            0x0800b9dd   Thumb Code    10  gd32f30x_usart.o(.text)
    usart_transmit_config                    0x0800b9e7   Thumb Code    20  gd32f30x_usart.o(.text)
    usart_receive_config                     0x0800b9fb   Thumb Code    20  gd32f30x_usart.o(.text)
    usart_data_first_config                  0x0800ba0f   Thumb Code    18  gd32f30x_usart.o(.text)
    usart_invert_config                      0x0800ba21   Thumb Code    76  gd32f30x_usart.o(.text)
    usart_receiver_timeout_enable            0x0800ba6d   Thumb Code    12  gd32f30x_usart.o(.text)
    usart_receiver_timeout_disable           0x0800ba79   Thumb Code    12  gd32f30x_usart.o(.text)
    usart_receiver_timeout_threshold_config  0x0800ba85   Thumb Code    18  gd32f30x_usart.o(.text)
    usart_data_transmit                      0x0800ba97   Thumb Code     8  gd32f30x_usart.o(.text)
    usart_data_receive                       0x0800ba9f   Thumb Code     8  gd32f30x_usart.o(.text)
    usart_address_config                     0x0800baa7   Thumb Code    20  gd32f30x_usart.o(.text)
    usart_mute_mode_enable                   0x0800babb   Thumb Code    10  gd32f30x_usart.o(.text)
    usart_mute_mode_disable                  0x0800bac5   Thumb Code    10  gd32f30x_usart.o(.text)
    usart_mute_mode_wakeup_config            0x0800bacf   Thumb Code    16  gd32f30x_usart.o(.text)
    usart_lin_mode_enable                    0x0800badf   Thumb Code    10  gd32f30x_usart.o(.text)
    usart_lin_mode_disable                   0x0800bae9   Thumb Code    10  gd32f30x_usart.o(.text)
    usart_lin_break_detection_length_config  0x0800baf3   Thumb Code    20  gd32f30x_usart.o(.text)
    usart_send_break                         0x0800bb07   Thumb Code    10  gd32f30x_usart.o(.text)
    usart_halfduplex_enable                  0x0800bb11   Thumb Code    10  gd32f30x_usart.o(.text)
    usart_halfduplex_disable                 0x0800bb1b   Thumb Code    10  gd32f30x_usart.o(.text)
    usart_synchronous_clock_enable           0x0800bb25   Thumb Code    10  gd32f30x_usart.o(.text)
    usart_synchronous_clock_disable          0x0800bb2f   Thumb Code    10  gd32f30x_usart.o(.text)
    usart_synchronous_clock_config           0x0800bb39   Thumb Code    34  gd32f30x_usart.o(.text)
    usart_guard_time_config                  0x0800bb5b   Thumb Code    18  gd32f30x_usart.o(.text)
    usart_smartcard_mode_enable              0x0800bb6d   Thumb Code    10  gd32f30x_usart.o(.text)
    usart_smartcard_mode_disable             0x0800bb77   Thumb Code    10  gd32f30x_usart.o(.text)
    usart_smartcard_mode_nack_enable         0x0800bb81   Thumb Code    10  gd32f30x_usart.o(.text)
    usart_smartcard_mode_nack_disable        0x0800bb8b   Thumb Code    10  gd32f30x_usart.o(.text)
    usart_smartcard_autoretry_config         0x0800bb95   Thumb Code    24  gd32f30x_usart.o(.text)
    usart_block_length_config                0x0800bbad   Thumb Code    20  gd32f30x_usart.o(.text)
    usart_irda_mode_enable                   0x0800bbc1   Thumb Code    10  gd32f30x_usart.o(.text)
    usart_irda_mode_disable                  0x0800bbcb   Thumb Code    10  gd32f30x_usart.o(.text)
    usart_prescaler_config                   0x0800bbd5   Thumb Code    16  gd32f30x_usart.o(.text)
    usart_irda_lowpower_config               0x0800bbe5   Thumb Code    20  gd32f30x_usart.o(.text)
    usart_hardware_flow_rts_config           0x0800bbf9   Thumb Code    20  gd32f30x_usart.o(.text)
    usart_hardware_flow_cts_config           0x0800bc0d   Thumb Code    20  gd32f30x_usart.o(.text)
    usart_dma_receive_config                 0x0800bc21   Thumb Code    20  gd32f30x_usart.o(.text)
    usart_dma_transmit_config                0x0800bc35   Thumb Code    20  gd32f30x_usart.o(.text)
    usart_flag_get                           0x0800bc49   Thumb Code    22  gd32f30x_usart.o(.text)
    usart_flag_clear                         0x0800bc5f   Thumb Code    18  gd32f30x_usart.o(.text)
    usart_interrupt_enable                   0x0800bc71   Thumb Code    20  gd32f30x_usart.o(.text)
    usart_interrupt_disable                  0x0800bc85   Thumb Code    20  gd32f30x_usart.o(.text)
    usart_interrupt_flag_get                 0x0800bc99   Thumb Code    46  gd32f30x_usart.o(.text)
    usart_interrupt_flag_clear               0x0800bcc7   Thumb Code    18  gd32f30x_usart.o(.text)
    rcu_flag_get                             0x0800bce1   Thumb Code    28  gd32f30x_rcu.o(.text)
    rcu_osci_stab_wait                       0x0800bcfd   Thumb Code   206  gd32f30x_rcu.o(.text)
    rcu_deinit                               0x0800bdcb   Thumb Code    80  gd32f30x_rcu.o(.text)
    rcu_periph_clock_enable                  0x0800be1b   Thumb Code    22  gd32f30x_rcu.o(.text)
    rcu_periph_clock_disable                 0x0800be31   Thumb Code    22  gd32f30x_rcu.o(.text)
    rcu_periph_clock_sleep_enable            0x0800be47   Thumb Code    22  gd32f30x_rcu.o(.text)
    rcu_periph_clock_sleep_disable           0x0800be5d   Thumb Code    22  gd32f30x_rcu.o(.text)
    rcu_periph_reset_enable                  0x0800be73   Thumb Code    22  gd32f30x_rcu.o(.text)
    rcu_periph_reset_disable                 0x0800be89   Thumb Code    22  gd32f30x_rcu.o(.text)
    rcu_bkp_reset_enable                     0x0800be9f   Thumb Code    12  gd32f30x_rcu.o(.text)
    rcu_bkp_reset_disable                    0x0800beab   Thumb Code    12  gd32f30x_rcu.o(.text)
    rcu_system_clock_source_config           0x0800beb7   Thumb Code    14  gd32f30x_rcu.o(.text)
    rcu_system_clock_source_get              0x0800bec5   Thumb Code    10  gd32f30x_rcu.o(.text)
    rcu_ahb_clock_config                     0x0800becf   Thumb Code    14  gd32f30x_rcu.o(.text)
    rcu_apb1_clock_config                    0x0800bedd   Thumb Code    14  gd32f30x_rcu.o(.text)
    rcu_apb2_clock_config                    0x0800beeb   Thumb Code    14  gd32f30x_rcu.o(.text)
    rcu_ckout0_config                        0x0800bef9   Thumb Code    14  gd32f30x_rcu.o(.text)
    rcu_pll_config                           0x0800bf07   Thumb Code    18  gd32f30x_rcu.o(.text)
    rcu_pllpresel_config                     0x0800bf19   Thumb Code    14  gd32f30x_rcu.o(.text)
    rcu_predv0_config                        0x0800bf27   Thumb Code    20  gd32f30x_rcu.o(.text)
    rcu_adc_clock_config                     0x0800bf3b   Thumb Code    74  gd32f30x_rcu.o(.text)
    rcu_usb_clock_config                     0x0800bf85   Thumb Code    14  gd32f30x_rcu.o(.text)
    rcu_rtc_clock_config                     0x0800bf93   Thumb Code    14  gd32f30x_rcu.o(.text)
    rcu_ck48m_clock_config                   0x0800bfa1   Thumb Code    16  gd32f30x_rcu.o(.text)
    rcu_lxtal_drive_capability_config        0x0800bfb1   Thumb Code    14  gd32f30x_rcu.o(.text)
    rcu_osci_on                              0x0800bfbf   Thumb Code    22  gd32f30x_rcu.o(.text)
    rcu_osci_off                             0x0800bfd5   Thumb Code    22  gd32f30x_rcu.o(.text)
    rcu_osci_bypass_mode_enable              0x0800bfeb   Thumb Code    54  gd32f30x_rcu.o(.text)
    rcu_osci_bypass_mode_disable             0x0800c021   Thumb Code    54  gd32f30x_rcu.o(.text)
    rcu_irc8m_adjust_value_set               0x0800c057   Thumb Code    20  gd32f30x_rcu.o(.text)
    rcu_hxtal_clock_monitor_enable           0x0800c06b   Thumb Code    12  gd32f30x_rcu.o(.text)
    rcu_hxtal_clock_monitor_disable          0x0800c077   Thumb Code    12  gd32f30x_rcu.o(.text)
    rcu_deepsleep_voltage_set                0x0800c083   Thumb Code    10  gd32f30x_rcu.o(.text)
    rcu_clock_freq_get                       0x0800c08d   Thumb Code   268  gd32f30x_rcu.o(.text)
    rcu_all_reset_flag_clear                 0x0800c199   Thumb Code    12  gd32f30x_rcu.o(.text)
    rcu_interrupt_flag_get                   0x0800c1a5   Thumb Code    28  gd32f30x_rcu.o(.text)
    rcu_interrupt_flag_clear                 0x0800c1c1   Thumb Code    22  gd32f30x_rcu.o(.text)
    rcu_interrupt_enable                     0x0800c1d7   Thumb Code    22  gd32f30x_rcu.o(.text)
    rcu_interrupt_disable                    0x0800c1ed   Thumb Code    22  gd32f30x_rcu.o(.text)
    nvic_priority_group_set                  0x0800c211   Thumb Code    10  gd32f30x_misc.o(.text)
    nvic_irq_enable                          0x0800c21b   Thumb Code   144  gd32f30x_misc.o(.text)
    nvic_irq_disable                         0x0800c2ab   Thumb Code    22  gd32f30x_misc.o(.text)
    nvic_vector_table_set                    0x0800c2c1   Thumb Code    18  gd32f30x_misc.o(.text)
    system_lowpower_set                      0x0800c2d3   Thumb Code    12  gd32f30x_misc.o(.text)
    system_lowpower_reset                    0x0800c2df   Thumb Code    12  gd32f30x_misc.o(.text)
    systick_clksource_set                    0x0800c2eb   Thumb Code    24  gd32f30x_misc.o(.text)
    fmc_wscnt_set                            0x0800c311   Thumb Code    14  gd32f30x_fmc.o(.text)
    fmc_unlock                               0x0800c31f   Thumb Code    38  gd32f30x_fmc.o(.text)
    fmc_bank0_unlock                         0x0800c345   Thumb Code    18  gd32f30x_fmc.o(.text)
    fmc_bank1_unlock                         0x0800c357   Thumb Code    18  gd32f30x_fmc.o(.text)
    fmc_lock                                 0x0800c369   Thumb Code    30  gd32f30x_fmc.o(.text)
    fmc_bank0_lock                           0x0800c387   Thumb Code    12  gd32f30x_fmc.o(.text)
    fmc_bank1_lock                           0x0800c393   Thumb Code    12  gd32f30x_fmc.o(.text)
    fmc_bank0_state_get                      0x0800c39f   Thumb Code    34  gd32f30x_fmc.o(.text)
    fmc_bank0_ready_wait                     0x0800c3c1   Thumb Code    22  gd32f30x_fmc.o(.text)
    fmc_bank1_state_get                      0x0800c3d7   Thumb Code    34  gd32f30x_fmc.o(.text)
    fmc_bank1_ready_wait                     0x0800c3f9   Thumb Code    22  gd32f30x_fmc.o(.text)
    fmc_page_erase                           0x0800c40f   Thumb Code   120  gd32f30x_fmc.o(.text)
    fmc_mass_erase                           0x0800c487   Thumb Code   140  gd32f30x_fmc.o(.text)
    fmc_bank0_erase                          0x0800c513   Thumb Code    48  gd32f30x_fmc.o(.text)
    fmc_bank1_erase                          0x0800c543   Thumb Code    48  gd32f30x_fmc.o(.text)
    fmc_word_program                         0x0800c573   Thumb Code    98  gd32f30x_fmc.o(.text)
    fmc_halfword_program                     0x0800c5d5   Thumb Code    98  gd32f30x_fmc.o(.text)
    fmc_word_reprogram                       0x0800c637   Thumb Code   122  gd32f30x_fmc.o(.text)
    ob_unlock                                0x0800c6b1   Thumb Code    18  gd32f30x_fmc.o(.text)
    ob_lock                                  0x0800c6c3   Thumb Code    12  gd32f30x_fmc.o(.text)
    ob_spc_get                               0x0800c6cf   Thumb Code    14  gd32f30x_fmc.o(.text)
    ob_erase                                 0x0800c6dd   Thumb Code   124  gd32f30x_fmc.o(.text)
    ob_write_protection_enable               0x0800c759   Thumb Code   126  gd32f30x_fmc.o(.text)
    ob_security_protection_config            0x0800c7d7   Thumb Code    94  gd32f30x_fmc.o(.text)
    ob_user_write                            0x0800c835   Thumb Code    76  gd32f30x_fmc.o(.text)
    ob_data_program                          0x0800c881   Thumb Code    50  gd32f30x_fmc.o(.text)
    ob_user_get                              0x0800c8b3   Thumb Code    10  gd32f30x_fmc.o(.text)
    ob_data_get                              0x0800c8bd   Thumb Code    10  gd32f30x_fmc.o(.text)
    ob_write_protection_get                  0x0800c8c7   Thumb Code     6  gd32f30x_fmc.o(.text)
    fmc_interrupt_enable                     0x0800c8cd   Thumb Code    22  gd32f30x_fmc.o(.text)
    fmc_interrupt_disable                    0x0800c8e3   Thumb Code    22  gd32f30x_fmc.o(.text)
    fmc_flag_get                             0x0800c8f9   Thumb Code    28  gd32f30x_fmc.o(.text)
    fmc_flag_clear                           0x0800c915   Thumb Code    22  gd32f30x_fmc.o(.text)
    fmc_interrupt_flag_get                   0x0800c92b   Thumb Code    62  gd32f30x_fmc.o(.text)
    fmc_interrupt_flag_clear                 0x0800c969   Thumb Code    22  gd32f30x_fmc.o(.text)
    dma_deinit                               0x0800c98d   Thumb Code    54  gd32f30x_dma.o(.text)
    dma_struct_para_init                     0x0800c9c3   Thumb Code    26  gd32f30x_dma.o(.text)
    dma_init                                 0x0800c9dd   Thumb Code   120  gd32f30x_dma.o(.text)
    dma_circulation_enable                   0x0800ca55   Thumb Code    32  gd32f30x_dma.o(.text)
    dma_circulation_disable                  0x0800ca75   Thumb Code    32  gd32f30x_dma.o(.text)
    dma_memory_to_memory_enable              0x0800ca95   Thumb Code    32  gd32f30x_dma.o(.text)
    dma_memory_to_memory_disable             0x0800cab5   Thumb Code    32  gd32f30x_dma.o(.text)
    dma_channel_enable                       0x0800cad5   Thumb Code    32  gd32f30x_dma.o(.text)
    dma_channel_disable                      0x0800caf5   Thumb Code    32  gd32f30x_dma.o(.text)
    dma_periph_address_config                0x0800cb15   Thumb Code    28  gd32f30x_dma.o(.text)
    dma_memory_address_config                0x0800cb31   Thumb Code    28  gd32f30x_dma.o(.text)
    dma_transfer_number_config               0x0800cb4d   Thumb Code    30  gd32f30x_dma.o(.text)
    dma_transfer_number_get                  0x0800cb6b   Thumb Code    26  gd32f30x_dma.o(.text)
    dma_priority_config                      0x0800cb85   Thumb Code    36  gd32f30x_dma.o(.text)
    dma_memory_width_config                  0x0800cba9   Thumb Code    36  gd32f30x_dma.o(.text)
    dma_periph_width_config                  0x0800cbcd   Thumb Code    36  gd32f30x_dma.o(.text)
    dma_memory_increase_enable               0x0800cbf1   Thumb Code    32  gd32f30x_dma.o(.text)
    dma_memory_increase_disable              0x0800cc11   Thumb Code    32  gd32f30x_dma.o(.text)
    dma_periph_increase_enable               0x0800cc31   Thumb Code    32  gd32f30x_dma.o(.text)
    dma_periph_increase_disable              0x0800cc51   Thumb Code    32  gd32f30x_dma.o(.text)
    dma_transfer_direction_config            0x0800cc71   Thumb Code    42  gd32f30x_dma.o(.text)
    dma_flag_get                             0x0800cc9b   Thumb Code    14  gd32f30x_dma.o(.text)
    dma_flag_clear                           0x0800cca9   Thumb Code    12  gd32f30x_dma.o(.text)
    dma_interrupt_flag_get                   0x0800ccb5   Thumb Code    74  gd32f30x_dma.o(.text)
    dma_interrupt_flag_clear                 0x0800ccff   Thumb Code    12  gd32f30x_dma.o(.text)
    dma_interrupt_enable                     0x0800cd0b   Thumb Code    32  gd32f30x_dma.o(.text)
    dma_interrupt_disable                    0x0800cd2b   Thumb Code    32  gd32f30x_dma.o(.text)
    can_deinit                               0x0800cd61   Thumb Code    30  gd32f30x_can.o(.text)
    can_struct_para_init                     0x0800cd7f   Thumb Code   124  gd32f30x_can.o(.text)
    can_init                                 0x0800cdfb   Thumb Code   254  gd32f30x_can.o(.text)
    can_filter_init                          0x0800cef9   Thumb Code   200  gd32f30x_can.o(.text)
    can1_filter_start_bank                   0x0800cfc1   Thumb Code    42  gd32f30x_can.o(.text)
    can_debug_freeze_enable                  0x0800cfeb   Thumb Code    24  gd32f30x_can.o(.text)
    can_debug_freeze_disable                 0x0800d003   Thumb Code    24  gd32f30x_can.o(.text)
    can_time_trigger_mode_enable             0x0800d01b   Thumb Code    36  gd32f30x_can.o(.text)
    can_time_trigger_mode_disable            0x0800d03f   Thumb Code    36  gd32f30x_can.o(.text)
    can_message_transmit                     0x0800d063   Thumb Code   156  gd32f30x_can.o(.text)
    can_transmit_states                      0x0800d0ff   Thumb Code    98  gd32f30x_can.o(.text)
    can_transmission_stop                    0x0800d161   Thumb Code    58  gd32f30x_can.o(.text)
    can_message_receive                      0x0800d19b   Thumb Code   142  gd32f30x_can.o(.text)
    can_fifo_release                         0x0800d229   Thumb Code    28  gd32f30x_can.o(.text)
    can_receive_message_length_get           0x0800d245   Thumb Code    22  gd32f30x_can.o(.text)
    can_working_mode_set                     0x0800d25b   Thumb Code   134  gd32f30x_can.o(.text)
    can_wakeup                               0x0800d2e1   Thumb Code    40  gd32f30x_can.o(.text)
    can_error_get                            0x0800d309   Thumb Code     8  gd32f30x_can.o(.text)
    can_receive_error_number_get             0x0800d311   Thumb Code     6  gd32f30x_can.o(.text)
    can_transmit_error_number_get            0x0800d317   Thumb Code     8  gd32f30x_can.o(.text)
    can_flag_get                             0x0800d31f   Thumb Code    22  gd32f30x_can.o(.text)
    can_flag_clear                           0x0800d335   Thumb Code    16  gd32f30x_can.o(.text)
    can_interrupt_enable                     0x0800d345   Thumb Code     8  gd32f30x_can.o(.text)
    can_interrupt_disable                    0x0800d34d   Thumb Code     8  gd32f30x_can.o(.text)
    can_interrupt_flag_get                   0x0800d355   Thumb Code    92  gd32f30x_can.o(.text)
    can_interrupt_flag_clear                 0x0800d3b1   Thumb Code    16  gd32f30x_can.o(.text)
    dbg_deinit                               0x0800d3c1   Thumb Code     8  gd32f30x_dbg.o(.text)
    dbg_id_get                               0x0800d3c9   Thumb Code     6  gd32f30x_dbg.o(.text)
    dbg_low_power_enable                     0x0800d3cf   Thumb Code    10  gd32f30x_dbg.o(.text)
    dbg_low_power_disable                    0x0800d3d9   Thumb Code    10  gd32f30x_dbg.o(.text)
    dbg_periph_enable                        0x0800d3e3   Thumb Code    22  gd32f30x_dbg.o(.text)
    dbg_periph_disable                       0x0800d3f9   Thumb Code    22  gd32f30x_dbg.o(.text)
    dbg_trace_pin_enable                     0x0800d40f   Thumb Code    12  gd32f30x_dbg.o(.text)
    dbg_trace_pin_disable                    0x0800d41b   Thumb Code    12  gd32f30x_dbg.o(.text)
    fwdgt_write_enable                       0x0800d42d   Thumb Code    10  gd32f30x_fwdgt.o(.text)
    fwdgt_write_disable                      0x0800d437   Thumb Code     8  gd32f30x_fwdgt.o(.text)
    fwdgt_enable                             0x0800d43f   Thumb Code    10  gd32f30x_fwdgt.o(.text)
    fwdgt_prescaler_value_config             0x0800d449   Thumb Code    38  gd32f30x_fwdgt.o(.text)
    fwdgt_reload_value_config                0x0800d46f   Thumb Code    42  gd32f30x_fwdgt.o(.text)
    fwdgt_counter_reload                     0x0800d499   Thumb Code    10  gd32f30x_fwdgt.o(.text)
    fwdgt_config                             0x0800d4a3   Thumb Code    72  gd32f30x_fwdgt.o(.text)
    fwdgt_flag_get                           0x0800d4eb   Thumb Code    16  gd32f30x_fwdgt.o(.text)
    adc_deinit                               0x0800d505   Thumb Code    54  gd32f30x_adc.o(.text)
    adc_enable                               0x0800d53b   Thumb Code    16  gd32f30x_adc.o(.text)
    adc_disable                              0x0800d54b   Thumb Code    10  gd32f30x_adc.o(.text)
    adc_calibration_enable                   0x0800d555   Thumb Code    30  gd32f30x_adc.o(.text)
    adc_dma_mode_enable                      0x0800d573   Thumb Code    10  gd32f30x_adc.o(.text)
    adc_dma_mode_disable                     0x0800d57d   Thumb Code    10  gd32f30x_adc.o(.text)
    adc_tempsensor_vrefint_enable            0x0800d587   Thumb Code    12  gd32f30x_adc.o(.text)
    adc_tempsensor_vrefint_disable           0x0800d593   Thumb Code    12  gd32f30x_adc.o(.text)
    adc_resolution_config                    0x0800d59f   Thumb Code    18  gd32f30x_adc.o(.text)
    adc_discontinuous_mode_config            0x0800d5b1   Thumb Code    56  gd32f30x_adc.o(.text)
    adc_mode_config                          0x0800d5e9   Thumb Code    20  gd32f30x_adc.o(.text)
    adc_special_function_config              0x0800d5fd   Thumb Code    82  gd32f30x_adc.o(.text)
    adc_data_alignment_config                0x0800d64f   Thumb Code    20  gd32f30x_adc.o(.text)
    adc_channel_length_config                0x0800d663   Thumb Code    54  gd32f30x_adc.o(.text)
    adc_regular_channel_config               0x0800d699   Thumb Code   126  gd32f30x_adc.o(.text)
    adc_inserted_channel_config              0x0800d717   Thumb Code    80  gd32f30x_adc.o(.text)
    adc_inserted_channel_offset_config       0x0800d767   Thumb Code    28  gd32f30x_adc.o(.text)
    adc_external_trigger_config              0x0800d783   Thumb Code    54  gd32f30x_adc.o(.text)
    adc_external_trigger_source_config       0x0800d7b9   Thumb Code    32  gd32f30x_adc.o(.text)
    adc_software_trigger_enable              0x0800d7d9   Thumb Code    26  gd32f30x_adc.o(.text)
    adc_regular_data_read                    0x0800d7f3   Thumb Code     6  gd32f30x_adc.o(.text)
    adc_inserted_data_read                   0x0800d7f9   Thumb Code    36  gd32f30x_adc.o(.text)
    adc_sync_mode_convert_value_read         0x0800d81d   Thumb Code     8  gd32f30x_adc.o(.text)
    adc_flag_get                             0x0800d825   Thumb Code    14  gd32f30x_adc.o(.text)
    adc_flag_clear                           0x0800d833   Thumb Code     6  gd32f30x_adc.o(.text)
    adc_interrupt_flag_get                   0x0800d839   Thumb Code    62  gd32f30x_adc.o(.text)
    adc_interrupt_flag_clear                 0x0800d877   Thumb Code     6  gd32f30x_adc.o(.text)
    adc_interrupt_enable                     0x0800d87d   Thumb Code    38  gd32f30x_adc.o(.text)
    adc_interrupt_disable                    0x0800d8a3   Thumb Code    38  gd32f30x_adc.o(.text)
    adc_watchdog_single_channel_enable       0x0800d8c9   Thumb Code    40  gd32f30x_adc.o(.text)
    adc_watchdog_group_channel_enable        0x0800d8f1   Thumb Code    46  gd32f30x_adc.o(.text)
    adc_watchdog_disable                     0x0800d91f   Thumb Code    12  gd32f30x_adc.o(.text)
    adc_watchdog_threshold_config            0x0800d92b   Thumb Code    14  gd32f30x_adc.o(.text)
    adc_oversample_mode_config               0x0800d939   Thumb Code    46  gd32f30x_adc.o(.text)
    adc_oversample_mode_enable               0x0800d967   Thumb Code    12  gd32f30x_adc.o(.text)
    adc_oversample_mode_disable              0x0800d973   Thumb Code    12  gd32f30x_adc.o(.text)
    HardFaultHandler                         0x0800d985   Thumb Code   818  segger_hardfaulthandler.o(.text)
    dat_para_local_write                     0x0800e257   Thumb Code   136  dat_para.o(.text)
    dat_para_NoProtected_write               0x0800e2df   Thumb Code   156  dat_para.o(.text)
    Clear_WritePara_Protected                0x0800e37b   Thumb Code   142  dat_para.o(.text)
    GetVar                                   0x0800e409   Thumb Code    46  dat_para.o(.text)
    SetEMSVar                                0x0800e437   Thumb Code    34  dat_para.o(.text)
    getVarAddr                               0x0800e459   Thumb Code    28  dat_para.o(.text)
    ArrayDataIntial                          0x0800e475   Thumb Code   890  dat_para.o(.text)
    modbus_host_06cmd_write                  0x0800e7f1   Thumb Code    90  modbus_host.o(.text)
    modbus_host_10cmd_write                  0x0800e84b   Thumb Code   196  modbus_host.o(.text)
    ack_info_deal                            0x0800e971   Thumb Code   248  modbus_host.o(.text)
    Check_DSP_Info                           0x0800ea69   Thumb Code   502  modbus_host.o(.text)
    Get_Dsp_Info_Fuc                         0x0800ec5f   Thumb Code    66  modbus_host.o(.text)
    PCS_Check_Host_or_Slave                  0x0800eca1   Thumb Code    20  modbus_host.o(.text)
    MODSlave_Poll                            0x0800eee7   Thumb Code   194  modbus_slave.o(.text)
    ArmToDspUartSendTask                     0x0800efa9   Thumb Code    48  modbus_slave.o(.text)
    InitQueue                                0x0800f0ad   Thumb Code    70  myqueue.o(.text)
    IntQueue                                 0x0800f0f3   Thumb Code    78  myqueue.o(.text)
    OutQueue                                 0x0800f141   Thumb Code    60  myqueue.o(.text)
    __aeabi_memcpy                           0x0800f181   Thumb Code    36  memcpya.o(.text)
    __aeabi_memcpy4                          0x0800f181   Thumb Code     0  memcpya.o(.text)
    __aeabi_memcpy8                          0x0800f181   Thumb Code     0  memcpya.o(.text)
    __aeabi_memset                           0x0800f1a5   Thumb Code    14  memseta.o(.text)
    __aeabi_memset4                          0x0800f1a5   Thumb Code     0  memseta.o(.text)
    __aeabi_memset8                          0x0800f1a5   Thumb Code     0  memseta.o(.text)
    __aeabi_memclr                           0x0800f1b3   Thumb Code     4  memseta.o(.text)
    __aeabi_memclr4                          0x0800f1b3   Thumb Code     0  memseta.o(.text)
    __aeabi_memclr8                          0x0800f1b3   Thumb Code     0  memseta.o(.text)
    _memset$wrapper                          0x0800f1b7   Thumb Code    18  memseta.o(.text)
    strlen                                   0x0800f1c9   Thumb Code    14  strlen.o(.text)
    __aeabi_dadd                             0x0800f1d7   Thumb Code   322  dadd.o(.text)
    __aeabi_dsub                             0x0800f319   Thumb Code     6  dadd.o(.text)
    __aeabi_drsub                            0x0800f31f   Thumb Code     6  dadd.o(.text)
    __aeabi_ddiv                             0x0800f325   Thumb Code   222  ddiv.o(.text)
    __aeabi_f2d                              0x0800f403   Thumb Code    38  f2d.o(.text)
    __aeabi_d2f                              0x0800f429   Thumb Code    56  d2f.o(.text)
    __aeabi_uldivmod                         0x0800f461   Thumb Code    98  uldiv.o(.text)
    __aeabi_llsl                             0x0800f4c3   Thumb Code    30  llshl.o(.text)
    _ll_shift_l                              0x0800f4c3   Thumb Code     0  llshl.o(.text)
    __aeabi_lasr                             0x0800f4e1   Thumb Code    36  llsshr.o(.text)
    _ll_sshift_r                             0x0800f4e1   Thumb Code     0  llsshr.o(.text)
    __I$use$fp                               0x0800f505   Thumb Code     0  iusefp.o(.text)
    _float_round                             0x0800f505   Thumb Code    18  fepilogue.o(.text)
    _float_epilogue                          0x0800f517   Thumb Code    92  fepilogue.o(.text)
    _double_round                            0x0800f573   Thumb Code    30  depilogue.o(.text)
    _double_epilogue                         0x0800f591   Thumb Code   156  depilogue.o(.text)
    __aeabi_dmul                             0x0800f62d   Thumb Code   228  dmul.o(.text)
    __aeabi_i2d                              0x0800f711   Thumb Code    34  dflti.o(.text)
    __aeabi_cdcmpeq                          0x0800f735   Thumb Code     0  cdcmple.o(.text)
    __aeabi_cdcmple                          0x0800f735   Thumb Code    48  cdcmple.o(.text)
    __scatterload                            0x0800f765   Thumb Code    28  init.o(.text)
    __scatterload_rt2                        0x0800f765   Thumb Code     0  init.o(.text)
    __aeabi_llsr                             0x0800f789   Thumb Code    32  llushr.o(.text)
    _ll_ushift_r                             0x0800f789   Thumb Code     0  llushr.o(.text)
    __decompress                             0x0800f7a9   Thumb Code     0  __dczerorl2.o(.text)
    __decompress1                            0x0800f7a9   Thumb Code    86  __dczerorl2.o(.text)
    HardFault_Handler                        0x0800f801   Thumb Code     0  hardfaulthandler.o(OSKERNEL)
    __0printf$5                              0x0800f815   Thumb Code    22  printf5.o(i.__0printf$5)
    __1printf$5                              0x0800f815   Thumb Code     0  printf5.o(i.__0printf$5)
    __2printf                                0x0800f815   Thumb Code     0  printf5.o(i.__0printf$5)
    __0sprintf$5                             0x0800f835   Thumb Code    34  printf5.o(i.__0sprintf$5)
    __1sprintf$5                             0x0800f835   Thumb Code     0  printf5.o(i.__0sprintf$5)
    __2sprintf                               0x0800f835   Thumb Code     0  printf5.o(i.__0sprintf$5)
    __hardfp_log                             0x0800f861   Thumb Code   872  log.o(i.__hardfp_log)
    __kernel_poly                            0x0800fc25   Thumb Code   248  poly.o(i.__kernel_poly)
    __mathlib_dbl_divzero                    0x0800fd21   Thumb Code    28  dunder.o(i.__mathlib_dbl_divzero)
    __mathlib_dbl_infnan                     0x0800fd51   Thumb Code    20  dunder.o(i.__mathlib_dbl_infnan)
    __mathlib_dbl_invalid                    0x0800fd69   Thumb Code    24  dunder.o(i.__mathlib_dbl_invalid)
    __scatterload_copy                       0x0800fd89   Thumb Code    14  handlers.o(i.__scatterload_copy)
    __scatterload_null                       0x0800fd97   Thumb Code     2  handlers.o(i.__scatterload_null)
    __scatterload_zeroinit                   0x0800fd99   Thumb Code    14  handlers.o(i.__scatterload_zeroinit)
    __set_errno                              0x0800fda9   Thumb Code     6  errno.o(i.__set_errno)
    auchCRCHi                                0x08010080   Data         256  sysfuc.o(.constdata)
    auchCRCLo                                0x08010180   Data         256  sysfuc.o(.constdata)
    s_CRCHi                                  0x08010780   Data         256  app_slaveiap.o(.constdata)
    s_CRCLo                                  0x08010980   Data         256  bsp_user_lib.o(.constdata)
    __mathlib_zero                           0x08010ab8   Data           8  qnan.o(.constdata)
    Region$$Table$$Base                      0x08010ac0   Number         0  anon$$obj.o(Region$$Table)
    Region$$Table$$Limit                     0x08010ae0   Number         0  anon$$obj.o(Region$$Table)
    SystemCoreClock                          0x20000000   Data           4  system_gd32f30x.o(.data)
    StopSend                                 0x20000004   Data           1  main.o(.data)
    xHandleTaskLed                           0x20000008   Data           4  main.o(.data)
    xHandleTaskCanMsg                        0x2000000c   Data           4  main.o(.data)
    xHandleTaskExCommMsg                     0x20000010   Data           4  main.o(.data)
    xHandleTaskInCommMsg                     0x20000014   Data           4  main.o(.data)
    xHandleTaskDisplaySegLed                 0x20000018   Data           4  main.o(.data)
    xHandleTasDspStatusInquiry               0x2000001c   Data           4  main.o(.data)
    xHandleTaskDspOTA                        0x20000020   Data           4  main.o(.data)
    xHandleTaskInCommOTA                     0x20000024   Data           4  main.o(.data)
    xHandleTaskFeeDog                        0x20000028   Data           4  main.o(.data)
    xHandleTaskDspReplyDataDeal              0x2000002c   Data           4  main.o(.data)
    xHandleTaskArmToDspUartSend              0x20000030   Data           4  main.o(.data)
    xParamQueue                              0x20000034   Data           4  main.o(.data)
    xInCommQueue                             0x20000038   Data           4  main.o(.data)
    xExCommQueue                             0x2000003c   Data           4  main.o(.data)
    xCanCommQueue                            0x20000040   Data           4  main.o(.data)
    semap_inv_urt_rcv_done                   0x20000044   Data           4  main.o(.data)
    semap_bms_urt_rcv_done                   0x20000048   Data           4  main.o(.data)
    semap_wifi_urt_rcv_done                  0x2000004c   Data           4  main.o(.data)
    semap_para_set                           0x20000050   Data           4  main.o(.data)
    semap_inv_ota_ready                      0x20000054   Data           4  main.o(.data)
    g_Flag_IAPSlave                          0x2000005c   Data           1  app_slaveiap.o(.data)
    g_Flag_StartIap                          0x2000005d   Data           1  app_slaveiap.o(.data)
    DspRespondFlag                           0x2000005e   Data           1  app_slaveiap.o(.data)
    u8Iap_Respond                            0x2000005f   Data           1  app_slaveiap.o(.data)
    ProgramDataIndex                         0x20000060   Data           1  app_slaveiap.o(.data)
    Iap_u8IapSta                             0x20000061   Data           1  app_slaveiap.o(.data)
    OneFrameRseOverFlag                      0x20000062   Data           1  app_slaveiap.o(.data)
    Iap_PrepareFlag                          0x20000063   Data           1  app_slaveiap.o(.data)
    Dsp_StartIapFlag                         0x20000064   Data           1  app_slaveiap.o(.data)
    DspStartFlag                             0x20000065   Data           1  app_slaveiap.o(.data)
    BinDataSumCheck                          0x20000068   Data           2  app_slaveiap.o(.data)
    FrameNumberSum                           0x2000006a   Data           2  app_slaveiap.o(.data)
    FrameCrc16                               0x2000006c   Data           2  app_slaveiap.o(.data)
    FrameSequenceNumber                      0x2000006e   Data           2  app_slaveiap.o(.data)
    sum                                      0x20000070   Data           2  app_slaveiap.o(.data)
    Iap_u32TimeOut                           0x20000074   Data           4  app_slaveiap.o(.data)
    DspSoftVersion                           0x20000078   Data           4  app_slaveiap.o(.data)
    Fram_Length                              0x2000007c   Data           4  app_slaveiap.o(.data)
    batton_on_pcs                            0x20000080   Data           1  bsp_led.o(.data)
    g_ulRunTime                              0x20000098   Data           4  bsp_timer.o(.data)
    ulHighFrequencyTimerTicks                0x200000ac   Data           4  sysinfotest.o(.data)
    status_f                                 0x200000d0   Data           1  bsp_digital_tube.o(.data)
    status_c                                 0x200000d1   Data           1  bsp_digital_tube.o(.data)
    status_run                               0x200000d2   Data           1  bsp_digital_tube.o(.data)
    status_fault                             0x200000d3   Data           1  bsp_digital_tube.o(.data)
    pxCurrentTCB                             0x20000100   Data           4  tasks.o(.data)
    g_inv_slave_addr                         0x2000013c   Data           1  dat_para.o(.data)
    g_slave_addr                             0x2000013d   Data           1  dat_para.o(.data)
    ReadData                                 0x20000142   Data         144  modbus_host.o(.data)
    Com_and_reg_add                          0x200001d4   Data           4  modbus_slave.o(.data)
    __stdout                                 0x200001d8   Data           4  stdout.o(.data)
    Bms_Paramter                             0x20000690   Data          10  app_can.o(.bss)
    ProgramData                              0x2000069a   Data         128  app_slaveiap.o(.bss)
    SysDSP                                   0x2000071a   Data          36  bsp_led.o(.bss)
    bsp_u32AdcValueArry                      0x20000da0   Data         256  bsp_adc.o(.bss)
    ADC_ChangeResult                         0x20000ea0   Data          16  bsp_adc.o(.bss)
    ADC_u32VoltageAverage                    0x20000eb0   Data          12  bsp_adc.o(.bss)
    ADC_u32TempertureAverage                 0x20000ebc   Data          20  bsp_adc.o(.bss)
    xQueueRegistry                           0x200052d0   Data         128  queue.o(.bss)
    HardFaultMsg                             0x200054f4   Data          88  segger_hardfaulthandler.o(.bss)
    g_DSP_Info                               0x2000554c   Data       15512  dat_para.o(.bss)
    g_tModS                                  0x200091e4   Data         270  modbus_slave.o(.bss)
    MyQueue                                  0x200092f2   Data        2583  myqueue.o(.bss)
    __initial_sp                             0x2000bd10   Data           0  startup_gd32f30x_hd.o(STACK)



==============================================================================

Memory Map of the image

  Image Entry point : 0x08006131

  Load Region LR_IROM1 (Base: 0x08006000, Size: 0x0000acc0, Max: 0x0003cfff, ABSOLUTE, COMPRESSED[0x0000ab78])

    Execution Region ER_IROM1 (Exec base: 0x08006000, Load base: 0x08006000, Size: 0x0000aae0, Max: 0x0003cfff, ABSOLUTE)

    Exec Addr    Load Addr    Size         Type   Attr      Idx    E Section Name        Object

    0x08006000   0x08006000   0x00000130   Data   RO           87    RESET               startup_gd32f30x_hd.o
    0x08006130   0x08006130   0x00000000   Code   RO         1493  * .ARM.Collect$$$$00000000  mc_w.l(entry.o)
    0x08006130   0x08006130   0x00000004   Code   RO         1790    .ARM.Collect$$$$00000001  mc_w.l(entry2.o)
    0x08006134   0x08006134   0x00000004   Code   RO         1793    .ARM.Collect$$$$00000004  mc_w.l(entry5.o)
    0x08006138   0x08006138   0x00000000   Code   RO         1795    .ARM.Collect$$$$00000008  mc_w.l(entry7b.o)
    0x08006138   0x08006138   0x00000000   Code   RO         1797    .ARM.Collect$$$$0000000A  mc_w.l(entry8b.o)
    0x08006138   0x08006138   0x00000008   Code   RO         1798    .ARM.Collect$$$$0000000B  mc_w.l(entry9a.o)
    0x08006140   0x08006140   0x00000000   Code   RO         1800    .ARM.Collect$$$$0000000D  mc_w.l(entry10a.o)
    0x08006140   0x08006140   0x00000000   Code   RO         1802    .ARM.Collect$$$$0000000F  mc_w.l(entry11a.o)
    0x08006140   0x08006140   0x00000004   Code   RO         1791    .ARM.Collect$$$$00002712  mc_w.l(entry2.o)
    0x08006144   0x08006144   0x000000b6   Code   RO          913    .emb_text           port.o
    0x080061fa   0x080061fa   0x00000002   PAD
    0x080061fc   0x080061fc   0x000001d8   Code   RO            3    .text               system_gd32f30x.o
    0x080063d4   0x080063d4   0x00000024   Code   RO           88    .text               startup_gd32f30x_hd.o
    0x080063f8   0x080063f8   0x00000744   Code   RO           94    .text               main.o
    0x08006b3c   0x08006b3c   0x0000000a   Code   RO          296    .text               gd32f30x_it.o
    0x08006b46   0x08006b46   0x0000000e   Code   RO          326    .text               app.o
    0x08006b54   0x08006b54   0x000001d8   Code   RO          352    .text               app_can.o
    0x08006d2c   0x08006d2c   0x000000bc   Code   RO          385    .text               sysfuc.o
    0x08006de8   0x08006de8   0x00000708   Code   RO          431    .text               app_slaveiap.o
    0x080074f0   0x080074f0   0x0000002e   Code   RO          484    .text               bsp.o
    0x0800751e   0x0800751e   0x00000002   PAD
    0x08007520   0x08007520   0x0000034c   Code   RO          535    .text               bsp_led.o
    0x0800786c   0x0800786c   0x000001c0   Code   RO          562    .text               bsp_timer.o
    0x08007a2c   0x08007a2c   0x000001b8   Code   RO          585    .text               bsp_i2c_gpio.o
    0x08007be4   0x08007be4   0x000000e0   Code   RO          626    .text               bsp_mcu_flash.o
    0x08007cc4   0x08007cc4   0x000005d8   Code   RO          668    .text               bsp_uart_dma.o
    0x0800829c   0x0800829c   0x000000f4   Code   RO          691    .text               bsp_uart_com.o
    0x08008390   0x08008390   0x00000050   Code   RO          711    .text               bsp_user_lib.o
    0x080083e0   0x080083e0   0x000000d0   Code   RO          734    .text               bsp_dri_can.o
    0x080084b0   0x080084b0   0x00000058   Code   RO          754    .text               bsp_watchdog.o
    0x08008508   0x08008508   0x000001a8   Code   RO          820    .text               can.o
    0x080086b0   0x080086b0   0x00000380   Code   RO          843    .text               bsp_adc.o
    0x08008a30   0x08008a30   0x00000294   Code   RO          891    .text               bsp_digital_tube.o
    0x08008cc4   0x08008cc4   0x00000238   Code   RO          914    .text               port.o
    0x08008efc   0x08008efc   0x000001d0   Code   RO          954    .text               heap_4.o
    0x080090cc   0x080090cc   0x00000088   Code   RO         1023    .text               list.o
    0x08009154   0x08009154   0x00000a04   Code   RO         1035    .text               queue.o
    0x08009b58   0x08009b58   0x00000f40   Code   RO         1054    .text               tasks.o
    0x0800aa98   0x0800aa98   0x00000260   Code   RO         1086    .text               gd32f30x_gpio.o
    0x0800acf8   0x0800acf8   0x00000c0a   Code   RO         1106    .text               gd32f30x_timer.o
    0x0800b902   0x0800b902   0x00000002   PAD
    0x0800b904   0x0800b904   0x000003dc   Code   RO         1127    .text               gd32f30x_usart.o
    0x0800bce0   0x0800bce0   0x00000530   Code   RO         1147    .text               gd32f30x_rcu.o
    0x0800c210   0x0800c210   0x00000100   Code   RO         1190    .text               gd32f30x_misc.o
    0x0800c310   0x0800c310   0x0000067c   Code   RO         1211    .text               gd32f30x_fmc.o
    0x0800c98c   0x0800c98c   0x000003d4   Code   RO         1232    .text               gd32f30x_dma.o
    0x0800cd60   0x0800cd60   0x00000660   Code   RO         1252    .text               gd32f30x_can.o
    0x0800d3c0   0x0800d3c0   0x0000006c   Code   RO         1273    .text               gd32f30x_dbg.o
    0x0800d42c   0x0800d42c   0x000000d8   Code   RO         1293    .text               gd32f30x_fwdgt.o
    0x0800d504   0x0800d504   0x00000480   Code   RO         1313    .text               gd32f30x_adc.o
    0x0800d984   0x0800d984   0x000005a0   Code   RO         1336    .text               segger_hardfaulthandler.o
    0x0800df24   0x0800df24   0x000008ca   Code   RO         1362    .text               dat_para.o
    0x0800e7ee   0x0800e7ee   0x00000002   PAD
    0x0800e7f0   0x0800e7f0   0x00000540   Code   RO         1392    .text               modbus_host.o
    0x0800ed30   0x0800ed30   0x0000037c   Code   RO         1436    .text               modbus_slave.o
    0x0800f0ac   0x0800f0ac   0x000000d4   Code   RO         1461    .text               myqueue.o
    0x0800f180   0x0800f180   0x00000024   Code   RO         1496    .text               mc_w.l(memcpya.o)
    0x0800f1a4   0x0800f1a4   0x00000024   Code   RO         1498    .text               mc_w.l(memseta.o)
    0x0800f1c8   0x0800f1c8   0x0000000e   Code   RO         1500    .text               mc_w.l(strlen.o)
    0x0800f1d6   0x0800f1d6   0x0000014e   Code   RO         1765    .text               mf_w.l(dadd.o)
    0x0800f324   0x0800f324   0x000000de   Code   RO         1767    .text               mf_w.l(ddiv.o)
    0x0800f402   0x0800f402   0x00000026   Code   RO         1769    .text               mf_w.l(f2d.o)
    0x0800f428   0x0800f428   0x00000038   Code   RO         1771    .text               mf_w.l(d2f.o)
    0x0800f460   0x0800f460   0x00000062   Code   RO         1807    .text               mc_w.l(uldiv.o)
    0x0800f4c2   0x0800f4c2   0x0000001e   Code   RO         1809    .text               mc_w.l(llshl.o)
    0x0800f4e0   0x0800f4e0   0x00000024   Code   RO         1811    .text               mc_w.l(llsshr.o)
    0x0800f504   0x0800f504   0x00000000   Code   RO         1820    .text               mc_w.l(iusefp.o)
    0x0800f504   0x0800f504   0x0000006e   Code   RO         1821    .text               mf_w.l(fepilogue.o)
    0x0800f572   0x0800f572   0x000000ba   Code   RO         1823    .text               mf_w.l(depilogue.o)
    0x0800f62c   0x0800f62c   0x000000e4   Code   RO         1825    .text               mf_w.l(dmul.o)
    0x0800f710   0x0800f710   0x00000022   Code   RO         1829    .text               mf_w.l(dflti.o)
    0x0800f732   0x0800f732   0x00000002   PAD
    0x0800f734   0x0800f734   0x00000030   Code   RO         1833    .text               mf_w.l(cdcmple.o)
    0x0800f764   0x0800f764   0x00000024   Code   RO         1837    .text               mc_w.l(init.o)
    0x0800f788   0x0800f788   0x00000020   Code   RO         1839    .text               mc_w.l(llushr.o)
    0x0800f7a8   0x0800f7a8   0x00000056   Code   RO         1849    .text               mc_w.l(__dczerorl2.o)
    0x0800f7fe   0x0800f7fe   0x00000002   PAD
    0x0800f800   0x0800f800   0x00000012   Code   RO         1331    OSKERNEL            hardfaulthandler.o
    0x0800f812   0x0800f812   0x00000002   PAD
    0x0800f814   0x0800f814   0x00000020   Code   RO         1637    i.__0printf$5       mc_w.l(printf5.o)
    0x0800f834   0x0800f834   0x00000028   Code   RO         1639    i.__0sprintf$5      mc_w.l(printf5.o)
    0x0800f85c   0x0800f85c   0x00000004   PAD
    0x0800f860   0x0800f860   0x000003c4   Code   RO         1479    i.__hardfp_log      m_wm.l(log.o)
    0x0800fc24   0x0800fc24   0x000000f8   Code   RO         1787    i.__kernel_poly     m_wm.l(poly.o)
    0x0800fd1c   0x0800fd1c   0x00000004   PAD
    0x0800fd20   0x0800fd20   0x00000030   Code   RO         1773    i.__mathlib_dbl_divzero  m_wm.l(dunder.o)
    0x0800fd50   0x0800fd50   0x00000014   Code   RO         1774    i.__mathlib_dbl_infnan  m_wm.l(dunder.o)
    0x0800fd64   0x0800fd64   0x00000004   PAD
    0x0800fd68   0x0800fd68   0x00000020   Code   RO         1776    i.__mathlib_dbl_invalid  m_wm.l(dunder.o)
    0x0800fd88   0x0800fd88   0x0000000e   Code   RO         1843    i.__scatterload_copy  mc_w.l(handlers.o)
    0x0800fd96   0x0800fd96   0x00000002   Code   RO         1844    i.__scatterload_null  mc_w.l(handlers.o)
    0x0800fd98   0x0800fd98   0x0000000e   Code   RO         1845    i.__scatterload_zeroinit  mc_w.l(handlers.o)
    0x0800fda6   0x0800fda6   0x00000002   PAD
    0x0800fda8   0x0800fda8   0x0000000c   Code   RO         1815    i.__set_errno       mc_w.l(errno.o)
    0x0800fdb4   0x0800fdb4   0x000002c0   Code   RO         1644    i._printf_core      mc_w.l(printf5.o)
    0x08010074   0x08010074   0x0000000a   Code   RO         1646    i._sputc            mc_w.l(printf5.o)
    0x0801007e   0x0801007e   0x00000002   PAD
    0x08010080   0x08010080   0x00000600   Data   RO          386    .constdata          sysfuc.o
    0x08010680   0x08010680   0x00000200   Data   RO          433    .constdata          app_slaveiap.o
    0x08010880   0x08010880   0x00000200   Data   RO          712    .constdata          bsp_user_lib.o
    0x08010a80   0x08010a80   0x00000038   Data   RO         1482    .constdata          m_wm.l(log.o)
    0x08010ab8   0x08010ab8   0x00000008   Data   RO         1789    .constdata          m_wm.l(qnan.o)
    0x08010ac0   0x08010ac0   0x00000020   Data   RO         1841    Region$$Table       anon$$obj.o


    Execution Region RW_IRAM1 (Exec base: 0x20000000, Load base: 0x08010ae0, Size: 0x0000bd10, Max: 0x00010000, ABSOLUTE, COMPRESSED[0x00000098])

    Exec Addr    Load Addr    Size         Type   Attr      Idx    E Section Name        Object

    0x20000000   COMPRESSED   0x00000004   Data   RW            4    .data               system_gd32f30x.o
    0x20000004   COMPRESSED   0x00000054   Data   RW           95    .data               main.o
    0x20000058   COMPRESSED   0x00000002   Data   RW          354    .data               app_can.o
    0x2000005a   COMPRESSED   0x00000002   PAD
    0x2000005c   COMPRESSED   0x00000024   Data   RW          435    .data               app_slaveiap.o
    0x20000080   COMPRESSED   0x0000000e   Data   RW          537    .data               bsp_led.o
    0x2000008e   COMPRESSED   0x00000002   PAD
    0x20000090   COMPRESSED   0x0000001c   Data   RW          563    .data               bsp_timer.o
    0x200000ac   COMPRESSED   0x00000004   Data   RW          775    .data               sysinfotest.o
    0x200000b0   COMPRESSED   0x00000018   Data   RW          821    .data               can.o
    0x200000c8   COMPRESSED   0x00000008   Data   RW          822    .data               can.o
    0x200000d0   COMPRESSED   0x0000000a   Data   RW          892    .data               bsp_digital_tube.o
    0x200000da   COMPRESSED   0x00000002   PAD
    0x200000dc   COMPRESSED   0x0000000c   Data   RW          915    .data               port.o
    0x200000e8   COMPRESSED   0x00000018   Data   RW          956    .data               heap_4.o
    0x20000100   COMPRESSED   0x0000003c   Data   RW         1056    .data               tasks.o
    0x2000013c   COMPRESSED   0x00000001   Data   RW         1364    .data               dat_para.o
    0x2000013d   COMPRESSED   0x00000001   Data   RW         1365    .data               dat_para.o
    0x2000013e   COMPRESSED   0x00000094   Data   RW         1395    .data               modbus_host.o
    0x200001d2   COMPRESSED   0x00000002   PAD
    0x200001d4   COMPRESSED   0x00000004   Data   RW         1438    .data               modbus_slave.o
    0x200001d8   COMPRESSED   0x00000004   Data   RW         1804    .data               mc_w.l(stdout.o)
    0x200001dc   COMPRESSED   0x00000004   Data   RW         1816    .data               mc_w.l(errno.o)
    0x200001e0        -       0x000004ba   Zero   RW          353    .bss                app_can.o
    0x2000069a        -       0x00000080   Zero   RW          432    .bss                app_slaveiap.o
    0x2000071a        -       0x00000024   Zero   RW          536    .bss                bsp_led.o
    0x2000073e   COMPRESSED   0x00000002   PAD
    0x20000740        -       0x00000660   Zero   RW          669    .bss                bsp_uart_dma.o
    0x20000da0        -       0x00000130   Zero   RW          844    .bss                bsp_adc.o
    0x20000ed0        -       0x00004400   Zero   RW          955    .bss                heap_4.o
    0x200052d0        -       0x00000080   Zero   RW         1036    .bss                queue.o
    0x20005350        -       0x000001a4   Zero   RW         1055    .bss                tasks.o
    0x200054f4        -       0x00000058   Zero   RW         1337    .bss                segger_hardfaulthandler.o
    0x2000554c        -       0x00003c98   Zero   RW         1363    .bss                dat_para.o
    0x200091e4        -       0x0000010e   Zero   RW         1437    .bss                modbus_slave.o
    0x200092f2        -       0x00000a17   Zero   RW         1462    .bss                myqueue.o
    0x20009d09   COMPRESSED   0x00000007   PAD
    0x20009d10        -       0x00002000   Zero   RW           85    STACK               startup_gd32f30x_hd.o


==============================================================================

Image component sizes


      Code (inc. data)   RO Data    RW Data    ZI Data      Debug   Object Name

        14          0          0          0          0       1907   app.o
       472         34          0          2       1210       3342   app_can.o
      1800         46        512         36        128      36971   app_slaveiap.o
        46          0          0          0          0        571   bsp.o
       896         54          0          0        304       3867   bsp_adc.o
       660         42          0         10          0       3766   bsp_digital_tube.o
       208         10          0          0          0        803   bsp_dri_can.o
       440          4          0          0          0       3170   bsp_i2c_gpio.o
       844         28          0         14         36       5197   bsp_led.o
       224         42          0          0          0       2190   bsp_mcu_flash.o
       448          8          0         28          0       2880   bsp_timer.o
       244         12          0          0          0       1800   bsp_uart_com.o
      1496         80          0          0       1632       6564   bsp_uart_dma.o
        80          4        512          0          0       2270   bsp_user_lib.o
        88          0          0          0          0       1303   bsp_watchdog.o
       424          8          0         32          0       3009   can.o
      2250         72          0          2      15512      12497   dat_para.o
         0          0          0          0          0       7844   event_groups.o
      1152         22          0          0          0       9441   gd32f30x_adc.o
      1632         34          0          0          0       8723   gd32f30x_can.o
       108          6          0          0          0       1879   gd32f30x_dbg.o
       980          4          0          0          0       9384   gd32f30x_dma.o
      1660         40          0          0          0       9815   gd32f30x_fmc.o
       216         10          0          0          0       2302   gd32f30x_fwdgt.o
       608         12          0          0          0       5248   gd32f30x_gpio.o
        10          0          0          0          0       2141   gd32f30x_it.o
       256         14          0          0          0       2767   gd32f30x_misc.o
      1328         70          0          0          0       9390   gd32f30x_rcu.o
      3082         28          0          0          0      19417   gd32f30x_timer.o
       988         14          0          0          0      10904   gd32f30x_usart.o
        18          0          0          0          0        380   hardfaulthandler.o
       464          8          0         24      17408       7828   heap_4.o
       136          0          0          0          0       2166   list.o
      1860        694          0         84          0      30901   main.o
      1344         42          0        148          0      10683   modbus_host.o
       892         24          0          4        270       5871   modbus_slave.o
       212          4          0          0       2583       2168   myqueue.o
       750         44          0         12          0       8997   port.o
      2564          8          0          0        128      18490   queue.o
      1440        622          0          0         88       3918   segger_hardfaulthandler.o
        36          8        304          0       8192        960   startup_gd32f30x_hd.o
       188          8       1536          0          0       3138   sysfuc.o
         0          0          0          4          0        724   sysinfotest.o
       472         58          0          4          0      91873   system_gd32f30x.o
      3904         94          0         60        420      23554   tasks.o

    ----------------------------------------------------------------------
     36944       2312       2896        472      47920     403013   Object Totals
         0          0         32          0          0          0   (incl. Generated)
        10          0          0          8          9          0   (incl. Padding)

    ----------------------------------------------------------------------

      Code (inc. data)   RO Data    RW Data    ZI Data      Debug   Library Member Name

       100         28          0          0          0        372   dunder.o
       964         92         56          0          0        316   log.o
       248          0          0          0          0        152   poly.o
         0          0          8          0          0          0   qnan.o
        86          0          0          0          0          0   __dczerorl2.o
         0          0          0          0          0          0   entry.o
         0          0          0          0          0          0   entry10a.o
         0          0          0          0          0          0   entry11a.o
         8          4          0          0          0          0   entry2.o
         4          0          0          0          0          0   entry5.o
         0          0          0          0          0          0   entry7b.o
         0          0          0          0          0          0   entry8b.o
         8          4          0          0          0          0   entry9a.o
        12          6          0          4          0         68   errno.o
        30          0          0          0          0          0   handlers.o
        36          8          0          0          0         68   init.o
         0          0          0          0          0          0   iusefp.o
        30          0          0          0          0         68   llshl.o
        36          0          0          0          0         68   llsshr.o
        32          0          0          0          0         68   llushr.o
        36          0          0          0          0         68   memcpya.o
        36          0          0          0          0        108   memseta.o
       786         62          0          0          0        336   printf5.o
         0          0          0          4          0          0   stdout.o
        14          0          0          0          0         68   strlen.o
        98          0          0          0          0         92   uldiv.o
        48          0          0          0          0         68   cdcmple.o
        56          0          0          0          0         88   d2f.o
       334          0          0          0          0        148   dadd.o
       222          0          0          0          0        100   ddiv.o
       186          0          0          0          0        176   depilogue.o
        34          0          0          0          0         76   dflti.o
       228          0          0          0          0         96   dmul.o
        38          0          0          0          0         68   f2d.o
       110          0          0          0          0        168   fepilogue.o

    ----------------------------------------------------------------------
      3840        208         64          8          0       2840   Library Totals
        20          4          0          0          0          0   (incl. Padding)

    ----------------------------------------------------------------------

      Code (inc. data)   RO Data    RW Data    ZI Data      Debug   Library Name

      1312        120         64          0          0        840   m_wm.l
      1252         84          0          8          0       1012   mc_w.l
      1256          0          0          0          0        988   mf_w.l

    ----------------------------------------------------------------------
      3840        208         64          8          0       2840   Library Totals

    ----------------------------------------------------------------------

==============================================================================


      Code (inc. data)   RO Data    RW Data    ZI Data      Debug   

     40784       2520       2960        480      47920     394049   Grand Totals
     40784       2520       2960        152      47920     394049   ELF Image Totals (compressed)
     40784       2520       2960        152          0          0   ROM Totals

==============================================================================

    Total RO  Size (Code + RO Data)                43744 (  42.72kB)
    Total RW  Size (RW Data + ZI Data)             48400 (  47.27kB)
    Total ROM Size (Code + RO Data + RW Data)      43896 (  42.87kB)

==============================================================================

