<!doctype html public "-//w3c//dtd html 4.0 transitional//en">
<html><head>
<title>Static Call Graph - [.\Objects\NPC120KWPCS_ARM.axf]</title></head>
<body><HR>
<H1>Static Call Graph for image .\Objects\NPC120KWPCS_ARM.axf</H1><HR>
<BR><P>#&#060CALLGRAPH&#062# ARM Linker, 5060020: Last Updated: Wed Apr 29 15:36:27 2026
<BR><P>
<H3>Maximum Stack Usage =        888 bytes + Unknown(Functions without stacksize, Cycles, Untraceable Function Pointers)</H3><H3>
Call chain for Maximum Stack Depth:</H3>
vTaskExCommMsgPro &rArr; MODSlave_Poll &rArr; MODSlave_03H &rArr; MODSlave_SendAckErr &rArr; MODSlave_SendWithCRC &rArr; bsp_appUrt_sendDat &rArr; dma_transfer_number_config
<P>
<H3>
Functions with no stack information
</H3><UL>
 <LI><a href="#[3]">HardFault_Handler</a>
</UL>
</UL>
<P>
<H3>
Mutually Recursive functions
</H3> <LI><a href="#[1d]">ADC0_1_IRQHandler</a>&nbsp;&nbsp;&nbsp;&rArr;&nbsp;&nbsp;&nbsp;<a href="#[1d]">ADC0_1_IRQHandler</a><BR>
 <LI><a href="#[4]">MemManage_Handler</a>&nbsp;&nbsp;&nbsp;&rArr;&nbsp;&nbsp;&nbsp;<a href="#[4]">MemManage_Handler</a><BR>
 <LI><a href="#[5]">BusFault_Handler</a>&nbsp;&nbsp;&nbsp;&rArr;&nbsp;&nbsp;&nbsp;<a href="#[5]">BusFault_Handler</a><BR>
 <LI><a href="#[6]">UsageFault_Handler</a>&nbsp;&nbsp;&nbsp;&rArr;&nbsp;&nbsp;&nbsp;<a href="#[6]">UsageFault_Handler</a><BR>
 <LI><a href="#[57]">vTaskDisplaySegLed</a>&nbsp;&nbsp;&nbsp;&rArr;&nbsp;&nbsp;&nbsp;<a href="#[57]">vTaskDisplaySegLed</a><BR>
 <LI><a href="#[53]">vTaskArmToDspUartSend</a>&nbsp;&nbsp;&nbsp;&rArr;&nbsp;&nbsp;&nbsp;<a href="#[53]">vTaskArmToDspUartSend</a><BR>
 <LI><a href="#[50]">vTaskCanMsgPro</a>&nbsp;&nbsp;&nbsp;&rArr;&nbsp;&nbsp;&nbsp;<a href="#[50]">vTaskCanMsgPro</a><BR>
 <LI><a href="#[4f]">vTaskDspStatusInquiry</a>&nbsp;&nbsp;&nbsp;&rArr;&nbsp;&nbsp;&nbsp;<a href="#[4f]">vTaskDspStatusInquiry</a><BR>
 <LI><a href="#[4d]">vTaskFeeDog</a>&nbsp;&nbsp;&nbsp;&rArr;&nbsp;&nbsp;&nbsp;<a href="#[4d]">vTaskFeeDog</a><BR>
</UL>
<P>
<H3>
Function Pointers
</H3><UL>
 <LI><a href="#[1d]">ADC0_1_IRQHandler</a> from startup_gd32f30x_hd.o(.text) referenced from startup_gd32f30x_hd.o(RESET)
 <LI><a href="#[3a]">ADC2_IRQHandler</a> from startup_gd32f30x_hd.o(.text) referenced from startup_gd32f30x_hd.o(RESET)
 <LI><a href="#[5]">BusFault_Handler</a> from gd32f30x_it.o(.text) referenced from startup_gd32f30x_hd.o(RESET)
 <LI><a href="#[21]">CAN0_EWMC_IRQHandler</a> from startup_gd32f30x_hd.o(.text) referenced from startup_gd32f30x_hd.o(RESET)
 <LI><a href="#[20]">CAN0_RX1_IRQHandler</a> from startup_gd32f30x_hd.o(.text) referenced from startup_gd32f30x_hd.o(RESET)
 <LI><a href="#[16]">DMA0_Channel0_IRQHandler</a> from startup_gd32f30x_hd.o(.text) referenced from startup_gd32f30x_hd.o(RESET)
 <LI><a href="#[17]">DMA0_Channel1_IRQHandler</a> from startup_gd32f30x_hd.o(.text) referenced from startup_gd32f30x_hd.o(RESET)
 <LI><a href="#[18]">DMA0_Channel2_IRQHandler</a> from startup_gd32f30x_hd.o(.text) referenced from startup_gd32f30x_hd.o(RESET)
 <LI><a href="#[19]">DMA0_Channel3_IRQHandler</a> from bsp_uart_dma.o(.text) referenced from startup_gd32f30x_hd.o(RESET)
 <LI><a href="#[1a]">DMA0_Channel4_IRQHandler</a> from bsp_uart_dma.o(.text) referenced from startup_gd32f30x_hd.o(RESET)
 <LI><a href="#[1b]">DMA0_Channel5_IRQHandler</a> from startup_gd32f30x_hd.o(.text) referenced from startup_gd32f30x_hd.o(RESET)
 <LI><a href="#[1c]">DMA0_Channel6_IRQHandler</a> from startup_gd32f30x_hd.o(.text) referenced from startup_gd32f30x_hd.o(RESET)
 <LI><a href="#[43]">DMA1_Channel0_IRQHandler</a> from startup_gd32f30x_hd.o(.text) referenced from startup_gd32f30x_hd.o(RESET)
 <LI><a href="#[44]">DMA1_Channel1_IRQHandler</a> from startup_gd32f30x_hd.o(.text) referenced from startup_gd32f30x_hd.o(RESET)
 <LI><a href="#[45]">DMA1_Channel2_IRQHandler</a> from bsp_uart_dma.o(.text) referenced from startup_gd32f30x_hd.o(RESET)
 <LI><a href="#[46]">DMA1_Channel3_4_IRQHandler</a> from startup_gd32f30x_hd.o(.text) referenced from startup_gd32f30x_hd.o(RESET)
 <LI><a href="#[8]">DebugMon_Handler</a> from gd32f30x_it.o(.text) referenced from startup_gd32f30x_hd.o(RESET)
 <LI><a href="#[3b]">EXMC_IRQHandler</a> from startup_gd32f30x_hd.o(.text) referenced from startup_gd32f30x_hd.o(RESET)
 <LI><a href="#[11]">EXTI0_IRQHandler</a> from startup_gd32f30x_hd.o(.text) referenced from startup_gd32f30x_hd.o(RESET)
 <LI><a href="#[33]">EXTI10_15_IRQHandler</a> from startup_gd32f30x_hd.o(.text) referenced from startup_gd32f30x_hd.o(RESET)
 <LI><a href="#[12]">EXTI1_IRQHandler</a> from startup_gd32f30x_hd.o(.text) referenced from startup_gd32f30x_hd.o(RESET)
 <LI><a href="#[13]">EXTI2_IRQHandler</a> from startup_gd32f30x_hd.o(.text) referenced from startup_gd32f30x_hd.o(RESET)
 <LI><a href="#[14]">EXTI3_IRQHandler</a> from startup_gd32f30x_hd.o(.text) referenced from startup_gd32f30x_hd.o(RESET)
 <LI><a href="#[15]">EXTI4_IRQHandler</a> from startup_gd32f30x_hd.o(.text) referenced from startup_gd32f30x_hd.o(RESET)
 <LI><a href="#[22]">EXTI5_9_IRQHandler</a> from startup_gd32f30x_hd.o(.text) referenced from startup_gd32f30x_hd.o(RESET)
 <LI><a href="#[f]">FMC_IRQHandler</a> from startup_gd32f30x_hd.o(.text) referenced from startup_gd32f30x_hd.o(RESET)
 <LI><a href="#[3]">HardFault_Handler</a> from hardfaulthandler.o(OSKERNEL) referenced from startup_gd32f30x_hd.o(RESET)
 <LI><a href="#[2b]">I2C0_ER_IRQHandler</a> from startup_gd32f30x_hd.o(.text) referenced from startup_gd32f30x_hd.o(RESET)
 <LI><a href="#[2a]">I2C0_EV_IRQHandler</a> from startup_gd32f30x_hd.o(.text) referenced from startup_gd32f30x_hd.o(RESET)
 <LI><a href="#[2d]">I2C1_ER_IRQHandler</a> from startup_gd32f30x_hd.o(.text) referenced from startup_gd32f30x_hd.o(RESET)
 <LI><a href="#[2c]">I2C1_EV_IRQHandler</a> from startup_gd32f30x_hd.o(.text) referenced from startup_gd32f30x_hd.o(RESET)
 <LI><a href="#[c]">LVD_IRQHandler</a> from startup_gd32f30x_hd.o(.text) referenced from startup_gd32f30x_hd.o(RESET)
 <LI><a href="#[4]">MemManage_Handler</a> from gd32f30x_it.o(.text) referenced from startup_gd32f30x_hd.o(RESET)
 <LI><a href="#[2]">NMI_Handler</a> from gd32f30x_it.o(.text) referenced from startup_gd32f30x_hd.o(RESET)
 <LI><a href="#[9]">PendSV_Handler</a> from port.o(.emb_text) referenced from startup_gd32f30x_hd.o(RESET)
 <LI><a href="#[10]">RCU_CTC_IRQHandler</a> from startup_gd32f30x_hd.o(.text) referenced from startup_gd32f30x_hd.o(RESET)
 <LI><a href="#[34]">RTC_Alarm_IRQHandler</a> from startup_gd32f30x_hd.o(.text) referenced from startup_gd32f30x_hd.o(RESET)
 <LI><a href="#[e]">RTC_IRQHandler</a> from startup_gd32f30x_hd.o(.text) referenced from startup_gd32f30x_hd.o(RESET)
 <LI><a href="#[1]">Reset_Handler</a> from startup_gd32f30x_hd.o(.text) referenced from startup_gd32f30x_hd.o(RESET)
 <LI><a href="#[3c]">SDIO_IRQHandler</a> from startup_gd32f30x_hd.o(.text) referenced from startup_gd32f30x_hd.o(RESET)
 <LI><a href="#[2e]">SPI0_IRQHandler</a> from startup_gd32f30x_hd.o(.text) referenced from startup_gd32f30x_hd.o(RESET)
 <LI><a href="#[2f]">SPI1_IRQHandler</a> from startup_gd32f30x_hd.o(.text) referenced from startup_gd32f30x_hd.o(RESET)
 <LI><a href="#[3e]">SPI2_IRQHandler</a> from startup_gd32f30x_hd.o(.text) referenced from startup_gd32f30x_hd.o(RESET)
 <LI><a href="#[7]">SVC_Handler</a> from port.o(.emb_text) referenced from startup_gd32f30x_hd.o(RESET)
 <LI><a href="#[a]">SysTick_Handler</a> from port.o(.text) referenced from startup_gd32f30x_hd.o(RESET)
 <LI><a href="#[48]">SystemInit</a> from system_gd32f30x.o(.text) referenced from startup_gd32f30x_hd.o(.text)
 <LI><a href="#[d]">TAMPER_IRQHandler</a> from startup_gd32f30x_hd.o(.text) referenced from startup_gd32f30x_hd.o(RESET)
 <LI><a href="#[23]">TIMER0_BRK_IRQHandler</a> from startup_gd32f30x_hd.o(.text) referenced from startup_gd32f30x_hd.o(RESET)
 <LI><a href="#[26]">TIMER0_Channel_IRQHandler</a> from startup_gd32f30x_hd.o(.text) referenced from startup_gd32f30x_hd.o(RESET)
 <LI><a href="#[25]">TIMER0_TRG_CMT_IRQHandler</a> from startup_gd32f30x_hd.o(.text) referenced from startup_gd32f30x_hd.o(RESET)
 <LI><a href="#[24]">TIMER0_UP_IRQHandler</a> from startup_gd32f30x_hd.o(.text) referenced from startup_gd32f30x_hd.o(RESET)
 <LI><a href="#[27]">TIMER1_IRQHandler</a> from bsp_timer.o(.text) referenced from startup_gd32f30x_hd.o(RESET)
 <LI><a href="#[28]">TIMER2_IRQHandler</a> from startup_gd32f30x_hd.o(.text) referenced from startup_gd32f30x_hd.o(RESET)
 <LI><a href="#[29]">TIMER3_IRQHandler</a> from startup_gd32f30x_hd.o(.text) referenced from startup_gd32f30x_hd.o(RESET)
 <LI><a href="#[3d]">TIMER4_IRQHandler</a> from startup_gd32f30x_hd.o(.text) referenced from startup_gd32f30x_hd.o(RESET)
 <LI><a href="#[41]">TIMER5_IRQHandler</a> from startup_gd32f30x_hd.o(.text) referenced from startup_gd32f30x_hd.o(RESET)
 <LI><a href="#[42]">TIMER6_IRQHandler</a> from startup_gd32f30x_hd.o(.text) referenced from startup_gd32f30x_hd.o(RESET)
 <LI><a href="#[36]">TIMER7_BRK_IRQHandler</a> from startup_gd32f30x_hd.o(.text) referenced from startup_gd32f30x_hd.o(RESET)
 <LI><a href="#[39]">TIMER7_Channel_IRQHandler</a> from startup_gd32f30x_hd.o(.text) referenced from startup_gd32f30x_hd.o(RESET)
 <LI><a href="#[38]">TIMER7_TRG_CMT_IRQHandler</a> from startup_gd32f30x_hd.o(.text) referenced from startup_gd32f30x_hd.o(RESET)
 <LI><a href="#[37]">TIMER7_UP_IRQHandler</a> from startup_gd32f30x_hd.o(.text) referenced from startup_gd32f30x_hd.o(RESET)
 <LI><a href="#[3f]">UART3_IRQHandler</a> from bsp_uart_dma.o(.text) referenced from startup_gd32f30x_hd.o(RESET)
 <LI><a href="#[40]">UART4_IRQHandler</a> from startup_gd32f30x_hd.o(.text) referenced from startup_gd32f30x_hd.o(RESET)
 <LI><a href="#[30]">USART0_IRQHandler</a> from bsp_uart_dma.o(.text) referenced from startup_gd32f30x_hd.o(RESET)
 <LI><a href="#[31]">USART1_IRQHandler</a> from startup_gd32f30x_hd.o(.text) referenced from startup_gd32f30x_hd.o(RESET)
 <LI><a href="#[32]">USART2_IRQHandler</a> from startup_gd32f30x_hd.o(.text) referenced from startup_gd32f30x_hd.o(RESET)
 <LI><a href="#[1e]">USBD_HP_CAN0_TX_IRQHandler</a> from startup_gd32f30x_hd.o(.text) referenced from startup_gd32f30x_hd.o(RESET)
 <LI><a href="#[1f]">USBD_LP_CAN0_RX0_IRQHandler</a> from app_can.o(.text) referenced from startup_gd32f30x_hd.o(RESET)
 <LI><a href="#[35]">USBD_WKUP_IRQHandler</a> from startup_gd32f30x_hd.o(.text) referenced from startup_gd32f30x_hd.o(RESET)
 <LI><a href="#[6]">UsageFault_Handler</a> from gd32f30x_it.o(.text) referenced from startup_gd32f30x_hd.o(RESET)
 <LI><a href="#[b]">WWDGT_IRQHandler</a> from startup_gd32f30x_hd.o(.text) referenced from startup_gd32f30x_hd.o(RESET)
 <LI><a href="#[49]">__main</a> from entry.o(.ARM.Collect$$$$00000000) referenced from startup_gd32f30x_hd.o(.text)
 <LI><a href="#[5b]">_sputc</a> from printf5.o(i._sputc) referenced from printf5.o(i.__0sprintf$5)
 <LI><a href="#[5a]">fputc</a> from bsp_uart_com.o(.text) referenced from printf5.o(i.__0printf$5)
 <LI><a href="#[47]">main</a> from main.o(.text) referenced from entry9a.o(.ARM.Collect$$$$0000000B)
 <LI><a href="#[59]">prvIdleTask</a> from tasks.o(.text) referenced from tasks.o(.text)
 <LI><a href="#[58]">prvTaskExitError</a> from port.o(.text) referenced from port.o(.text)
 <LI><a href="#[4c]">uart_rcved_done_callback</a> from main.o(.text) referenced from main.o(.text)
 <LI><a href="#[4a]">urt_485_send_over</a> from bsp_uart_com.o(.text) referenced from main.o(.text)
 <LI><a href="#[4b]">urt_485_tx_before</a> from bsp_uart_com.o(.text) referenced from main.o(.text)
 <LI><a href="#[53]">vTaskArmToDspUartSend</a> from main.o(.text) referenced from main.o(.text)
 <LI><a href="#[50]">vTaskCanMsgPro</a> from main.o(.text) referenced from main.o(.text)
 <LI><a href="#[57]">vTaskDisplaySegLed</a> from main.o(.text) referenced from main.o(.text)
 <LI><a href="#[55]">vTaskDspOTA</a> from main.o(.text) referenced from main.o(.text)
 <LI><a href="#[54]">vTaskDspReplyDataDeal</a> from main.o(.text) referenced from main.o(.text)
 <LI><a href="#[4f]">vTaskDspStatusInquiry</a> from main.o(.text) referenced from main.o(.text)
 <LI><a href="#[51]">vTaskExCommMsgPro</a> from main.o(.text) referenced from main.o(.text)
 <LI><a href="#[4d]">vTaskFeeDog</a> from main.o(.text) referenced from main.o(.text)
 <LI><a href="#[56]">vTaskInCommHandle_OTA</a> from main.o(.text) referenced from main.o(.text)
 <LI><a href="#[52]">vTaskInCommMsgPro</a> from main.o(.text) referenced from main.o(.text)
 <LI><a href="#[4e]">vTaskLED</a> from main.o(.text) referenced from main.o(.text)
</UL>
<P>
<H3>
Global Symbols
</H3>
<P><STRONG><a name="[49]"></a>__main</STRONG> (Thumb, 0 bytes, Stack size unknown bytes, entry.o(.ARM.Collect$$$$00000000))
<BR>[Address Reference Count : 1]<UL><LI> startup_gd32f30x_hd.o(.text)
</UL>
<P><STRONG><a name="[1cd]"></a>_main_stk</STRONG> (Thumb, 0 bytes, Stack size unknown bytes, entry2.o(.ARM.Collect$$$$00000001))

<P><STRONG><a name="[5c]"></a>_main_scatterload</STRONG> (Thumb, 0 bytes, Stack size unknown bytes, entry5.o(.ARM.Collect$$$$00000004))
<BR><BR>[Calls]<UL><LI><a href="#[5d]">&gt;&gt;</a>&nbsp;&nbsp;&nbsp;__scatterload
</UL>

<P><STRONG><a name="[1c3]"></a>__main_after_scatterload</STRONG> (Thumb, 0 bytes, Stack size unknown bytes, entry5.o(.ARM.Collect$$$$00000004))
<BR><BR>[Called By]<UL><LI><a href="#[5d]">&gt;&gt;</a>&nbsp;&nbsp;&nbsp;__scatterload
</UL>

<P><STRONG><a name="[1ce]"></a>_main_clock</STRONG> (Thumb, 0 bytes, Stack size unknown bytes, entry7b.o(.ARM.Collect$$$$00000008))

<P><STRONG><a name="[1cf]"></a>_main_cpp_init</STRONG> (Thumb, 0 bytes, Stack size unknown bytes, entry8b.o(.ARM.Collect$$$$0000000A))

<P><STRONG><a name="[1d0]"></a>_main_init</STRONG> (Thumb, 0 bytes, Stack size unknown bytes, entry9a.o(.ARM.Collect$$$$0000000B))

<P><STRONG><a name="[1d1]"></a>__rt_final_cpp</STRONG> (Thumb, 0 bytes, Stack size unknown bytes, entry10a.o(.ARM.Collect$$$$0000000D))

<P><STRONG><a name="[1d2]"></a>__rt_final_exit</STRONG> (Thumb, 0 bytes, Stack size unknown bytes, entry11a.o(.ARM.Collect$$$$0000000F))

<P><STRONG><a name="[7]"></a>SVC_Handler</STRONG> (Thumb, 28 bytes, Stack size 0 bytes, port.o(.emb_text))
<BR>[Address Reference Count : 1]<UL><LI> startup_gd32f30x_hd.o(RESET)
</UL>
<P><STRONG><a name="[126]"></a>__asm___6_port_c_39a90d8d__prvStartFirstTask</STRONG> (Thumb, 28 bytes, Stack size 0 bytes, port.o(.emb_text))
<BR><BR>[Called By]<UL><LI><a href="#[123]">&gt;&gt;</a>&nbsp;&nbsp;&nbsp;xPortStartScheduler
</UL>

<P><STRONG><a name="[125]"></a>__asm___6_port_c_39a90d8d__prvEnableVFP</STRONG> (Thumb, 16 bytes, Stack size 0 bytes, port.o(.emb_text))
<BR><BR>[Called By]<UL><LI><a href="#[123]">&gt;&gt;</a>&nbsp;&nbsp;&nbsp;xPortStartScheduler
</UL>

<P><STRONG><a name="[9]"></a>PendSV_Handler</STRONG> (Thumb, 88 bytes, Stack size 0 bytes, port.o(.emb_text))
<BR><BR>[Stack]<UL><LI>Max Depth = 8<LI>Call Chain = PendSV_Handler &rArr; vTaskSwitchContext
</UL>
<BR>[Calls]<UL><LI><a href="#[5e]">&gt;&gt;</a>&nbsp;&nbsp;&nbsp;vTaskSwitchContext
</UL>
<BR>[Address Reference Count : 1]<UL><LI> startup_gd32f30x_hd.o(RESET)
</UL>
<P><STRONG><a name="[129]"></a>vPortGetIPSR</STRONG> (Thumb, 6 bytes, Stack size 0 bytes, port.o(.emb_text))
<BR><BR>[Called By]<UL><LI><a href="#[128]">&gt;&gt;</a>&nbsp;&nbsp;&nbsp;vPortValidateInterruptPriority
</UL>

<P><STRONG><a name="[48]"></a>SystemInit</STRONG> (Thumb, 108 bytes, Stack size 8 bytes, system_gd32f30x.o(.text))
<BR><BR>[Stack]<UL><LI>Max Depth = 8<LI>Call Chain = SystemInit
</UL>
<BR>[Calls]<UL><LI><a href="#[5f]">&gt;&gt;</a>&nbsp;&nbsp;&nbsp;system_clock_120m_hxtal
</UL>
<BR>[Address Reference Count : 1]<UL><LI> startup_gd32f30x_hd.o(.text)
</UL>
<P><STRONG><a name="[1d3]"></a>SystemCoreClockUpdate</STRONG> (Thumb, 136 bytes, Stack size 24 bytes, system_gd32f30x.o(.text), UNUSED)

<P><STRONG><a name="[1]"></a>Reset_Handler</STRONG> (Thumb, 8 bytes, Stack size 0 bytes, startup_gd32f30x_hd.o(.text))
<BR>[Address Reference Count : 1]<UL><LI> startup_gd32f30x_hd.o(RESET)
</UL>
<P><STRONG><a name="[1d]"></a>ADC0_1_IRQHandler</STRONG> (Thumb, 0 bytes, Stack size 0 bytes, startup_gd32f30x_hd.o(.text))
<BR><BR>[Calls]<UL><LI><a href="#[1d]">&gt;&gt;</a>&nbsp;&nbsp;&nbsp;ADC0_1_IRQHandler
</UL>
<BR>[Called By]<UL><LI><a href="#[1d]">&gt;&gt;</a>&nbsp;&nbsp;&nbsp;ADC0_1_IRQHandler
</UL>
<BR>[Address Reference Count : 1]<UL><LI> startup_gd32f30x_hd.o(RESET)
</UL>
<P><STRONG><a name="[3a]"></a>ADC2_IRQHandler</STRONG> (Thumb, 0 bytes, Stack size 0 bytes, startup_gd32f30x_hd.o(.text))
<BR>[Address Reference Count : 1]<UL><LI> startup_gd32f30x_hd.o(RESET)
</UL>
<P><STRONG><a name="[21]"></a>CAN0_EWMC_IRQHandler</STRONG> (Thumb, 0 bytes, Stack size 0 bytes, startup_gd32f30x_hd.o(.text))
<BR>[Address Reference Count : 1]<UL><LI> startup_gd32f30x_hd.o(RESET)
</UL>
<P><STRONG><a name="[20]"></a>CAN0_RX1_IRQHandler</STRONG> (Thumb, 0 bytes, Stack size 0 bytes, startup_gd32f30x_hd.o(.text))
<BR>[Address Reference Count : 1]<UL><LI> startup_gd32f30x_hd.o(RESET)
</UL>
<P><STRONG><a name="[16]"></a>DMA0_Channel0_IRQHandler</STRONG> (Thumb, 0 bytes, Stack size 0 bytes, startup_gd32f30x_hd.o(.text))
<BR>[Address Reference Count : 1]<UL><LI> startup_gd32f30x_hd.o(RESET)
</UL>
<P><STRONG><a name="[17]"></a>DMA0_Channel1_IRQHandler</STRONG> (Thumb, 0 bytes, Stack size 0 bytes, startup_gd32f30x_hd.o(.text))
<BR>[Address Reference Count : 1]<UL><LI> startup_gd32f30x_hd.o(RESET)
</UL>
<P><STRONG><a name="[18]"></a>DMA0_Channel2_IRQHandler</STRONG> (Thumb, 0 bytes, Stack size 0 bytes, startup_gd32f30x_hd.o(.text))
<BR>[Address Reference Count : 1]<UL><LI> startup_gd32f30x_hd.o(RESET)
</UL>
<P><STRONG><a name="[1b]"></a>DMA0_Channel5_IRQHandler</STRONG> (Thumb, 0 bytes, Stack size 0 bytes, startup_gd32f30x_hd.o(.text))
<BR>[Address Reference Count : 1]<UL><LI> startup_gd32f30x_hd.o(RESET)
</UL>
<P><STRONG><a name="[1c]"></a>DMA0_Channel6_IRQHandler</STRONG> (Thumb, 0 bytes, Stack size 0 bytes, startup_gd32f30x_hd.o(.text))
<BR>[Address Reference Count : 1]<UL><LI> startup_gd32f30x_hd.o(RESET)
</UL>
<P><STRONG><a name="[43]"></a>DMA1_Channel0_IRQHandler</STRONG> (Thumb, 0 bytes, Stack size 0 bytes, startup_gd32f30x_hd.o(.text))
<BR>[Address Reference Count : 1]<UL><LI> startup_gd32f30x_hd.o(RESET)
</UL>
<P><STRONG><a name="[44]"></a>DMA1_Channel1_IRQHandler</STRONG> (Thumb, 0 bytes, Stack size 0 bytes, startup_gd32f30x_hd.o(.text))
<BR>[Address Reference Count : 1]<UL><LI> startup_gd32f30x_hd.o(RESET)
</UL>
<P><STRONG><a name="[46]"></a>DMA1_Channel3_4_IRQHandler</STRONG> (Thumb, 0 bytes, Stack size 0 bytes, startup_gd32f30x_hd.o(.text))
<BR>[Address Reference Count : 1]<UL><LI> startup_gd32f30x_hd.o(RESET)
</UL>
<P><STRONG><a name="[3b]"></a>EXMC_IRQHandler</STRONG> (Thumb, 0 bytes, Stack size 0 bytes, startup_gd32f30x_hd.o(.text))
<BR>[Address Reference Count : 1]<UL><LI> startup_gd32f30x_hd.o(RESET)
</UL>
<P><STRONG><a name="[11]"></a>EXTI0_IRQHandler</STRONG> (Thumb, 0 bytes, Stack size 0 bytes, startup_gd32f30x_hd.o(.text))
<BR>[Address Reference Count : 1]<UL><LI> startup_gd32f30x_hd.o(RESET)
</UL>
<P><STRONG><a name="[33]"></a>EXTI10_15_IRQHandler</STRONG> (Thumb, 0 bytes, Stack size 0 bytes, startup_gd32f30x_hd.o(.text))
<BR>[Address Reference Count : 1]<UL><LI> startup_gd32f30x_hd.o(RESET)
</UL>
<P><STRONG><a name="[12]"></a>EXTI1_IRQHandler</STRONG> (Thumb, 0 bytes, Stack size 0 bytes, startup_gd32f30x_hd.o(.text))
<BR>[Address Reference Count : 1]<UL><LI> startup_gd32f30x_hd.o(RESET)
</UL>
<P><STRONG><a name="[13]"></a>EXTI2_IRQHandler</STRONG> (Thumb, 0 bytes, Stack size 0 bytes, startup_gd32f30x_hd.o(.text))
<BR>[Address Reference Count : 1]<UL><LI> startup_gd32f30x_hd.o(RESET)
</UL>
<P><STRONG><a name="[14]"></a>EXTI3_IRQHandler</STRONG> (Thumb, 0 bytes, Stack size 0 bytes, startup_gd32f30x_hd.o(.text))
<BR>[Address Reference Count : 1]<UL><LI> startup_gd32f30x_hd.o(RESET)
</UL>
<P><STRONG><a name="[15]"></a>EXTI4_IRQHandler</STRONG> (Thumb, 0 bytes, Stack size 0 bytes, startup_gd32f30x_hd.o(.text))
<BR>[Address Reference Count : 1]<UL><LI> startup_gd32f30x_hd.o(RESET)
</UL>
<P><STRONG><a name="[22]"></a>EXTI5_9_IRQHandler</STRONG> (Thumb, 0 bytes, Stack size 0 bytes, startup_gd32f30x_hd.o(.text))
<BR>[Address Reference Count : 1]<UL><LI> startup_gd32f30x_hd.o(RESET)
</UL>
<P><STRONG><a name="[f]"></a>FMC_IRQHandler</STRONG> (Thumb, 0 bytes, Stack size 0 bytes, startup_gd32f30x_hd.o(.text))
<BR>[Address Reference Count : 1]<UL><LI> startup_gd32f30x_hd.o(RESET)
</UL>
<P><STRONG><a name="[2b]"></a>I2C0_ER_IRQHandler</STRONG> (Thumb, 0 bytes, Stack size 0 bytes, startup_gd32f30x_hd.o(.text))
<BR>[Address Reference Count : 1]<UL><LI> startup_gd32f30x_hd.o(RESET)
</UL>
<P><STRONG><a name="[2a]"></a>I2C0_EV_IRQHandler</STRONG> (Thumb, 0 bytes, Stack size 0 bytes, startup_gd32f30x_hd.o(.text))
<BR>[Address Reference Count : 1]<UL><LI> startup_gd32f30x_hd.o(RESET)
</UL>
<P><STRONG><a name="[2d]"></a>I2C1_ER_IRQHandler</STRONG> (Thumb, 0 bytes, Stack size 0 bytes, startup_gd32f30x_hd.o(.text))
<BR>[Address Reference Count : 1]<UL><LI> startup_gd32f30x_hd.o(RESET)
</UL>
<P><STRONG><a name="[2c]"></a>I2C1_EV_IRQHandler</STRONG> (Thumb, 0 bytes, Stack size 0 bytes, startup_gd32f30x_hd.o(.text))
<BR>[Address Reference Count : 1]<UL><LI> startup_gd32f30x_hd.o(RESET)
</UL>
<P><STRONG><a name="[c]"></a>LVD_IRQHandler</STRONG> (Thumb, 0 bytes, Stack size 0 bytes, startup_gd32f30x_hd.o(.text))
<BR>[Address Reference Count : 1]<UL><LI> startup_gd32f30x_hd.o(RESET)
</UL>
<P><STRONG><a name="[10]"></a>RCU_CTC_IRQHandler</STRONG> (Thumb, 0 bytes, Stack size 0 bytes, startup_gd32f30x_hd.o(.text))
<BR>[Address Reference Count : 1]<UL><LI> startup_gd32f30x_hd.o(RESET)
</UL>
<P><STRONG><a name="[34]"></a>RTC_Alarm_IRQHandler</STRONG> (Thumb, 0 bytes, Stack size 0 bytes, startup_gd32f30x_hd.o(.text))
<BR>[Address Reference Count : 1]<UL><LI> startup_gd32f30x_hd.o(RESET)
</UL>
<P><STRONG><a name="[e]"></a>RTC_IRQHandler</STRONG> (Thumb, 0 bytes, Stack size 0 bytes, startup_gd32f30x_hd.o(.text))
<BR>[Address Reference Count : 1]<UL><LI> startup_gd32f30x_hd.o(RESET)
</UL>
<P><STRONG><a name="[3c]"></a>SDIO_IRQHandler</STRONG> (Thumb, 0 bytes, Stack size 0 bytes, startup_gd32f30x_hd.o(.text))
<BR>[Address Reference Count : 1]<UL><LI> startup_gd32f30x_hd.o(RESET)
</UL>
<P><STRONG><a name="[2e]"></a>SPI0_IRQHandler</STRONG> (Thumb, 0 bytes, Stack size 0 bytes, startup_gd32f30x_hd.o(.text))
<BR>[Address Reference Count : 1]<UL><LI> startup_gd32f30x_hd.o(RESET)
</UL>
<P><STRONG><a name="[2f]"></a>SPI1_IRQHandler</STRONG> (Thumb, 0 bytes, Stack size 0 bytes, startup_gd32f30x_hd.o(.text))
<BR>[Address Reference Count : 1]<UL><LI> startup_gd32f30x_hd.o(RESET)
</UL>
<P><STRONG><a name="[3e]"></a>SPI2_IRQHandler</STRONG> (Thumb, 0 bytes, Stack size 0 bytes, startup_gd32f30x_hd.o(.text))
<BR>[Address Reference Count : 1]<UL><LI> startup_gd32f30x_hd.o(RESET)
</UL>
<P><STRONG><a name="[d]"></a>TAMPER_IRQHandler</STRONG> (Thumb, 0 bytes, Stack size 0 bytes, startup_gd32f30x_hd.o(.text))
<BR>[Address Reference Count : 1]<UL><LI> startup_gd32f30x_hd.o(RESET)
</UL>
<P><STRONG><a name="[23]"></a>TIMER0_BRK_IRQHandler</STRONG> (Thumb, 0 bytes, Stack size 0 bytes, startup_gd32f30x_hd.o(.text))
<BR>[Address Reference Count : 1]<UL><LI> startup_gd32f30x_hd.o(RESET)
</UL>
<P><STRONG><a name="[26]"></a>TIMER0_Channel_IRQHandler</STRONG> (Thumb, 0 bytes, Stack size 0 bytes, startup_gd32f30x_hd.o(.text))
<BR>[Address Reference Count : 1]<UL><LI> startup_gd32f30x_hd.o(RESET)
</UL>
<P><STRONG><a name="[25]"></a>TIMER0_TRG_CMT_IRQHandler</STRONG> (Thumb, 0 bytes, Stack size 0 bytes, startup_gd32f30x_hd.o(.text))
<BR>[Address Reference Count : 1]<UL><LI> startup_gd32f30x_hd.o(RESET)
</UL>
<P><STRONG><a name="[24]"></a>TIMER0_UP_IRQHandler</STRONG> (Thumb, 0 bytes, Stack size 0 bytes, startup_gd32f30x_hd.o(.text))
<BR>[Address Reference Count : 1]<UL><LI> startup_gd32f30x_hd.o(RESET)
</UL>
<P><STRONG><a name="[28]"></a>TIMER2_IRQHandler</STRONG> (Thumb, 0 bytes, Stack size 0 bytes, startup_gd32f30x_hd.o(.text))
<BR>[Address Reference Count : 1]<UL><LI> startup_gd32f30x_hd.o(RESET)
</UL>
<P><STRONG><a name="[29]"></a>TIMER3_IRQHandler</STRONG> (Thumb, 0 bytes, Stack size 0 bytes, startup_gd32f30x_hd.o(.text))
<BR>[Address Reference Count : 1]<UL><LI> startup_gd32f30x_hd.o(RESET)
</UL>
<P><STRONG><a name="[3d]"></a>TIMER4_IRQHandler</STRONG> (Thumb, 0 bytes, Stack size 0 bytes, startup_gd32f30x_hd.o(.text))
<BR>[Address Reference Count : 1]<UL><LI> startup_gd32f30x_hd.o(RESET)
</UL>
<P><STRONG><a name="[41]"></a>TIMER5_IRQHandler</STRONG> (Thumb, 0 bytes, Stack size 0 bytes, startup_gd32f30x_hd.o(.text))
<BR>[Address Reference Count : 1]<UL><LI> startup_gd32f30x_hd.o(RESET)
</UL>
<P><STRONG><a name="[42]"></a>TIMER6_IRQHandler</STRONG> (Thumb, 0 bytes, Stack size 0 bytes, startup_gd32f30x_hd.o(.text))
<BR>[Address Reference Count : 1]<UL><LI> startup_gd32f30x_hd.o(RESET)
</UL>
<P><STRONG><a name="[36]"></a>TIMER7_BRK_IRQHandler</STRONG> (Thumb, 0 bytes, Stack size 0 bytes, startup_gd32f30x_hd.o(.text))
<BR>[Address Reference Count : 1]<UL><LI> startup_gd32f30x_hd.o(RESET)
</UL>
<P><STRONG><a name="[39]"></a>TIMER7_Channel_IRQHandler</STRONG> (Thumb, 0 bytes, Stack size 0 bytes, startup_gd32f30x_hd.o(.text))
<BR>[Address Reference Count : 1]<UL><LI> startup_gd32f30x_hd.o(RESET)
</UL>
<P><STRONG><a name="[38]"></a>TIMER7_TRG_CMT_IRQHandler</STRONG> (Thumb, 0 bytes, Stack size 0 bytes, startup_gd32f30x_hd.o(.text))
<BR>[Address Reference Count : 1]<UL><LI> startup_gd32f30x_hd.o(RESET)
</UL>
<P><STRONG><a name="[37]"></a>TIMER7_UP_IRQHandler</STRONG> (Thumb, 0 bytes, Stack size 0 bytes, startup_gd32f30x_hd.o(.text))
<BR>[Address Reference Count : 1]<UL><LI> startup_gd32f30x_hd.o(RESET)
</UL>
<P><STRONG><a name="[40]"></a>UART4_IRQHandler</STRONG> (Thumb, 0 bytes, Stack size 0 bytes, startup_gd32f30x_hd.o(.text))
<BR>[Address Reference Count : 1]<UL><LI> startup_gd32f30x_hd.o(RESET)
</UL>
<P><STRONG><a name="[31]"></a>USART1_IRQHandler</STRONG> (Thumb, 0 bytes, Stack size 0 bytes, startup_gd32f30x_hd.o(.text))
<BR>[Address Reference Count : 1]<UL><LI> startup_gd32f30x_hd.o(RESET)
</UL>
<P><STRONG><a name="[32]"></a>USART2_IRQHandler</STRONG> (Thumb, 0 bytes, Stack size 0 bytes, startup_gd32f30x_hd.o(.text))
<BR>[Address Reference Count : 1]<UL><LI> startup_gd32f30x_hd.o(RESET)
</UL>
<P><STRONG><a name="[1e]"></a>USBD_HP_CAN0_TX_IRQHandler</STRONG> (Thumb, 0 bytes, Stack size 0 bytes, startup_gd32f30x_hd.o(.text))
<BR>[Address Reference Count : 1]<UL><LI> startup_gd32f30x_hd.o(RESET)
</UL>
<P><STRONG><a name="[35]"></a>USBD_WKUP_IRQHandler</STRONG> (Thumb, 0 bytes, Stack size 0 bytes, startup_gd32f30x_hd.o(.text))
<BR>[Address Reference Count : 1]<UL><LI> startup_gd32f30x_hd.o(RESET)
</UL>
<P><STRONG><a name="[b]"></a>WWDGT_IRQHandler</STRONG> (Thumb, 0 bytes, Stack size 0 bytes, startup_gd32f30x_hd.o(.text))
<BR>[Address Reference Count : 1]<UL><LI> startup_gd32f30x_hd.o(RESET)
</UL>
<P><STRONG><a name="[1d4]"></a>vApplicationStackOverflowHook</STRONG> (Thumb, 2 bytes, Stack size 0 bytes, main.o(.text), UNUSED)

<P><STRONG><a name="[47]"></a>main</STRONG> (Thumb, 68 bytes, Stack size 8 bytes, main.o(.text))
<BR><BR>[Stack]<UL><LI>Max Depth = 184<LI>Call Chain = main &rArr; bsp_Init &rArr; bsp_InitUart_DMA &rArr; InitHardUart_DMA &rArr; usart_baudrate_set &rArr; rcu_clock_freq_get
</UL>
<BR>[Calls]<UL><LI><a href="#[86]">&gt;&gt;</a>&nbsp;&nbsp;&nbsp;vTaskStartScheduler
<LI><a href="#[84]">&gt;&gt;</a>&nbsp;&nbsp;&nbsp;vPortExitCritical
<LI><a href="#[81]">&gt;&gt;</a>&nbsp;&nbsp;&nbsp;vPortEnterCritical
<LI><a href="#[82]">&gt;&gt;</a>&nbsp;&nbsp;&nbsp;bsp_Init
<LI><a href="#[85]">&gt;&gt;</a>&nbsp;&nbsp;&nbsp;bsp_FlashRead
<LI><a href="#[83]">&gt;&gt;</a>&nbsp;&nbsp;&nbsp;app_Init
<LI><a href="#[7f]">&gt;&gt;</a>&nbsp;&nbsp;&nbsp;AppTaskCreate
<LI><a href="#[61]">&gt;&gt;</a>&nbsp;&nbsp;&nbsp;AppObjCreate
</UL>
<BR>[Address Reference Count : 1]<UL><LI> entry9a.o(.ARM.Collect$$$$0000000B)
</UL>
<P><STRONG><a name="[2]"></a>NMI_Handler</STRONG> (Thumb, 2 bytes, Stack size 0 bytes, gd32f30x_it.o(.text))
<BR>[Address Reference Count : 1]<UL><LI> startup_gd32f30x_hd.o(RESET)
</UL>
<P><STRONG><a name="[4]"></a>MemManage_Handler</STRONG> (Thumb, 2 bytes, Stack size 0 bytes, gd32f30x_it.o(.text))
<BR><BR>[Calls]<UL><LI><a href="#[4]">&gt;&gt;</a>&nbsp;&nbsp;&nbsp;MemManage_Handler
</UL>
<BR>[Called By]<UL><LI><a href="#[4]">&gt;&gt;</a>&nbsp;&nbsp;&nbsp;MemManage_Handler
</UL>
<BR>[Address Reference Count : 1]<UL><LI> startup_gd32f30x_hd.o(RESET)
</UL>
<P><STRONG><a name="[5]"></a>BusFault_Handler</STRONG> (Thumb, 2 bytes, Stack size 0 bytes, gd32f30x_it.o(.text))
<BR><BR>[Calls]<UL><LI><a href="#[5]">&gt;&gt;</a>&nbsp;&nbsp;&nbsp;BusFault_Handler
</UL>
<BR>[Called By]<UL><LI><a href="#[5]">&gt;&gt;</a>&nbsp;&nbsp;&nbsp;BusFault_Handler
</UL>
<BR>[Address Reference Count : 1]<UL><LI> startup_gd32f30x_hd.o(RESET)
</UL>
<P><STRONG><a name="[6]"></a>UsageFault_Handler</STRONG> (Thumb, 2 bytes, Stack size 0 bytes, gd32f30x_it.o(.text))
<BR><BR>[Calls]<UL><LI><a href="#[6]">&gt;&gt;</a>&nbsp;&nbsp;&nbsp;UsageFault_Handler
</UL>
<BR>[Called By]<UL><LI><a href="#[6]">&gt;&gt;</a>&nbsp;&nbsp;&nbsp;UsageFault_Handler
</UL>
<BR>[Address Reference Count : 1]<UL><LI> startup_gd32f30x_hd.o(RESET)
</UL>
<P><STRONG><a name="[8]"></a>DebugMon_Handler</STRONG> (Thumb, 2 bytes, Stack size 0 bytes, gd32f30x_it.o(.text))
<BR>[Address Reference Count : 1]<UL><LI> startup_gd32f30x_hd.o(RESET)
</UL>
<P><STRONG><a name="[83]"></a>app_Init</STRONG> (Thumb, 14 bytes, Stack size 8 bytes, app.o(.text))
<BR><BR>[Stack]<UL><LI>Max Depth = 120<LI>Call Chain = app_Init &rArr; Can_TramsmitMsgInit &rArr; xQueueGenericCreate &rArr; pvPortMalloc &rArr; xTaskResumeAll &rArr; xTaskIncrementTick
</UL>
<BR>[Calls]<UL><LI><a href="#[88]">&gt;&gt;</a>&nbsp;&nbsp;&nbsp;Can_TramsmitMsgInit
<LI><a href="#[87]">&gt;&gt;</a>&nbsp;&nbsp;&nbsp;ArrayDataIntial
</UL>
<BR>[Called By]<UL><LI><a href="#[47]">&gt;&gt;</a>&nbsp;&nbsp;&nbsp;main
</UL>

<P><STRONG><a name="[89]"></a>app_getCanRxQueueMsg</STRONG> (Thumb, 68 bytes, Stack size 16 bytes, app_can.o(.text))
<BR><BR>[Stack]<UL><LI>Max Depth = 16<LI>Call Chain = app_getCanRxQueueMsg
</UL>
<BR>[Calls]<UL><LI><a href="#[67]">&gt;&gt;</a>&nbsp;&nbsp;&nbsp;__aeabi_memclr4
<LI><a href="#[8a]">&gt;&gt;</a>&nbsp;&nbsp;&nbsp;__aeabi_memcpy4
</UL>
<BR>[Called By]<UL><LI><a href="#[8b]">&gt;&gt;</a>&nbsp;&nbsp;&nbsp;app_CanProcess
<LI><a href="#[6d]">&gt;&gt;</a>&nbsp;&nbsp;&nbsp;Iap_MainProcess
</UL>

<P><STRONG><a name="[78]"></a>app_CanTaskPoll</STRONG> (Thumb, 2 bytes, Stack size 0 bytes, app_can.o(.text))
<BR><BR>[Stack]<UL><LI>Max Depth = 352<LI>Call Chain = app_CanTaskPoll &rArr; app_CanProcess &rArr; IapManagement &rArr; Arm_Tx_Dsp_OTA_Trigger &rArr; bsp_appUrt_sendDat &rArr; dma_transfer_number_config
</UL>
<BR>[Calls]<UL><LI><a href="#[8b]">&gt;&gt;</a>&nbsp;&nbsp;&nbsp;app_CanProcess
</UL>
<BR>[Called By]<UL><LI><a href="#[50]">&gt;&gt;</a>&nbsp;&nbsp;&nbsp;vTaskCanMsgPro
</UL>

<P><STRONG><a name="[1f]"></a>USBD_LP_CAN0_RX0_IRQHandler</STRONG> (Thumb, 106 bytes, Stack size 40 bytes, app_can.o(.text))
<BR><BR>[Stack]<UL><LI>Max Depth = 48<LI>Call Chain = USBD_LP_CAN0_RX0_IRQHandler &rArr; can_message_receive
</UL>
<BR>[Calls]<UL><LI><a href="#[8d]">&gt;&gt;</a>&nbsp;&nbsp;&nbsp;can_message_receive
<LI><a href="#[67]">&gt;&gt;</a>&nbsp;&nbsp;&nbsp;__aeabi_memclr4
<LI><a href="#[8a]">&gt;&gt;</a>&nbsp;&nbsp;&nbsp;__aeabi_memcpy4
</UL>
<BR>[Address Reference Count : 1]<UL><LI> startup_gd32f30x_hd.o(RESET)
</UL>
<P><STRONG><a name="[1d5]"></a>SYS_bubbleSort</STRONG> (Thumb, 58 bytes, Stack size 20 bytes, sysfuc.o(.text), UNUSED)

<P><STRONG><a name="[1d6]"></a>SYS_xorCal</STRONG> (Thumb, 32 bytes, Stack size 12 bytes, sysfuc.o(.text), UNUSED)

<P><STRONG><a name="[92]"></a>sys_modbus_crc16</STRONG> (Thumb, 38 bytes, Stack size 16 bytes, sysfuc.o(.text))
<BR><BR>[Stack]<UL><LI>Max Depth = 16<LI>Call Chain = sys_modbus_crc16
</UL>
<BR>[Called By]<UL><LI><a href="#[97]">&gt;&gt;</a>&nbsp;&nbsp;&nbsp;Arm_Tx_Dsp_PerfromNewData
<LI><a href="#[96]">&gt;&gt;</a>&nbsp;&nbsp;&nbsp;Arm_Tx_Dsp_SoftVersion
<LI><a href="#[95]">&gt;&gt;</a>&nbsp;&nbsp;&nbsp;Arm_Tx_Dsp_Updata
<LI><a href="#[94]">&gt;&gt;</a>&nbsp;&nbsp;&nbsp;Arm_Tx_Dsp_Read_OTA_State
<LI><a href="#[93]">&gt;&gt;</a>&nbsp;&nbsp;&nbsp;Arm_Tx_Dsp_OTA_PackTotal
<LI><a href="#[91]">&gt;&gt;</a>&nbsp;&nbsp;&nbsp;Arm_Tx_Dsp_OTA_Trigger
<LI><a href="#[74]">&gt;&gt;</a>&nbsp;&nbsp;&nbsp;modbus_host_10cmd_write
<LI><a href="#[76]">&gt;&gt;</a>&nbsp;&nbsp;&nbsp;modbus_host_06cmd_write
<LI><a href="#[77]">&gt;&gt;</a>&nbsp;&nbsp;&nbsp;MODSlave_Poll
<LI><a href="#[6b]">&gt;&gt;</a>&nbsp;&nbsp;&nbsp;IAP_DSP_Ack_Valid
<LI><a href="#[1ab]">&gt;&gt;</a>&nbsp;&nbsp;&nbsp;MODSlave_SendWithCRC
<LI><a href="#[1a9]">&gt;&gt;</a>&nbsp;&nbsp;&nbsp;modbus_slave_ack_valid_chk
<LI><a href="#[1a8]">&gt;&gt;</a>&nbsp;&nbsp;&nbsp;modbus_host_03cmd_read
</UL>

<P><STRONG><a name="[1d7]"></a>SYS_crc32</STRONG> (Thumb, 38 bytes, Stack size 16 bytes, sysfuc.o(.text), UNUSED)

<P><STRONG><a name="[1d8]"></a>sys_delay_us</STRONG> (Thumb, 14 bytes, Stack size 0 bytes, sysfuc.o(.text), UNUSED)

<P><STRONG><a name="[9d]"></a>CRC_16</STRONG> (Thumb, 40 bytes, Stack size 16 bytes, app_slaveiap.o(.text))
<BR><BR>[Stack]<UL><LI>Max Depth = 16<LI>Call Chain = CRC_16
</UL>
<BR>[Called By]<UL><LI><a href="#[9c]">&gt;&gt;</a>&nbsp;&nbsp;&nbsp;Iap_Main
</UL>

<P><STRONG><a name="[8e]"></a>Iap_Respond</STRONG> (Thumb, 112 bytes, Stack size 288 bytes, app_slaveiap.o(.text), UNUSED)
<BR><BR>[Calls]<UL><LI><a href="#[8f]">&gt;&gt;</a>&nbsp;&nbsp;&nbsp;bsp_appUrt_sendDat
<LI><a href="#[90]">&gt;&gt;</a>&nbsp;&nbsp;&nbsp;Can_vidMsgDebgu
</UL>

<P><STRONG><a name="[91]"></a>Arm_Tx_Dsp_OTA_Trigger</STRONG> (Thumb, 102 bytes, Stack size 264 bytes, app_slaveiap.o(.text))
<BR><BR>[Stack]<UL><LI>Max Depth = 296<LI>Call Chain = Arm_Tx_Dsp_OTA_Trigger &rArr; bsp_appUrt_sendDat &rArr; dma_transfer_number_config
</UL>
<BR>[Calls]<UL><LI><a href="#[8f]">&gt;&gt;</a>&nbsp;&nbsp;&nbsp;bsp_appUrt_sendDat
<LI><a href="#[92]">&gt;&gt;</a>&nbsp;&nbsp;&nbsp;sys_modbus_crc16
</UL>
<BR>[Called By]<UL><LI><a href="#[8c]">&gt;&gt;</a>&nbsp;&nbsp;&nbsp;IapManagement
</UL>

<P><STRONG><a name="[93]"></a>Arm_Tx_Dsp_OTA_PackTotal</STRONG> (Thumb, 108 bytes, Stack size 264 bytes, app_slaveiap.o(.text))
<BR><BR>[Stack]<UL><LI>Max Depth = 296<LI>Call Chain = Arm_Tx_Dsp_OTA_PackTotal &rArr; bsp_appUrt_sendDat &rArr; dma_transfer_number_config
</UL>
<BR>[Calls]<UL><LI><a href="#[8f]">&gt;&gt;</a>&nbsp;&nbsp;&nbsp;bsp_appUrt_sendDat
<LI><a href="#[92]">&gt;&gt;</a>&nbsp;&nbsp;&nbsp;sys_modbus_crc16
</UL>
<BR>[Called By]<UL><LI><a href="#[9c]">&gt;&gt;</a>&nbsp;&nbsp;&nbsp;Iap_Main
</UL>

<P><STRONG><a name="[94]"></a>Arm_Tx_Dsp_Read_OTA_State</STRONG> (Thumb, 72 bytes, Stack size 264 bytes, app_slaveiap.o(.text))
<BR><BR>[Stack]<UL><LI>Max Depth = 296<LI>Call Chain = Arm_Tx_Dsp_Read_OTA_State &rArr; bsp_appUrt_sendDat &rArr; dma_transfer_number_config
</UL>
<BR>[Calls]<UL><LI><a href="#[8f]">&gt;&gt;</a>&nbsp;&nbsp;&nbsp;bsp_appUrt_sendDat
<LI><a href="#[92]">&gt;&gt;</a>&nbsp;&nbsp;&nbsp;sys_modbus_crc16
</UL>
<BR>[Called By]<UL><LI><a href="#[9b]">&gt;&gt;</a>&nbsp;&nbsp;&nbsp;Iap_FSM
</UL>

<P><STRONG><a name="[95]"></a>Arm_Tx_Dsp_Updata</STRONG> (Thumb, 124 bytes, Stack size 272 bytes, app_slaveiap.o(.text))
<BR><BR>[Stack]<UL><LI>Max Depth = 304<LI>Call Chain = Arm_Tx_Dsp_Updata &rArr; bsp_appUrt_sendDat &rArr; dma_transfer_number_config
</UL>
<BR>[Calls]<UL><LI><a href="#[8f]">&gt;&gt;</a>&nbsp;&nbsp;&nbsp;bsp_appUrt_sendDat
<LI><a href="#[92]">&gt;&gt;</a>&nbsp;&nbsp;&nbsp;sys_modbus_crc16
</UL>
<BR>[Called By]<UL><LI><a href="#[9b]">&gt;&gt;</a>&nbsp;&nbsp;&nbsp;Iap_FSM
</UL>

<P><STRONG><a name="[96]"></a>Arm_Tx_Dsp_SoftVersion</STRONG> (Thumb, 102 bytes, Stack size 264 bytes, app_slaveiap.o(.text))
<BR><BR>[Stack]<UL><LI>Max Depth = 296<LI>Call Chain = Arm_Tx_Dsp_SoftVersion &rArr; bsp_appUrt_sendDat &rArr; dma_transfer_number_config
</UL>
<BR>[Calls]<UL><LI><a href="#[8f]">&gt;&gt;</a>&nbsp;&nbsp;&nbsp;bsp_appUrt_sendDat
<LI><a href="#[92]">&gt;&gt;</a>&nbsp;&nbsp;&nbsp;sys_modbus_crc16
</UL>
<BR>[Called By]<UL><LI><a href="#[9b]">&gt;&gt;</a>&nbsp;&nbsp;&nbsp;Iap_FSM
</UL>

<P><STRONG><a name="[97]"></a>Arm_Tx_Dsp_PerfromNewData</STRONG> (Thumb, 84 bytes, Stack size 264 bytes, app_slaveiap.o(.text))
<BR><BR>[Stack]<UL><LI>Max Depth = 296<LI>Call Chain = Arm_Tx_Dsp_PerfromNewData &rArr; bsp_appUrt_sendDat &rArr; dma_transfer_number_config
</UL>
<BR>[Calls]<UL><LI><a href="#[8f]">&gt;&gt;</a>&nbsp;&nbsp;&nbsp;bsp_appUrt_sendDat
<LI><a href="#[92]">&gt;&gt;</a>&nbsp;&nbsp;&nbsp;sys_modbus_crc16
</UL>
<BR>[Called By]<UL><LI><a href="#[9b]">&gt;&gt;</a>&nbsp;&nbsp;&nbsp;Iap_FSM
</UL>

<P><STRONG><a name="[68]"></a>Iap_GetIapStates</STRONG> (Thumb, 6 bytes, Stack size 0 bytes, app_slaveiap.o(.text))
<BR><BR>[Called By]<UL><LI><a href="#[8b]">&gt;&gt;</a>&nbsp;&nbsp;&nbsp;app_CanProcess
<LI><a href="#[4f]">&gt;&gt;</a>&nbsp;&nbsp;&nbsp;vTaskDspStatusInquiry
<LI><a href="#[50]">&gt;&gt;</a>&nbsp;&nbsp;&nbsp;vTaskCanMsgPro
<LI><a href="#[51]">&gt;&gt;</a>&nbsp;&nbsp;&nbsp;vTaskExCommMsgPro
<LI><a href="#[52]">&gt;&gt;</a>&nbsp;&nbsp;&nbsp;vTaskInCommMsgPro
<LI><a href="#[53]">&gt;&gt;</a>&nbsp;&nbsp;&nbsp;vTaskArmToDspUartSend
<LI><a href="#[54]">&gt;&gt;</a>&nbsp;&nbsp;&nbsp;vTaskDspReplyDataDeal
<LI><a href="#[55]">&gt;&gt;</a>&nbsp;&nbsp;&nbsp;vTaskDspOTA
<LI><a href="#[56]">&gt;&gt;</a>&nbsp;&nbsp;&nbsp;vTaskInCommHandle_OTA
</UL>

<P><STRONG><a name="[98]"></a>Arm_Respond_Ems</STRONG> (Thumb, 76 bytes, Stack size 32 bytes, app_slaveiap.o(.text))
<BR><BR>[Stack]<UL><LI>Max Depth = 84<LI>Call Chain = Arm_Respond_Ems &rArr; Can_vidMsgDebgu &rArr; can_message_transmit
</UL>
<BR>[Calls]<UL><LI><a href="#[90]">&gt;&gt;</a>&nbsp;&nbsp;&nbsp;Can_vidMsgDebgu
</UL>
<BR>[Called By]<UL><LI><a href="#[9c]">&gt;&gt;</a>&nbsp;&nbsp;&nbsp;Iap_Main
<LI><a href="#[9b]">&gt;&gt;</a>&nbsp;&nbsp;&nbsp;Iap_FSM
<LI><a href="#[6b]">&gt;&gt;</a>&nbsp;&nbsp;&nbsp;IAP_DSP_Ack_Valid
</UL>

<P><STRONG><a name="[6b]"></a>IAP_DSP_Ack_Valid</STRONG> (Thumb, 224 bytes, Stack size 24 bytes, app_slaveiap.o(.text))
<BR><BR>[Stack]<UL><LI>Max Depth = 168<LI>Call Chain = IAP_DSP_Ack_Valid &rArr; xQueueGenericSend &rArr; prvUnlockQueue &rArr; prvNotifyQueueSetContainer &rArr; prvCopyDataToQueue &rArr; xTaskPriorityDisinherit
</UL>
<BR>[Calls]<UL><LI><a href="#[99]">&gt;&gt;</a>&nbsp;&nbsp;&nbsp;xQueueGenericSend
<LI><a href="#[98]">&gt;&gt;</a>&nbsp;&nbsp;&nbsp;Arm_Respond_Ems
<LI><a href="#[92]">&gt;&gt;</a>&nbsp;&nbsp;&nbsp;sys_modbus_crc16
</UL>
<BR>[Called By]<UL><LI><a href="#[56]">&gt;&gt;</a>&nbsp;&nbsp;&nbsp;vTaskInCommHandle_OTA
</UL>

<P><STRONG><a name="[8c]"></a>IapManagement</STRONG> (Thumb, 106 bytes, Stack size 8 bytes, app_slaveiap.o(.text))
<BR><BR>[Stack]<UL><LI>Max Depth = 304<LI>Call Chain = IapManagement &rArr; Arm_Tx_Dsp_OTA_Trigger &rArr; bsp_appUrt_sendDat &rArr; dma_transfer_number_config
</UL>
<BR>[Calls]<UL><LI><a href="#[9a]">&gt;&gt;</a>&nbsp;&nbsp;&nbsp;flashClearAppFlag
<LI><a href="#[91]">&gt;&gt;</a>&nbsp;&nbsp;&nbsp;Arm_Tx_Dsp_OTA_Trigger
<LI><a href="#[66]">&gt;&gt;</a>&nbsp;&nbsp;&nbsp;vTaskDelay
</UL>
<BR>[Called By]<UL><LI><a href="#[8b]">&gt;&gt;</a>&nbsp;&nbsp;&nbsp;app_CanProcess
</UL>

<P><STRONG><a name="[9b]"></a>Iap_FSM</STRONG> (Thumb, 208 bytes, Stack size 280 bytes, app_slaveiap.o(.text))
<BR><BR>[Stack]<UL><LI>Max Depth = 584<LI>Call Chain = Iap_FSM &rArr; Arm_Tx_Dsp_Updata &rArr; bsp_appUrt_sendDat &rArr; dma_transfer_number_config
</UL>
<BR>[Calls]<UL><LI><a href="#[98]">&gt;&gt;</a>&nbsp;&nbsp;&nbsp;Arm_Respond_Ems
<LI><a href="#[97]">&gt;&gt;</a>&nbsp;&nbsp;&nbsp;Arm_Tx_Dsp_PerfromNewData
<LI><a href="#[96]">&gt;&gt;</a>&nbsp;&nbsp;&nbsp;Arm_Tx_Dsp_SoftVersion
<LI><a href="#[95]">&gt;&gt;</a>&nbsp;&nbsp;&nbsp;Arm_Tx_Dsp_Updata
<LI><a href="#[94]">&gt;&gt;</a>&nbsp;&nbsp;&nbsp;Arm_Tx_Dsp_Read_OTA_State
<LI><a href="#[69]">&gt;&gt;</a>&nbsp;&nbsp;&nbsp;xQueueGenericReceive
<LI><a href="#[67]">&gt;&gt;</a>&nbsp;&nbsp;&nbsp;__aeabi_memclr4
</UL>
<BR>[Called By]<UL><LI><a href="#[6d]">&gt;&gt;</a>&nbsp;&nbsp;&nbsp;Iap_MainProcess
</UL>

<P><STRONG><a name="[9c]"></a>Iap_Main</STRONG> (Thumb, 342 bytes, Stack size 40 bytes, app_slaveiap.o(.text))
<BR><BR>[Stack]<UL><LI>Max Depth = 336<LI>Call Chain = Iap_Main &rArr; Arm_Tx_Dsp_OTA_PackTotal &rArr; bsp_appUrt_sendDat &rArr; dma_transfer_number_config
</UL>
<BR>[Calls]<UL><LI><a href="#[98]">&gt;&gt;</a>&nbsp;&nbsp;&nbsp;Arm_Respond_Ems
<LI><a href="#[93]">&gt;&gt;</a>&nbsp;&nbsp;&nbsp;Arm_Tx_Dsp_OTA_PackTotal
<LI><a href="#[9d]">&gt;&gt;</a>&nbsp;&nbsp;&nbsp;CRC_16
</UL>
<BR>[Called By]<UL><LI><a href="#[6d]">&gt;&gt;</a>&nbsp;&nbsp;&nbsp;Iap_MainProcess
</UL>

<P><STRONG><a name="[6d]"></a>Iap_MainProcess</STRONG> (Thumb, 70 bytes, Stack size 32 bytes, app_slaveiap.o(.text))
<BR><BR>[Stack]<UL><LI>Max Depth = 616<LI>Call Chain = Iap_MainProcess &rArr; Iap_FSM &rArr; Arm_Tx_Dsp_Updata &rArr; bsp_appUrt_sendDat &rArr; dma_transfer_number_config
</UL>
<BR>[Calls]<UL><LI><a href="#[9c]">&gt;&gt;</a>&nbsp;&nbsp;&nbsp;Iap_Main
<LI><a href="#[9b]">&gt;&gt;</a>&nbsp;&nbsp;&nbsp;Iap_FSM
<LI><a href="#[89]">&gt;&gt;</a>&nbsp;&nbsp;&nbsp;app_getCanRxQueueMsg
<LI><a href="#[67]">&gt;&gt;</a>&nbsp;&nbsp;&nbsp;__aeabi_memclr4
</UL>
<BR>[Called By]<UL><LI><a href="#[55]">&gt;&gt;</a>&nbsp;&nbsp;&nbsp;vTaskDspOTA
</UL>

<P><STRONG><a name="[82]"></a>bsp_Init</STRONG> (Thumb, 46 bytes, Stack size 8 bytes, bsp.o(.text))
<BR><BR>[Stack]<UL><LI>Max Depth = 176<LI>Call Chain = bsp_Init &rArr; bsp_InitUart_DMA &rArr; InitHardUart_DMA &rArr; usart_baudrate_set &rArr; rcu_clock_freq_get
</UL>
<BR>[Calls]<UL><LI><a href="#[9e]">&gt;&gt;</a>&nbsp;&nbsp;&nbsp;nvic_priority_group_set
<LI><a href="#[a4]">&gt;&gt;</a>&nbsp;&nbsp;&nbsp;dri_can_init
<LI><a href="#[a6]">&gt;&gt;</a>&nbsp;&nbsp;&nbsp;bsp_digital_tube_gpio_init
<LI><a href="#[a3]">&gt;&gt;</a>&nbsp;&nbsp;&nbsp;bsp_InitUart_DMA
<LI><a href="#[9f]">&gt;&gt;</a>&nbsp;&nbsp;&nbsp;bsp_InitTimer
<LI><a href="#[a1]">&gt;&gt;</a>&nbsp;&nbsp;&nbsp;bsp_InitLed
<LI><a href="#[a2]">&gt;&gt;</a>&nbsp;&nbsp;&nbsp;bsp_InitI2C
<LI><a href="#[a0]">&gt;&gt;</a>&nbsp;&nbsp;&nbsp;bsp_AdcInit
<LI><a href="#[a5]">&gt;&gt;</a>&nbsp;&nbsp;&nbsp;InitQueue
</UL>
<BR>[Called By]<UL><LI><a href="#[47]">&gt;&gt;</a>&nbsp;&nbsp;&nbsp;main
</UL>

<P><STRONG><a name="[a1]"></a>bsp_InitLed</STRONG> (Thumb, 108 bytes, Stack size 16 bytes, bsp_led.o(.text))
<BR><BR>[Stack]<UL><LI>Max Depth = 44<LI>Call Chain = bsp_InitLed &rArr; gpio_init
</UL>
<BR>[Calls]<UL><LI><a href="#[a7]">&gt;&gt;</a>&nbsp;&nbsp;&nbsp;rcu_periph_clock_enable
<LI><a href="#[a8]">&gt;&gt;</a>&nbsp;&nbsp;&nbsp;gpio_init
<LI><a href="#[a9]">&gt;&gt;</a>&nbsp;&nbsp;&nbsp;gpio_bit_write
</UL>
<BR>[Called By]<UL><LI><a href="#[82]">&gt;&gt;</a>&nbsp;&nbsp;&nbsp;bsp_Init
</UL>

<P><STRONG><a name="[7a]"></a>GegSysStatus</STRONG> (Thumb, 212 bytes, Stack size 24 bytes, bsp_led.o(.text))
<BR><BR>[Stack]<UL><LI>Max Depth = 320<LI>Call Chain = GegSysStatus &rArr; modbus_host_06cmd_write &rArr; bsp_appUrt_sendDat &rArr; dma_transfer_number_config
</UL>
<BR>[Calls]<UL><LI><a href="#[76]">&gt;&gt;</a>&nbsp;&nbsp;&nbsp;modbus_host_06cmd_write
</UL>
<BR>[Called By]<UL><LI><a href="#[4e]">&gt;&gt;</a>&nbsp;&nbsp;&nbsp;vTaskLED
</UL>

<P><STRONG><a name="[aa]"></a>bsp_LedToggle</STRONG> (Thumb, 64 bytes, Stack size 0 bytes, bsp_led.o(.text))
<BR><BR>[Called By]<UL><LI><a href="#[7b]">&gt;&gt;</a>&nbsp;&nbsp;&nbsp;Task_LedsJob
</UL>

<P><STRONG><a name="[7b]"></a>Task_LedsJob</STRONG> (Thumb, 24 bytes, Stack size 0 bytes, bsp_led.o(.text))
<BR><BR>[Calls]<UL><LI><a href="#[aa]">&gt;&gt;</a>&nbsp;&nbsp;&nbsp;bsp_LedToggle
</UL>
<BR>[Called By]<UL><LI><a href="#[4e]">&gt;&gt;</a>&nbsp;&nbsp;&nbsp;vTaskLED
</UL>

<P><STRONG><a name="[7c]"></a>Task_BuzzerJob</STRONG> (Thumb, 140 bytes, Stack size 16 bytes, bsp_led.o(.text))
<BR><BR>[Stack]<UL><LI>Max Depth = 16<LI>Call Chain = Task_BuzzerJob
</UL>
<BR>[Calls]<UL><LI><a href="#[a9]">&gt;&gt;</a>&nbsp;&nbsp;&nbsp;gpio_bit_write
</UL>
<BR>[Called By]<UL><LI><a href="#[4e]">&gt;&gt;</a>&nbsp;&nbsp;&nbsp;vTaskLED
</UL>

<P><STRONG><a name="[7d]"></a>Task_RelayJob</STRONG> (Thumb, 54 bytes, Stack size 0 bytes, bsp_led.o(.text))
<BR><BR>[Called By]<UL><LI><a href="#[4e]">&gt;&gt;</a>&nbsp;&nbsp;&nbsp;vTaskLED
</UL>

<P><STRONG><a name="[1d9]"></a>bsp_LedOff</STRONG> (Thumb, 36 bytes, Stack size 0 bytes, bsp_led.o(.text), UNUSED)

<P><STRONG><a name="[1da]"></a>bsp_LedOn</STRONG> (Thumb, 36 bytes, Stack size 0 bytes, bsp_led.o(.text), UNUSED)

<P><STRONG><a name="[1db]"></a>bsp_IsLedOn</STRONG> (Thumb, 54 bytes, Stack size 0 bytes, bsp_led.o(.text), UNUSED)

<P><STRONG><a name="[7e]"></a>Get_PcsOnOff_button_state</STRONG> (Thumb, 88 bytes, Stack size 16 bytes, bsp_led.o(.text))
<BR><BR>[Stack]<UL><LI>Max Depth = 312<LI>Call Chain = Get_PcsOnOff_button_state &rArr; modbus_host_06cmd_write &rArr; bsp_appUrt_sendDat &rArr; dma_transfer_number_config
</UL>
<BR>[Calls]<UL><LI><a href="#[ab]">&gt;&gt;</a>&nbsp;&nbsp;&nbsp;gpio_input_bit_get
<LI><a href="#[76]">&gt;&gt;</a>&nbsp;&nbsp;&nbsp;modbus_host_06cmd_write
</UL>
<BR>[Called By]<UL><LI><a href="#[4e]">&gt;&gt;</a>&nbsp;&nbsp;&nbsp;vTaskLED
</UL>

<P><STRONG><a name="[ac]"></a>bsp_InitHardTimer</STRONG> (Thumb, 82 bytes, Stack size 24 bytes, bsp_timer.o(.text))
<BR><BR>[Stack]<UL><LI>Max Depth = 44<LI>Call Chain = bsp_InitHardTimer &rArr; nvic_irq_enable
</UL>
<BR>[Calls]<UL><LI><a href="#[a7]">&gt;&gt;</a>&nbsp;&nbsp;&nbsp;rcu_periph_clock_enable
<LI><a href="#[ae]">&gt;&gt;</a>&nbsp;&nbsp;&nbsp;timer_init
<LI><a href="#[b0]">&gt;&gt;</a>&nbsp;&nbsp;&nbsp;timer_enable
<LI><a href="#[ad]">&gt;&gt;</a>&nbsp;&nbsp;&nbsp;timer_deinit
<LI><a href="#[af]">&gt;&gt;</a>&nbsp;&nbsp;&nbsp;timer_auto_reload_shadow_enable
<LI><a href="#[b1]">&gt;&gt;</a>&nbsp;&nbsp;&nbsp;nvic_irq_enable
</UL>
<BR>[Called By]<UL><LI><a href="#[9f]">&gt;&gt;</a>&nbsp;&nbsp;&nbsp;bsp_InitTimer
</UL>

<P><STRONG><a name="[9f]"></a>bsp_InitTimer</STRONG> (Thumb, 2 bytes, Stack size 0 bytes, bsp_timer.o(.text))
<BR><BR>[Stack]<UL><LI>Max Depth = 44<LI>Call Chain = bsp_InitTimer &rArr; bsp_InitHardTimer &rArr; nvic_irq_enable
</UL>
<BR>[Calls]<UL><LI><a href="#[ac]">&gt;&gt;</a>&nbsp;&nbsp;&nbsp;bsp_InitHardTimer
</UL>
<BR>[Called By]<UL><LI><a href="#[82]">&gt;&gt;</a>&nbsp;&nbsp;&nbsp;bsp_Init
</UL>

<P><STRONG><a name="[1dc]"></a>SysTick_ISR</STRONG> (Thumb, 34 bytes, Stack size 0 bytes, bsp_timer.o(.text), UNUSED)

<P><STRONG><a name="[b2]"></a>bsp_StartHardTimer</STRONG> (Thumb, 144 bytes, Stack size 24 bytes, bsp_timer.o(.text), UNUSED)
<BR><BR>[Calls]<UL><LI><a href="#[b6]">&gt;&gt;</a>&nbsp;&nbsp;&nbsp;timer_interrupt_enable
<LI><a href="#[b5]">&gt;&gt;</a>&nbsp;&nbsp;&nbsp;timer_flag_clear
<LI><a href="#[b3]">&gt;&gt;</a>&nbsp;&nbsp;&nbsp;timer_counter_read
<LI><a href="#[b4]">&gt;&gt;</a>&nbsp;&nbsp;&nbsp;timer_channel_output_pulse_value_config
</UL>

<P><STRONG><a name="[27]"></a>TIMER1_IRQHandler</STRONG> (Thumb, 162 bytes, Stack size 16 bytes, bsp_timer.o(.text))
<BR><BR>[Stack]<UL><LI>Max Depth = 16<LI>Call Chain = TIMER1_IRQHandler
</UL>
<BR>[Calls]<UL><LI><a href="#[b7]">&gt;&gt;</a>&nbsp;&nbsp;&nbsp;timer_interrupt_flag_get
<LI><a href="#[b8]">&gt;&gt;</a>&nbsp;&nbsp;&nbsp;timer_interrupt_flag_clear
<LI><a href="#[b9]">&gt;&gt;</a>&nbsp;&nbsp;&nbsp;timer_interrupt_disable
</UL>
<BR>[Address Reference Count : 1]<UL><LI> startup_gd32f30x_hd.o(RESET)
</UL>
<P><STRONG><a name="[ba]"></a>bsp_timer_start</STRONG> (Thumb, 8 bytes, Stack size 0 bytes, bsp_timer.o(.text), UNUSED)
<BR><BR>[Calls]<UL><LI><a href="#[b6]">&gt;&gt;</a>&nbsp;&nbsp;&nbsp;timer_interrupt_enable
</UL>

<P><STRONG><a name="[bb]"></a>bsp_timer_stop</STRONG> (Thumb, 8 bytes, Stack size 0 bytes, bsp_timer.o(.text), UNUSED)
<BR><BR>[Calls]<UL><LI><a href="#[b9]">&gt;&gt;</a>&nbsp;&nbsp;&nbsp;timer_interrupt_disable
</UL>

<P><STRONG><a name="[bc]"></a>i2c_Stop</STRONG> (Thumb, 32 bytes, Stack size 16 bytes, bsp_i2c_gpio.o(.text))
<BR><BR>[Stack]<UL><LI>Max Depth = 16<LI>Call Chain = i2c_Stop
</UL>
<BR>[Calls]<UL><LI><a href="#[bd]">&gt;&gt;</a>&nbsp;&nbsp;&nbsp;i2c_Delay
</UL>
<BR>[Called By]<UL><LI><a href="#[a2]">&gt;&gt;</a>&nbsp;&nbsp;&nbsp;bsp_InitI2C
<LI><a href="#[c4]">&gt;&gt;</a>&nbsp;&nbsp;&nbsp;i2c_CheckDevice
</UL>

<P><STRONG><a name="[a2]"></a>bsp_InitI2C</STRONG> (Thumb, 32 bytes, Stack size 8 bytes, bsp_i2c_gpio.o(.text))
<BR><BR>[Stack]<UL><LI>Max Depth = 36<LI>Call Chain = bsp_InitI2C &rArr; gpio_init
</UL>
<BR>[Calls]<UL><LI><a href="#[a7]">&gt;&gt;</a>&nbsp;&nbsp;&nbsp;rcu_periph_clock_enable
<LI><a href="#[a8]">&gt;&gt;</a>&nbsp;&nbsp;&nbsp;gpio_init
<LI><a href="#[bc]">&gt;&gt;</a>&nbsp;&nbsp;&nbsp;i2c_Stop
</UL>
<BR>[Called By]<UL><LI><a href="#[82]">&gt;&gt;</a>&nbsp;&nbsp;&nbsp;bsp_Init
</UL>

<P><STRONG><a name="[be]"></a>i2c_Start</STRONG> (Thumb, 38 bytes, Stack size 16 bytes, bsp_i2c_gpio.o(.text), UNUSED)
<BR><BR>[Calls]<UL><LI><a href="#[bd]">&gt;&gt;</a>&nbsp;&nbsp;&nbsp;i2c_Delay
</UL>
<BR>[Called By]<UL><LI><a href="#[c4]">&gt;&gt;</a>&nbsp;&nbsp;&nbsp;i2c_CheckDevice
</UL>

<P><STRONG><a name="[bf]"></a>i2c_SendByte</STRONG> (Thumb, 80 bytes, Stack size 32 bytes, bsp_i2c_gpio.o(.text), UNUSED)
<BR><BR>[Calls]<UL><LI><a href="#[bd]">&gt;&gt;</a>&nbsp;&nbsp;&nbsp;i2c_Delay
</UL>
<BR>[Called By]<UL><LI><a href="#[c4]">&gt;&gt;</a>&nbsp;&nbsp;&nbsp;i2c_CheckDevice
</UL>

<P><STRONG><a name="[c0]"></a>i2c_ReadByte</STRONG> (Thumb, 68 bytes, Stack size 32 bytes, bsp_i2c_gpio.o(.text), UNUSED)
<BR><BR>[Calls]<UL><LI><a href="#[bd]">&gt;&gt;</a>&nbsp;&nbsp;&nbsp;i2c_Delay
</UL>

<P><STRONG><a name="[c1]"></a>i2c_WaitAck</STRONG> (Thumb, 52 bytes, Stack size 16 bytes, bsp_i2c_gpio.o(.text), UNUSED)
<BR><BR>[Calls]<UL><LI><a href="#[bd]">&gt;&gt;</a>&nbsp;&nbsp;&nbsp;i2c_Delay
</UL>
<BR>[Called By]<UL><LI><a href="#[c4]">&gt;&gt;</a>&nbsp;&nbsp;&nbsp;i2c_CheckDevice
</UL>

<P><STRONG><a name="[c2]"></a>i2c_Ack</STRONG> (Thumb, 38 bytes, Stack size 24 bytes, bsp_i2c_gpio.o(.text), UNUSED)
<BR><BR>[Calls]<UL><LI><a href="#[bd]">&gt;&gt;</a>&nbsp;&nbsp;&nbsp;i2c_Delay
</UL>

<P><STRONG><a name="[c3]"></a>i2c_NAck</STRONG> (Thumb, 36 bytes, Stack size 16 bytes, bsp_i2c_gpio.o(.text), UNUSED)
<BR><BR>[Calls]<UL><LI><a href="#[bd]">&gt;&gt;</a>&nbsp;&nbsp;&nbsp;i2c_Delay
</UL>

<P><STRONG><a name="[c4]"></a>i2c_CheckDevice</STRONG> (Thumb, 48 bytes, Stack size 8 bytes, bsp_i2c_gpio.o(.text), UNUSED)
<BR><BR>[Calls]<UL><LI><a href="#[c1]">&gt;&gt;</a>&nbsp;&nbsp;&nbsp;i2c_WaitAck
<LI><a href="#[bf]">&gt;&gt;</a>&nbsp;&nbsp;&nbsp;i2c_SendByte
<LI><a href="#[be]">&gt;&gt;</a>&nbsp;&nbsp;&nbsp;i2c_Start
<LI><a href="#[bc]">&gt;&gt;</a>&nbsp;&nbsp;&nbsp;i2c_Stop
</UL>

<P><STRONG><a name="[c5]"></a>bsp_FlashErase</STRONG> (Thumb, 50 bytes, Stack size 16 bytes, bsp_mcu_flash.o(.text))
<BR><BR>[Stack]<UL><LI>Max Depth = 36<LI>Call Chain = bsp_FlashErase &rArr; fmc_page_erase &rArr; fmc_bank1_ready_wait
</UL>
<BR>[Calls]<UL><LI><a href="#[c6]">&gt;&gt;</a>&nbsp;&nbsp;&nbsp;fmc_unlock
<LI><a href="#[c7]">&gt;&gt;</a>&nbsp;&nbsp;&nbsp;fmc_page_erase
<LI><a href="#[c8]">&gt;&gt;</a>&nbsp;&nbsp;&nbsp;fmc_lock
</UL>
<BR>[Called By]<UL><LI><a href="#[9a]">&gt;&gt;</a>&nbsp;&nbsp;&nbsp;flashClearAppFlag
<LI><a href="#[1a5]">&gt;&gt;</a>&nbsp;&nbsp;&nbsp;Clear_WritePara_Protected
</UL>

<P><STRONG><a name="[c9]"></a>bsp_FlashWrite</STRONG> (Thumb, 74 bytes, Stack size 16 bytes, bsp_mcu_flash.o(.text))
<BR><BR>[Stack]<UL><LI>Max Depth = 40<LI>Call Chain = bsp_FlashWrite &rArr; fmc_word_program &rArr; fmc_bank1_ready_wait
</UL>
<BR>[Calls]<UL><LI><a href="#[ca]">&gt;&gt;</a>&nbsp;&nbsp;&nbsp;fmc_word_program
<LI><a href="#[c6]">&gt;&gt;</a>&nbsp;&nbsp;&nbsp;fmc_unlock
<LI><a href="#[c8]">&gt;&gt;</a>&nbsp;&nbsp;&nbsp;fmc_lock
<LI><a href="#[63]">&gt;&gt;</a>&nbsp;&nbsp;&nbsp;__2printf
</UL>
<BR>[Called By]<UL><LI><a href="#[9a]">&gt;&gt;</a>&nbsp;&nbsp;&nbsp;flashClearAppFlag
<LI><a href="#[1a5]">&gt;&gt;</a>&nbsp;&nbsp;&nbsp;Clear_WritePara_Protected
</UL>

<P><STRONG><a name="[85]"></a>bsp_FlashRead</STRONG> (Thumb, 10 bytes, Stack size 0 bytes, bsp_mcu_flash.o(.text))
<BR><BR>[Calls]<UL><LI><a href="#[cb]">&gt;&gt;</a>&nbsp;&nbsp;&nbsp;__aeabi_memcpy
</UL>
<BR>[Called By]<UL><LI><a href="#[9a]">&gt;&gt;</a>&nbsp;&nbsp;&nbsp;flashClearAppFlag
<LI><a href="#[47]">&gt;&gt;</a>&nbsp;&nbsp;&nbsp;main
</UL>

<P><STRONG><a name="[9a]"></a>flashClearAppFlag</STRONG> (Thumb, 48 bytes, Stack size 40 bytes, bsp_mcu_flash.o(.text))
<BR><BR>[Stack]<UL><LI>Max Depth = 80<LI>Call Chain = flashClearAppFlag &rArr; bsp_FlashWrite &rArr; fmc_word_program &rArr; fmc_bank1_ready_wait
</UL>
<BR>[Calls]<UL><LI><a href="#[85]">&gt;&gt;</a>&nbsp;&nbsp;&nbsp;bsp_FlashRead
<LI><a href="#[c9]">&gt;&gt;</a>&nbsp;&nbsp;&nbsp;bsp_FlashWrite
<LI><a href="#[c5]">&gt;&gt;</a>&nbsp;&nbsp;&nbsp;bsp_FlashErase
</UL>
<BR>[Called By]<UL><LI><a href="#[8c]">&gt;&gt;</a>&nbsp;&nbsp;&nbsp;IapManagement
</UL>

<P><STRONG><a name="[a3]"></a>bsp_InitUart_DMA</STRONG> (Thumb, 78 bytes, Stack size 8 bytes, bsp_uart_dma.o(.text))
<BR><BR>[Stack]<UL><LI>Max Depth = 168<LI>Call Chain = bsp_InitUart_DMA &rArr; InitHardUart_DMA &rArr; usart_baudrate_set &rArr; rcu_clock_freq_get
</UL>
<BR>[Calls]<UL><LI><a href="#[e0]">&gt;&gt;</a>&nbsp;&nbsp;&nbsp;RS485_InitTXE
<LI><a href="#[e1]">&gt;&gt;</a>&nbsp;&nbsp;&nbsp;UartVarInit_DMA
<LI><a href="#[cc]">&gt;&gt;</a>&nbsp;&nbsp;&nbsp;InitHardUart_DMA
<LI><a href="#[b1]">&gt;&gt;</a>&nbsp;&nbsp;&nbsp;nvic_irq_enable
</UL>
<BR>[Called By]<UL><LI><a href="#[82]">&gt;&gt;</a>&nbsp;&nbsp;&nbsp;bsp_Init
</UL>

<P><STRONG><a name="[e6]"></a>ComToUart_DMA</STRONG> (Thumb, 30 bytes, Stack size 0 bytes, bsp_uart_dma.o(.text))
<BR><BR>[Called By]<UL><LI><a href="#[8f]">&gt;&gt;</a>&nbsp;&nbsp;&nbsp;bsp_appUrt_sendDat
<LI><a href="#[4a]">&gt;&gt;</a>&nbsp;&nbsp;&nbsp;urt_485_send_over
<LI><a href="#[64]">&gt;&gt;</a>&nbsp;&nbsp;&nbsp;RegUartCallBack_DMA
<LI><a href="#[77]">&gt;&gt;</a>&nbsp;&nbsp;&nbsp;MODSlave_Poll
<LI><a href="#[e5]">&gt;&gt;</a>&nbsp;&nbsp;&nbsp;urtDma_rcvDat_copy
</UL>

<P><STRONG><a name="[e2]"></a>urtDma_en_rcv</STRONG> (Thumb, 42 bytes, Stack size 8 bytes, bsp_uart_dma.o(.text))
<BR><BR>[Stack]<UL><LI>Max Depth = 24<LI>Call Chain = urtDma_en_rcv &rArr; dma_transfer_number_config
</UL>
<BR>[Calls]<UL><LI><a href="#[e4]">&gt;&gt;</a>&nbsp;&nbsp;&nbsp;dma_transfer_number_config
<LI><a href="#[dc]">&gt;&gt;</a>&nbsp;&nbsp;&nbsp;dma_channel_enable
<LI><a href="#[e3]">&gt;&gt;</a>&nbsp;&nbsp;&nbsp;dma_channel_disable
</UL>
<BR>[Called By]<UL><LI><a href="#[4a]">&gt;&gt;</a>&nbsp;&nbsp;&nbsp;urt_485_send_over
<LI><a href="#[e5]">&gt;&gt;</a>&nbsp;&nbsp;&nbsp;urtDma_rcvDat_copy
<LI><a href="#[e7]">&gt;&gt;</a>&nbsp;&nbsp;&nbsp;UartIRQ_DMA
</UL>

<P><STRONG><a name="[e5]"></a>urtDma_rcvDat_copy</STRONG> (Thumb, 46 bytes, Stack size 16 bytes, bsp_uart_dma.o(.text))
<BR><BR>[Stack]<UL><LI>Max Depth = 40<LI>Call Chain = urtDma_rcvDat_copy &rArr; urtDma_en_rcv &rArr; dma_transfer_number_config
</UL>
<BR>[Calls]<UL><LI><a href="#[e2]">&gt;&gt;</a>&nbsp;&nbsp;&nbsp;urtDma_en_rcv
<LI><a href="#[e6]">&gt;&gt;</a>&nbsp;&nbsp;&nbsp;ComToUart_DMA
<LI><a href="#[cb]">&gt;&gt;</a>&nbsp;&nbsp;&nbsp;__aeabi_memcpy
</UL>
<BR>[Called By]<UL><LI><a href="#[6a]">&gt;&gt;</a>&nbsp;&nbsp;&nbsp;bsp_appUrt_getRcvDat
</UL>

<P><STRONG><a name="[64]"></a>RegUartCallBack_DMA</STRONG> (Thumb, 20 bytes, Stack size 4 bytes, bsp_uart_dma.o(.text))
<BR><BR>[Stack]<UL><LI>Max Depth = 4<LI>Call Chain = RegUartCallBack_DMA
</UL>
<BR>[Calls]<UL><LI><a href="#[e6]">&gt;&gt;</a>&nbsp;&nbsp;&nbsp;ComToUart_DMA
</UL>
<BR>[Called By]<UL><LI><a href="#[61]">&gt;&gt;</a>&nbsp;&nbsp;&nbsp;AppObjCreate
</UL>

<P><STRONG><a name="[30]"></a>USART0_IRQHandler</STRONG> (Thumb, 4 bytes, Stack size 0 bytes, bsp_uart_dma.o(.text))
<BR><BR>[Stack]<UL><LI>Max Depth = 40<LI>Call Chain = USART0_IRQHandler &rArr; UartIRQ_DMA &rArr; urtDma_en_rcv &rArr; dma_transfer_number_config
</UL>
<BR>[Calls]<UL><LI><a href="#[e7]">&gt;&gt;</a>&nbsp;&nbsp;&nbsp;UartIRQ_DMA
</UL>
<BR>[Address Reference Count : 1]<UL><LI> startup_gd32f30x_hd.o(RESET)
</UL>
<P><STRONG><a name="[19]"></a>DMA0_Channel3_IRQHandler</STRONG> (Thumb, 52 bytes, Stack size 8 bytes, bsp_uart_dma.o(.text))
<BR><BR>[Stack]<UL><LI>Max Depth = 24<LI>Call Chain = DMA0_Channel3_IRQHandler &rArr; dma_channel_disable
</UL>
<BR>[Calls]<UL><LI><a href="#[ee]">&gt;&gt;</a>&nbsp;&nbsp;&nbsp;dma_interrupt_flag_get
<LI><a href="#[ef]">&gt;&gt;</a>&nbsp;&nbsp;&nbsp;dma_interrupt_flag_clear
<LI><a href="#[e3]">&gt;&gt;</a>&nbsp;&nbsp;&nbsp;dma_channel_disable
<LI><a href="#[df]">&gt;&gt;</a>&nbsp;&nbsp;&nbsp;usart_interrupt_enable
</UL>
<BR>[Address Reference Count : 1]<UL><LI> startup_gd32f30x_hd.o(RESET)
</UL>
<P><STRONG><a name="[1a]"></a>DMA0_Channel4_IRQHandler</STRONG> (Thumb, 34 bytes, Stack size 8 bytes, bsp_uart_dma.o(.text))
<BR><BR>[Stack]<UL><LI>Max Depth = 8<LI>Call Chain = DMA0_Channel4_IRQHandler
</UL>
<BR>[Calls]<UL><LI><a href="#[ee]">&gt;&gt;</a>&nbsp;&nbsp;&nbsp;dma_interrupt_flag_get
<LI><a href="#[ef]">&gt;&gt;</a>&nbsp;&nbsp;&nbsp;dma_interrupt_flag_clear
</UL>
<BR>[Address Reference Count : 1]<UL><LI> startup_gd32f30x_hd.o(RESET)
</UL>
<P><STRONG><a name="[3f]"></a>UART3_IRQHandler</STRONG> (Thumb, 4 bytes, Stack size 0 bytes, bsp_uart_dma.o(.text))
<BR><BR>[Stack]<UL><LI>Max Depth = 40<LI>Call Chain = UART3_IRQHandler &rArr; UartIRQ_DMA &rArr; urtDma_en_rcv &rArr; dma_transfer_number_config
</UL>
<BR>[Calls]<UL><LI><a href="#[e7]">&gt;&gt;</a>&nbsp;&nbsp;&nbsp;UartIRQ_DMA
</UL>
<BR>[Address Reference Count : 1]<UL><LI> startup_gd32f30x_hd.o(RESET)
</UL>
<P><STRONG><a name="[f0]"></a>DMA1_Channel3_Channel4_IRQHandler</STRONG> (Thumb, 52 bytes, Stack size 8 bytes, bsp_uart_dma.o(.text), UNUSED)
<BR><BR>[Calls]<UL><LI><a href="#[ee]">&gt;&gt;</a>&nbsp;&nbsp;&nbsp;dma_interrupt_flag_get
<LI><a href="#[ef]">&gt;&gt;</a>&nbsp;&nbsp;&nbsp;dma_interrupt_flag_clear
<LI><a href="#[e3]">&gt;&gt;</a>&nbsp;&nbsp;&nbsp;dma_channel_disable
<LI><a href="#[df]">&gt;&gt;</a>&nbsp;&nbsp;&nbsp;usart_interrupt_enable
</UL>

<P><STRONG><a name="[45]"></a>DMA1_Channel2_IRQHandler</STRONG> (Thumb, 34 bytes, Stack size 8 bytes, bsp_uart_dma.o(.text))
<BR><BR>[Stack]<UL><LI>Max Depth = 8<LI>Call Chain = DMA1_Channel2_IRQHandler
</UL>
<BR>[Calls]<UL><LI><a href="#[ee]">&gt;&gt;</a>&nbsp;&nbsp;&nbsp;dma_interrupt_flag_get
<LI><a href="#[ef]">&gt;&gt;</a>&nbsp;&nbsp;&nbsp;dma_interrupt_flag_clear
</UL>
<BR>[Address Reference Count : 1]<UL><LI> startup_gd32f30x_hd.o(RESET)
</UL>
<P><STRONG><a name="[8f]"></a>bsp_appUrt_sendDat</STRONG> (Thumb, 74 bytes, Stack size 16 bytes, bsp_uart_dma.o(.text))
<BR><BR>[Stack]<UL><LI>Max Depth = 32<LI>Call Chain = bsp_appUrt_sendDat &rArr; dma_transfer_number_config
</UL>
<BR>[Calls]<UL><LI><a href="#[dd]">&gt;&gt;</a>&nbsp;&nbsp;&nbsp;usart_dma_transmit_config
<LI><a href="#[e4]">&gt;&gt;</a>&nbsp;&nbsp;&nbsp;dma_transfer_number_config
<LI><a href="#[dc]">&gt;&gt;</a>&nbsp;&nbsp;&nbsp;dma_channel_enable
<LI><a href="#[e3]">&gt;&gt;</a>&nbsp;&nbsp;&nbsp;dma_channel_disable
<LI><a href="#[e6]">&gt;&gt;</a>&nbsp;&nbsp;&nbsp;ComToUart_DMA
<LI><a href="#[cb]">&gt;&gt;</a>&nbsp;&nbsp;&nbsp;__aeabi_memcpy
</UL>
<BR>[Called By]<UL><LI><a href="#[97]">&gt;&gt;</a>&nbsp;&nbsp;&nbsp;Arm_Tx_Dsp_PerfromNewData
<LI><a href="#[96]">&gt;&gt;</a>&nbsp;&nbsp;&nbsp;Arm_Tx_Dsp_SoftVersion
<LI><a href="#[95]">&gt;&gt;</a>&nbsp;&nbsp;&nbsp;Arm_Tx_Dsp_Updata
<LI><a href="#[94]">&gt;&gt;</a>&nbsp;&nbsp;&nbsp;Arm_Tx_Dsp_Read_OTA_State
<LI><a href="#[93]">&gt;&gt;</a>&nbsp;&nbsp;&nbsp;Arm_Tx_Dsp_OTA_PackTotal
<LI><a href="#[91]">&gt;&gt;</a>&nbsp;&nbsp;&nbsp;Arm_Tx_Dsp_OTA_Trigger
<LI><a href="#[8e]">&gt;&gt;</a>&nbsp;&nbsp;&nbsp;Iap_Respond
<LI><a href="#[74]">&gt;&gt;</a>&nbsp;&nbsp;&nbsp;modbus_host_10cmd_write
<LI><a href="#[76]">&gt;&gt;</a>&nbsp;&nbsp;&nbsp;modbus_host_06cmd_write
<LI><a href="#[70]">&gt;&gt;</a>&nbsp;&nbsp;&nbsp;ArmToDspUartSendTask
<LI><a href="#[1ab]">&gt;&gt;</a>&nbsp;&nbsp;&nbsp;MODSlave_SendWithCRC
<LI><a href="#[1a8]">&gt;&gt;</a>&nbsp;&nbsp;&nbsp;modbus_host_03cmd_read
</UL>

<P><STRONG><a name="[6a]"></a>bsp_appUrt_getRcvDat</STRONG> (Thumb, 2 bytes, Stack size 0 bytes, bsp_uart_dma.o(.text))
<BR><BR>[Stack]<UL><LI>Max Depth = 40<LI>Call Chain = bsp_appUrt_getRcvDat &rArr; urtDma_rcvDat_copy &rArr; urtDma_en_rcv &rArr; dma_transfer_number_config
</UL>
<BR>[Calls]<UL><LI><a href="#[e5]">&gt;&gt;</a>&nbsp;&nbsp;&nbsp;urtDma_rcvDat_copy
</UL>
<BR>[Called By]<UL><LI><a href="#[6f]">&gt;&gt;</a>&nbsp;&nbsp;&nbsp;ack_info_deal
<LI><a href="#[77]">&gt;&gt;</a>&nbsp;&nbsp;&nbsp;MODSlave_Poll
<LI><a href="#[56]">&gt;&gt;</a>&nbsp;&nbsp;&nbsp;vTaskInCommHandle_OTA
</UL>

<P><STRONG><a name="[e0]"></a>RS485_InitTXE</STRONG> (Thumb, 82 bytes, Stack size 16 bytes, bsp_uart_com.o(.text))
<BR><BR>[Stack]<UL><LI>Max Depth = 44<LI>Call Chain = RS485_InitTXE &rArr; gpio_init
</UL>
<BR>[Calls]<UL><LI><a href="#[a7]">&gt;&gt;</a>&nbsp;&nbsp;&nbsp;rcu_periph_clock_enable
<LI><a href="#[a8]">&gt;&gt;</a>&nbsp;&nbsp;&nbsp;gpio_init
</UL>
<BR>[Called By]<UL><LI><a href="#[a3]">&gt;&gt;</a>&nbsp;&nbsp;&nbsp;bsp_InitUart_DMA
</UL>

<P><STRONG><a name="[4b]"></a>urt_485_tx_before</STRONG> (Thumb, 42 bytes, Stack size 0 bytes, bsp_uart_com.o(.text))
<BR><BR>[Stack]<UL><LI>Max Depth = 64<LI>Call Chain = urt_485_tx_before &rArr; vTaskDelay &rArr; xTaskResumeAll &rArr; xTaskIncrementTick
</UL>
<BR>[Calls]<UL><LI><a href="#[66]">&gt;&gt;</a>&nbsp;&nbsp;&nbsp;vTaskDelay
</UL>
<BR>[Address Reference Count : 1]<UL><LI> main.o(.text)
</UL>
<P><STRONG><a name="[4a]"></a>urt_485_send_over</STRONG> (Thumb, 52 bytes, Stack size 8 bytes, bsp_uart_com.o(.text))
<BR><BR>[Stack]<UL><LI>Max Depth = 32<LI>Call Chain = urt_485_send_over &rArr; urtDma_en_rcv &rArr; dma_transfer_number_config
</UL>
<BR>[Calls]<UL><LI><a href="#[e2]">&gt;&gt;</a>&nbsp;&nbsp;&nbsp;urtDma_en_rcv
<LI><a href="#[e6]">&gt;&gt;</a>&nbsp;&nbsp;&nbsp;ComToUart_DMA
</UL>
<BR>[Address Reference Count : 1]<UL><LI> main.o(.text)
</UL>
<P><STRONG><a name="[5a]"></a>fputc</STRONG> (Thumb, 30 bytes, Stack size 16 bytes, bsp_uart_com.o(.text))
<BR><BR>[Stack]<UL><LI>Max Depth = 16<LI>Call Chain = fputc
</UL>
<BR>[Calls]<UL><LI><a href="#[f1]">&gt;&gt;</a>&nbsp;&nbsp;&nbsp;usart_data_transmit
<LI><a href="#[ec]">&gt;&gt;</a>&nbsp;&nbsp;&nbsp;usart_flag_get
</UL>
<BR>[Address Reference Count : 1]<UL><LI> printf5.o(i.__0printf$5)
</UL>
<P><STRONG><a name="[f2]"></a>fgetc</STRONG> (Thumb, 26 bytes, Stack size 8 bytes, bsp_uart_com.o(.text), UNUSED)
<BR><BR>[Calls]<UL><LI><a href="#[ec]">&gt;&gt;</a>&nbsp;&nbsp;&nbsp;usart_flag_get
<LI><a href="#[ea]">&gt;&gt;</a>&nbsp;&nbsp;&nbsp;usart_data_receive
</UL>

<P><STRONG><a name="[1dd]"></a>CRC16</STRONG> (Thumb, 40 bytes, Stack size 16 bytes, bsp_user_lib.o(.text), UNUSED)

<P><STRONG><a name="[1ad]"></a>BEBufToUint16</STRONG> (Thumb, 6 bytes, Stack size 0 bytes, bsp_user_lib.o(.text))
<BR><BR>[Called By]<UL><LI><a href="#[1b3]">&gt;&gt;</a>&nbsp;&nbsp;&nbsp;MODSlave_06H
<LI><a href="#[1b1]">&gt;&gt;</a>&nbsp;&nbsp;&nbsp;MODSlave_03H
<LI><a href="#[1ac]">&gt;&gt;</a>&nbsp;&nbsp;&nbsp;MODSlave_10H
</UL>

<P><STRONG><a name="[1b2]"></a>LEBufToUint16</STRONG> (Thumb, 4 bytes, Stack size 0 bytes, bsp_user_lib.o(.text))
<BR><BR>[Called By]<UL><LI><a href="#[77]">&gt;&gt;</a>&nbsp;&nbsp;&nbsp;MODSlave_Poll
</UL>

<P><STRONG><a name="[1de]"></a>BEBufToUint32</STRONG> (Thumb, 14 bytes, Stack size 0 bytes, bsp_user_lib.o(.text), UNUSED)

<P><STRONG><a name="[1df]"></a>LEBufToUint32</STRONG> (Thumb, 12 bytes, Stack size 0 bytes, bsp_user_lib.o(.text), UNUSED)

<P><STRONG><a name="[a4]"></a>dri_can_init</STRONG> (Thumb, 198 bytes, Stack size 48 bytes, bsp_dri_can.o(.text))
<BR><BR>[Stack]<UL><LI>Max Depth = 76<LI>Call Chain = dri_can_init &rArr; gpio_init
</UL>
<BR>[Calls]<UL><LI><a href="#[a7]">&gt;&gt;</a>&nbsp;&nbsp;&nbsp;rcu_periph_clock_enable
<LI><a href="#[a8]">&gt;&gt;</a>&nbsp;&nbsp;&nbsp;gpio_init
<LI><a href="#[f6]">&gt;&gt;</a>&nbsp;&nbsp;&nbsp;can_interrupt_enable
<LI><a href="#[f4]">&gt;&gt;</a>&nbsp;&nbsp;&nbsp;can_init
<LI><a href="#[f5]">&gt;&gt;</a>&nbsp;&nbsp;&nbsp;can_filter_init
<LI><a href="#[f3]">&gt;&gt;</a>&nbsp;&nbsp;&nbsp;can_deinit
<LI><a href="#[b1]">&gt;&gt;</a>&nbsp;&nbsp;&nbsp;nvic_irq_enable
</UL>
<BR>[Called By]<UL><LI><a href="#[82]">&gt;&gt;</a>&nbsp;&nbsp;&nbsp;bsp_Init
</UL>

<P><STRONG><a name="[f7]"></a>bsp_StartDog</STRONG> (Thumb, 70 bytes, Stack size 16 bytes, bsp_watchdog.o(.text), UNUSED)
<BR><BR>[Calls]<UL><LI><a href="#[f9]">&gt;&gt;</a>&nbsp;&nbsp;&nbsp;rcu_osci_stab_wait
<LI><a href="#[f8]">&gt;&gt;</a>&nbsp;&nbsp;&nbsp;rcu_osci_on
<LI><a href="#[fa]">&gt;&gt;</a>&nbsp;&nbsp;&nbsp;fwdgt_write_enable
<LI><a href="#[fc]">&gt;&gt;</a>&nbsp;&nbsp;&nbsp;fwdgt_write_disable
<LI><a href="#[fd]">&gt;&gt;</a>&nbsp;&nbsp;&nbsp;fwdgt_enable
<LI><a href="#[fb]">&gt;&gt;</a>&nbsp;&nbsp;&nbsp;fwdgt_config
</UL>

<P><STRONG><a name="[6c]"></a>bsp_FeedDog</STRONG> (Thumb, 18 bytes, Stack size 8 bytes, bsp_watchdog.o(.text))
<BR><BR>[Stack]<UL><LI>Max Depth = 8<LI>Call Chain = bsp_FeedDog
</UL>
<BR>[Calls]<UL><LI><a href="#[fa]">&gt;&gt;</a>&nbsp;&nbsp;&nbsp;fwdgt_write_enable
<LI><a href="#[fc]">&gt;&gt;</a>&nbsp;&nbsp;&nbsp;fwdgt_write_disable
<LI><a href="#[fe]">&gt;&gt;</a>&nbsp;&nbsp;&nbsp;fwdgt_counter_reload
</UL>
<BR>[Called By]<UL><LI><a href="#[4d]">&gt;&gt;</a>&nbsp;&nbsp;&nbsp;vTaskFeeDog
<LI><a href="#[55]">&gt;&gt;</a>&nbsp;&nbsp;&nbsp;vTaskDspOTA
</UL>

<P><STRONG><a name="[90]"></a>Can_vidMsgDebgu</STRONG> (Thumb, 98 bytes, Stack size 40 bytes, can.o(.text))
<BR><BR>[Stack]<UL><LI>Max Depth = 52<LI>Call Chain = Can_vidMsgDebgu &rArr; can_message_transmit
</UL>
<BR>[Calls]<UL><LI><a href="#[101]">&gt;&gt;</a>&nbsp;&nbsp;&nbsp;can_transmit_states
<LI><a href="#[ff]">&gt;&gt;</a>&nbsp;&nbsp;&nbsp;can_struct_para_init
<LI><a href="#[100]">&gt;&gt;</a>&nbsp;&nbsp;&nbsp;can_message_transmit
</UL>
<BR>[Called By]<UL><LI><a href="#[98]">&gt;&gt;</a>&nbsp;&nbsp;&nbsp;Arm_Respond_Ems
<LI><a href="#[8e]">&gt;&gt;</a>&nbsp;&nbsp;&nbsp;Iap_Respond
<LI><a href="#[102]">&gt;&gt;</a>&nbsp;&nbsp;&nbsp;CJ1939_SendMsg
</UL>

<P><STRONG><a name="[102]"></a>CJ1939_SendMsg</STRONG> (Thumb, 104 bytes, Stack size 32 bytes, can.o(.text), UNUSED)
<BR><BR>[Calls]<UL><LI><a href="#[90]">&gt;&gt;</a>&nbsp;&nbsp;&nbsp;Can_vidMsgDebgu
</UL>
<BR>[Called By]<UL><LI><a href="#[103]">&gt;&gt;</a>&nbsp;&nbsp;&nbsp;Can_TramsmitMsg
</UL>

<P><STRONG><a name="[88]"></a>Can_TramsmitMsgInit</STRONG> (Thumb, 58 bytes, Stack size 16 bytes, can.o(.text))
<BR><BR>[Stack]<UL><LI>Max Depth = 112<LI>Call Chain = Can_TramsmitMsgInit &rArr; xQueueGenericCreate &rArr; pvPortMalloc &rArr; xTaskResumeAll &rArr; xTaskIncrementTick
</UL>
<BR>[Calls]<UL><LI><a href="#[62]">&gt;&gt;</a>&nbsp;&nbsp;&nbsp;xQueueGenericCreate
</UL>
<BR>[Called By]<UL><LI><a href="#[83]">&gt;&gt;</a>&nbsp;&nbsp;&nbsp;app_Init
</UL>

<P><STRONG><a name="[103]"></a>Can_TramsmitMsg</STRONG> (Thumb, 68 bytes, Stack size 24 bytes, can.o(.text), UNUSED)
<BR><BR>[Calls]<UL><LI><a href="#[69]">&gt;&gt;</a>&nbsp;&nbsp;&nbsp;xQueueGenericReceive
<LI><a href="#[105]">&gt;&gt;</a>&nbsp;&nbsp;&nbsp;uxQueueMessagesWaiting
<LI><a href="#[102]">&gt;&gt;</a>&nbsp;&nbsp;&nbsp;CJ1939_SendMsg
<LI><a href="#[104]">&gt;&gt;</a>&nbsp;&nbsp;&nbsp;RP_ProtSendCtr
</UL>

<P><STRONG><a name="[106]"></a>bsp_AdcCfg</STRONG> (Thumb, 334 bytes, Stack size 16 bytes, bsp_adc.o(.text))
<BR><BR>[Stack]<UL><LI>Max Depth = 44<LI>Call Chain = bsp_AdcCfg &rArr; gpio_init
</UL>
<BR>[Calls]<UL><LI><a href="#[a7]">&gt;&gt;</a>&nbsp;&nbsp;&nbsp;rcu_periph_clock_enable
<LI><a href="#[a8]">&gt;&gt;</a>&nbsp;&nbsp;&nbsp;gpio_init
<LI><a href="#[107]">&gt;&gt;</a>&nbsp;&nbsp;&nbsp;rcu_adc_clock_config
<LI><a href="#[108]">&gt;&gt;</a>&nbsp;&nbsp;&nbsp;adc_special_function_config
<LI><a href="#[113]">&gt;&gt;</a>&nbsp;&nbsp;&nbsp;adc_software_trigger_enable
<LI><a href="#[10c]">&gt;&gt;</a>&nbsp;&nbsp;&nbsp;adc_resolution_config
<LI><a href="#[10e]">&gt;&gt;</a>&nbsp;&nbsp;&nbsp;adc_regular_channel_config
<LI><a href="#[10b]">&gt;&gt;</a>&nbsp;&nbsp;&nbsp;adc_mode_config
<LI><a href="#[109]">&gt;&gt;</a>&nbsp;&nbsp;&nbsp;adc_external_trigger_source_config
<LI><a href="#[10f]">&gt;&gt;</a>&nbsp;&nbsp;&nbsp;adc_external_trigger_config
<LI><a href="#[110]">&gt;&gt;</a>&nbsp;&nbsp;&nbsp;adc_enable
<LI><a href="#[112]">&gt;&gt;</a>&nbsp;&nbsp;&nbsp;adc_dma_mode_enable
<LI><a href="#[10a]">&gt;&gt;</a>&nbsp;&nbsp;&nbsp;adc_data_alignment_config
<LI><a href="#[10d]">&gt;&gt;</a>&nbsp;&nbsp;&nbsp;adc_channel_length_config
<LI><a href="#[111]">&gt;&gt;</a>&nbsp;&nbsp;&nbsp;adc_calibration_enable
</UL>
<BR>[Called By]<UL><LI><a href="#[a0]">&gt;&gt;</a>&nbsp;&nbsp;&nbsp;bsp_AdcInit
</UL>

<P><STRONG><a name="[114]"></a>bsp_Adc0_DMA_Cfg</STRONG> (Thumb, 94 bytes, Stack size 40 bytes, bsp_adc.o(.text))
<BR><BR>[Stack]<UL><LI>Max Depth = 56<LI>Call Chain = bsp_Adc0_DMA_Cfg &rArr; dma_circulation_enable
</UL>
<BR>[Calls]<UL><LI><a href="#[a7]">&gt;&gt;</a>&nbsp;&nbsp;&nbsp;rcu_periph_clock_enable
<LI><a href="#[115]">&gt;&gt;</a>&nbsp;&nbsp;&nbsp;dma_circulation_enable
<LI><a href="#[d8]">&gt;&gt;</a>&nbsp;&nbsp;&nbsp;dma_init
<LI><a href="#[d7]">&gt;&gt;</a>&nbsp;&nbsp;&nbsp;dma_deinit
<LI><a href="#[dc]">&gt;&gt;</a>&nbsp;&nbsp;&nbsp;dma_channel_enable
</UL>
<BR>[Called By]<UL><LI><a href="#[a0]">&gt;&gt;</a>&nbsp;&nbsp;&nbsp;bsp_AdcInit
</UL>

<P><STRONG><a name="[a0]"></a>bsp_AdcInit</STRONG> (Thumb, 12 bytes, Stack size 8 bytes, bsp_adc.o(.text))
<BR><BR>[Stack]<UL><LI>Max Depth = 64<LI>Call Chain = bsp_AdcInit &rArr; bsp_Adc0_DMA_Cfg &rArr; dma_circulation_enable
</UL>
<BR>[Calls]<UL><LI><a href="#[114]">&gt;&gt;</a>&nbsp;&nbsp;&nbsp;bsp_Adc0_DMA_Cfg
<LI><a href="#[106]">&gt;&gt;</a>&nbsp;&nbsp;&nbsp;bsp_AdcCfg
</UL>
<BR>[Called By]<UL><LI><a href="#[82]">&gt;&gt;</a>&nbsp;&nbsp;&nbsp;bsp_Init
</UL>

<P><STRONG><a name="[1e0]"></a>bsp_CaculVoltageAverage</STRONG> (Thumb, 62 bytes, Stack size 16 bytes, bsp_adc.o(.text), UNUSED)

<P><STRONG><a name="[1e1]"></a>bsp_CaculTempertureAverage</STRONG> (Thumb, 102 bytes, Stack size 20 bytes, bsp_adc.o(.text), UNUSED)

<P><STRONG><a name="[116]"></a>bsp_AdcTempDataProcess</STRONG> (Thumb, 176 bytes, Stack size 48 bytes, bsp_adc.o(.text), UNUSED)
<BR><BR>[Calls]<UL><LI><a href="#[117]">&gt;&gt;</a>&nbsp;&nbsp;&nbsp;__aeabi_f2d
<LI><a href="#[11b]">&gt;&gt;</a>&nbsp;&nbsp;&nbsp;__aeabi_dsub
<LI><a href="#[119]">&gt;&gt;</a>&nbsp;&nbsp;&nbsp;__aeabi_ddiv
<LI><a href="#[11a]">&gt;&gt;</a>&nbsp;&nbsp;&nbsp;__aeabi_d2f
<LI><a href="#[118]">&gt;&gt;</a>&nbsp;&nbsp;&nbsp;__hardfp_log
</UL>

<P><STRONG><a name="[1e2]"></a>bsp_AdcVoldataDataProcess</STRONG> (Thumb, 62 bytes, Stack size 12 bytes, bsp_adc.o(.text), UNUSED)

<P><STRONG><a name="[a6]"></a>bsp_digital_tube_gpio_init</STRONG> (Thumb, 60 bytes, Stack size 8 bytes, bsp_digital_tube.o(.text))
<BR><BR>[Stack]<UL><LI>Max Depth = 36<LI>Call Chain = bsp_digital_tube_gpio_init &rArr; gpio_init
</UL>
<BR>[Calls]<UL><LI><a href="#[a7]">&gt;&gt;</a>&nbsp;&nbsp;&nbsp;rcu_periph_clock_enable
<LI><a href="#[a8]">&gt;&gt;</a>&nbsp;&nbsp;&nbsp;gpio_init
<LI><a href="#[11c]">&gt;&gt;</a>&nbsp;&nbsp;&nbsp;gpio_pin_remap_config
</UL>
<BR>[Called By]<UL><LI><a href="#[82]">&gt;&gt;</a>&nbsp;&nbsp;&nbsp;bsp_Init
</UL>

<P><STRONG><a name="[11e]"></a>delay_us</STRONG> (Thumb, 26 bytes, Stack size 0 bytes, bsp_digital_tube.o(.text))
<BR><BR>[Called By]<UL><LI><a href="#[11d]">&gt;&gt;</a>&nbsp;&nbsp;&nbsp;display_digital
</UL>

<P><STRONG><a name="[11d]"></a>display_digital</STRONG> (Thumb, 90 bytes, Stack size 28 bytes, bsp_digital_tube.o(.text))
<BR><BR>[Stack]<UL><LI>Max Depth = 28<LI>Call Chain = display_digital
</UL>
<BR>[Calls]<UL><LI><a href="#[11e]">&gt;&gt;</a>&nbsp;&nbsp;&nbsp;delay_us
</UL>
<BR>[Called By]<UL><LI><a href="#[121]">&gt;&gt;</a>&nbsp;&nbsp;&nbsp;display_led
<LI><a href="#[120]">&gt;&gt;</a>&nbsp;&nbsp;&nbsp;display_seg_ge
<LI><a href="#[11f]">&gt;&gt;</a>&nbsp;&nbsp;&nbsp;display_seg_shi
</UL>

<P><STRONG><a name="[11f]"></a>display_seg_shi</STRONG> (Thumb, 76 bytes, Stack size 0 bytes, bsp_digital_tube.o(.text))
<BR><BR>[Stack]<UL><LI>Max Depth = 28<LI>Call Chain = display_seg_shi &rArr; display_digital
</UL>
<BR>[Calls]<UL><LI><a href="#[11d]">&gt;&gt;</a>&nbsp;&nbsp;&nbsp;display_digital
</UL>
<BR>[Called By]<UL><LI><a href="#[122]">&gt;&gt;</a>&nbsp;&nbsp;&nbsp;display_addr_and_led
</UL>

<P><STRONG><a name="[120]"></a>display_seg_ge</STRONG> (Thumb, 76 bytes, Stack size 0 bytes, bsp_digital_tube.o(.text))
<BR><BR>[Stack]<UL><LI>Max Depth = 28<LI>Call Chain = display_seg_ge &rArr; display_digital
</UL>
<BR>[Calls]<UL><LI><a href="#[11d]">&gt;&gt;</a>&nbsp;&nbsp;&nbsp;display_digital
</UL>
<BR>[Called By]<UL><LI><a href="#[122]">&gt;&gt;</a>&nbsp;&nbsp;&nbsp;display_addr_and_led
</UL>

<P><STRONG><a name="[121]"></a>display_led</STRONG> (Thumb, 38 bytes, Stack size 0 bytes, bsp_digital_tube.o(.text))
<BR><BR>[Stack]<UL><LI>Max Depth = 28<LI>Call Chain = display_led &rArr; display_digital
</UL>
<BR>[Calls]<UL><LI><a href="#[11d]">&gt;&gt;</a>&nbsp;&nbsp;&nbsp;display_digital
</UL>
<BR>[Called By]<UL><LI><a href="#[122]">&gt;&gt;</a>&nbsp;&nbsp;&nbsp;display_addr_and_led
</UL>

<P><STRONG><a name="[122]"></a>display_addr_and_led</STRONG> (Thumb, 108 bytes, Stack size 8 bytes, bsp_digital_tube.o(.text))
<BR><BR>[Stack]<UL><LI>Max Depth = 36<LI>Call Chain = display_addr_and_led &rArr; display_led &rArr; display_digital
</UL>
<BR>[Calls]<UL><LI><a href="#[121]">&gt;&gt;</a>&nbsp;&nbsp;&nbsp;display_led
<LI><a href="#[120]">&gt;&gt;</a>&nbsp;&nbsp;&nbsp;display_seg_ge
<LI><a href="#[11f]">&gt;&gt;</a>&nbsp;&nbsp;&nbsp;display_seg_shi
</UL>
<BR>[Called By]<UL><LI><a href="#[65]">&gt;&gt;</a>&nbsp;&nbsp;&nbsp;Update_System_Display
</UL>

<P><STRONG><a name="[65]"></a>Update_System_Display</STRONG> (Thumb, 170 bytes, Stack size 4 bytes, bsp_digital_tube.o(.text))
<BR><BR>[Stack]<UL><LI>Max Depth = 40<LI>Call Chain = Update_System_Display &rArr; display_addr_and_led &rArr; display_led &rArr; display_digital
</UL>
<BR>[Calls]<UL><LI><a href="#[122]">&gt;&gt;</a>&nbsp;&nbsp;&nbsp;display_addr_and_led
</UL>
<BR>[Called By]<UL><LI><a href="#[57]">&gt;&gt;</a>&nbsp;&nbsp;&nbsp;vTaskDisplaySegLed
</UL>

<P><STRONG><a name="[16a]"></a>pxPortInitialiseStack</STRONG> (Thumb, 40 bytes, Stack size 8 bytes, port.o(.text))
<BR><BR>[Stack]<UL><LI>Max Depth = 8<LI>Call Chain = pxPortInitialiseStack
</UL>
<BR>[Called By]<UL><LI><a href="#[14f]">&gt;&gt;</a>&nbsp;&nbsp;&nbsp;prvInitialiseNewTask
</UL>

<P><STRONG><a name="[124]"></a>vPortSetupTimerInterrupt</STRONG> (Thumb, 26 bytes, Stack size 0 bytes, port.o(.text))
<BR><BR>[Called By]<UL><LI><a href="#[123]">&gt;&gt;</a>&nbsp;&nbsp;&nbsp;xPortStartScheduler
</UL>

<P><STRONG><a name="[123]"></a>xPortStartScheduler</STRONG> (Thumb, 204 bytes, Stack size 16 bytes, port.o(.text))
<BR><BR>[Stack]<UL><LI>Max Depth = 16<LI>Call Chain = xPortStartScheduler
</UL>
<BR>[Calls]<UL><LI><a href="#[124]">&gt;&gt;</a>&nbsp;&nbsp;&nbsp;vPortSetupTimerInterrupt
<LI><a href="#[125]">&gt;&gt;</a>&nbsp;&nbsp;&nbsp;__asm___6_port_c_39a90d8d__prvEnableVFP
<LI><a href="#[126]">&gt;&gt;</a>&nbsp;&nbsp;&nbsp;__asm___6_port_c_39a90d8d__prvStartFirstTask
</UL>
<BR>[Called By]<UL><LI><a href="#[86]">&gt;&gt;</a>&nbsp;&nbsp;&nbsp;vTaskStartScheduler
</UL>

<P><STRONG><a name="[15f]"></a>vPortEndScheduler</STRONG> (Thumb, 28 bytes, Stack size 0 bytes, port.o(.text), UNUSED)
<BR><BR>[Called By]<UL><LI><a href="#[15e]">&gt;&gt;</a>&nbsp;&nbsp;&nbsp;vTaskEndScheduler
</UL>

<P><STRONG><a name="[81]"></a>vPortEnterCritical</STRONG> (Thumb, 56 bytes, Stack size 0 bytes, port.o(.text))
<BR><BR>[Called By]<UL><LI><a href="#[99]">&gt;&gt;</a>&nbsp;&nbsp;&nbsp;xQueueGenericSend
<LI><a href="#[73]">&gt;&gt;</a>&nbsp;&nbsp;&nbsp;xTaskResumeAll
<LI><a href="#[69]">&gt;&gt;</a>&nbsp;&nbsp;&nbsp;xQueueGenericReceive
<LI><a href="#[6e]">&gt;&gt;</a>&nbsp;&nbsp;&nbsp;vTaskPrioritySet
<LI><a href="#[47]">&gt;&gt;</a>&nbsp;&nbsp;&nbsp;main
<LI><a href="#[168]">&gt;&gt;</a>&nbsp;&nbsp;&nbsp;xTaskNotifyStateClear
<LI><a href="#[165]">&gt;&gt;</a>&nbsp;&nbsp;&nbsp;xTaskGenericNotify
<LI><a href="#[164]">&gt;&gt;</a>&nbsp;&nbsp;&nbsp;xTaskNotifyWait
<LI><a href="#[163]">&gt;&gt;</a>&nbsp;&nbsp;&nbsp;ulTaskNotifyTake
<LI><a href="#[15a]">&gt;&gt;</a>&nbsp;&nbsp;&nbsp;vTaskResume
<LI><a href="#[159]">&gt;&gt;</a>&nbsp;&nbsp;&nbsp;vTaskSuspend
<LI><a href="#[157]">&gt;&gt;</a>&nbsp;&nbsp;&nbsp;uxTaskPriorityGet
<LI><a href="#[150]">&gt;&gt;</a>&nbsp;&nbsp;&nbsp;vTaskDelete
<LI><a href="#[15d]">&gt;&gt;</a>&nbsp;&nbsp;&nbsp;prvCheckTasksWaitingTermination
<LI><a href="#[14d]">&gt;&gt;</a>&nbsp;&nbsp;&nbsp;prvAddNewTaskToReadyList
<LI><a href="#[137]">&gt;&gt;</a>&nbsp;&nbsp;&nbsp;xTaskCheckForTimeOut
<LI><a href="#[14a]">&gt;&gt;</a>&nbsp;&nbsp;&nbsp;xQueueRemoveFromSet
<LI><a href="#[149]">&gt;&gt;</a>&nbsp;&nbsp;&nbsp;xQueueAddToSet
<LI><a href="#[145]">&gt;&gt;</a>&nbsp;&nbsp;&nbsp;uxQueueSpacesAvailable
<LI><a href="#[12e]">&gt;&gt;</a>&nbsp;&nbsp;&nbsp;xQueueGenericReset
<LI><a href="#[13e]">&gt;&gt;</a>&nbsp;&nbsp;&nbsp;prvIsQueueEmpty
<LI><a href="#[134]">&gt;&gt;</a>&nbsp;&nbsp;&nbsp;prvUnlockQueue
<LI><a href="#[105]">&gt;&gt;</a>&nbsp;&nbsp;&nbsp;uxQueueMessagesWaiting
</UL>

<P><STRONG><a name="[84]"></a>vPortExitCritical</STRONG> (Thumb, 34 bytes, Stack size 0 bytes, port.o(.text))
<BR><BR>[Called By]<UL><LI><a href="#[99]">&gt;&gt;</a>&nbsp;&nbsp;&nbsp;xQueueGenericSend
<LI><a href="#[73]">&gt;&gt;</a>&nbsp;&nbsp;&nbsp;xTaskResumeAll
<LI><a href="#[69]">&gt;&gt;</a>&nbsp;&nbsp;&nbsp;xQueueGenericReceive
<LI><a href="#[6e]">&gt;&gt;</a>&nbsp;&nbsp;&nbsp;vTaskPrioritySet
<LI><a href="#[47]">&gt;&gt;</a>&nbsp;&nbsp;&nbsp;main
<LI><a href="#[168]">&gt;&gt;</a>&nbsp;&nbsp;&nbsp;xTaskNotifyStateClear
<LI><a href="#[165]">&gt;&gt;</a>&nbsp;&nbsp;&nbsp;xTaskGenericNotify
<LI><a href="#[164]">&gt;&gt;</a>&nbsp;&nbsp;&nbsp;xTaskNotifyWait
<LI><a href="#[163]">&gt;&gt;</a>&nbsp;&nbsp;&nbsp;ulTaskNotifyTake
<LI><a href="#[15a]">&gt;&gt;</a>&nbsp;&nbsp;&nbsp;vTaskResume
<LI><a href="#[159]">&gt;&gt;</a>&nbsp;&nbsp;&nbsp;vTaskSuspend
<LI><a href="#[157]">&gt;&gt;</a>&nbsp;&nbsp;&nbsp;uxTaskPriorityGet
<LI><a href="#[150]">&gt;&gt;</a>&nbsp;&nbsp;&nbsp;vTaskDelete
<LI><a href="#[15d]">&gt;&gt;</a>&nbsp;&nbsp;&nbsp;prvCheckTasksWaitingTermination
<LI><a href="#[14d]">&gt;&gt;</a>&nbsp;&nbsp;&nbsp;prvAddNewTaskToReadyList
<LI><a href="#[137]">&gt;&gt;</a>&nbsp;&nbsp;&nbsp;xTaskCheckForTimeOut
<LI><a href="#[14a]">&gt;&gt;</a>&nbsp;&nbsp;&nbsp;xQueueRemoveFromSet
<LI><a href="#[149]">&gt;&gt;</a>&nbsp;&nbsp;&nbsp;xQueueAddToSet
[...]
<LI><a href="#[d6]">&gt;&gt;</a>&nbsp;&nbsp;&nbsp;usart_enable
<LI><a href="#[dd]">&gt;&gt;</a>&nbsp;&nbsp;&nbsp;usart_dma_transmit_config
<LI><a href="#[de]">&gt;&gt;</a>&nbsp;&nbsp;&nbsp;usart_dma_receive_config
<LI><a href="#[cd]">&gt;&gt;</a>&nbsp;&nbsp;&nbsp;usart_deinit
<LI><a href="#[ce]">&gt;&gt;</a>&nbsp;&nbsp;&nbsp;usart_baudrate_set
<LI><a href="#[db]">&gt;&gt;</a>&nbsp;&nbsp;&nbsp;dma_memory_to_memory_disable
<LI><a href="#[da]">&gt;&gt;</a>&nbsp;&nbsp;&nbsp;dma_interrupt_enable
<LI><a href="#[d8]">&gt;&gt;</a>&nbsp;&nbsp;&nbsp;dma_init
<LI><a href="#[d7]">&gt;&gt;</a>&nbsp;&nbsp;&nbsp;dma_deinit
<LI><a href="#[d9]">&gt;&gt;</a>&nbsp;&nbsp;&nbsp;dma_circulation_disable
<LI><a href="#[dc]">&gt;&gt;</a>&nbsp;&nbsp;&nbsp;dma_channel_enable
<LI><a href="#[df]">&gt;&gt;</a>&nbsp;&nbsp;&nbsp;usart_interrupt_enable
<LI><a href="#[67]">&gt;&gt;</a>&nbsp;&nbsp;&nbsp;__aeabi_memclr4
</UL>
<BR>[Called By]<UL><LI><a href="#[a3]">&gt;&gt;</a>&nbsp;&nbsp;&nbsp;bsp_InitUart_DMA
</UL>

<P><STRONG><a name="[e1]"></a>UartVarInit_DMA</STRONG> (Thumb, 108 bytes, Stack size 8 bytes, bsp_uart_dma.o(.text))
<BR><BR>[Stack]<UL><LI>Max Depth = 8<LI>Call Chain = UartVarInit_DMA
</UL>
<BR>[Called By]<UL><LI><a href="#[a3]">&gt;&gt;</a>&nbsp;&nbsp;&nbsp;bsp_InitUart_DMA
</UL>

<P><STRONG><a name="[e7]"></a>UartIRQ_DMA</STRONG> (Thumb, 200 bytes, Stack size 16 bytes, bsp_uart_dma.o(.text))
<BR><BR>[Stack]<UL><LI>Max Depth = 40<LI>Call Chain = UartIRQ_DMA &rArr; urtDma_en_rcv &rArr; dma_transfer_number_config
</UL>
<BR>[Calls]<UL><LI><a href="#[e8]">&gt;&gt;</a>&nbsp;&nbsp;&nbsp;usart_interrupt_flag_get
<LI><a href="#[e9]">&gt;&gt;</a>&nbsp;&nbsp;&nbsp;usart_interrupt_flag_clear
<LI><a href="#[ed]">&gt;&gt;</a>&nbsp;&nbsp;&nbsp;usart_interrupt_disable
<LI><a href="#[ec]">&gt;&gt;</a>&nbsp;&nbsp;&nbsp;usart_flag_get
<LI><a href="#[ea]">&gt;&gt;</a>&nbsp;&nbsp;&nbsp;usart_data_receive
<LI><a href="#[eb]">&gt;&gt;</a>&nbsp;&nbsp;&nbsp;dma_transfer_number_get
<LI><a href="#[e2]">&gt;&gt;</a>&nbsp;&nbsp;&nbsp;urtDma_en_rcv
</UL>
<BR>[Called By]<UL><LI><a href="#[3f]">&gt;&gt;</a>&nbsp;&nbsp;&nbsp;UART3_IRQHandler
<LI><a href="#[30]">&gt;&gt;</a>&nbsp;&nbsp;&nbsp;USART0_IRQHandler
</UL>

<P><STRONG><a name="[104]"></a>RP_ProtSendCtr</STRONG> (Thumb, 88 bytes, Stack size 24 bytes, can.o(.text), UNUSED)
<BR><BR>[Calls]<UL><LI><a href="#[99]">&gt;&gt;</a>&nbsp;&nbsp;&nbsp;xQueueGenericSend
</UL>
<BR>[Called By]<UL><LI><a href="#[103]">&gt;&gt;</a>&nbsp;&nbsp;&nbsp;Can_TramsmitMsg
</UL>

<P><STRONG><a name="[58]"></a>prvTaskExitError</STRONG> (Thumb, 36 bytes, Stack size 0 bytes, port.o(.text))
<BR>[Address Reference Count : 1]<UL><LI> port.o(.text)
</UL>
<P><STRONG><a name="[12c]"></a>prvInsertBlockIntoFreeList</STRONG> (Thumb, 72 bytes, Stack size 12 bytes, heap_4.o(.text))
<BR><BR>[Stack]<UL><LI>Max Depth = 12<LI>Call Chain = prvInsertBlockIntoFreeList
</UL>
<BR>[Called By]<UL><LI><a href="#[12d]">&gt;&gt;</a>&nbsp;&nbsp;&nbsp;vPortFree
<LI><a href="#[12a]">&gt;&gt;</a>&nbsp;&nbsp;&nbsp;pvPortMalloc
</UL>

<P><STRONG><a name="[12b]"></a>prvHeapInit</STRONG> (Thumb, 66 bytes, Stack size 0 bytes, heap_4.o(.text))
<BR><BR>[Called By]<UL><LI><a href="#[12a]">&gt;&gt;</a>&nbsp;&nbsp;&nbsp;pvPortMalloc
</UL>

<P><STRONG><a name="[131]"></a>prvCopyDataToQueue</STRONG> (Thumb, 108 bytes, Stack size 24 bytes, queue.o(.text))
<BR><BR>[Stack]<UL><LI>Max Depth = 40<LI>Call Chain = prvCopyDataToQueue &rArr; xTaskPriorityDisinherit
</UL>
<BR>[Calls]<UL><LI><a href="#[132]">&gt;&gt;</a>&nbsp;&nbsp;&nbsp;xTaskPriorityDisinherit
<LI><a href="#[cb]">&gt;&gt;</a>&nbsp;&nbsp;&nbsp;__aeabi_memcpy
</UL>
<BR>[Called By]<UL><LI><a href="#[99]">&gt;&gt;</a>&nbsp;&nbsp;&nbsp;xQueueGenericSend
<LI><a href="#[142]">&gt;&gt;</a>&nbsp;&nbsp;&nbsp;xQueueGenericSendFromISR
<LI><a href="#[133]">&gt;&gt;</a>&nbsp;&nbsp;&nbsp;prvNotifyQueueSetContainer
</UL>

<P><STRONG><a name="[133]"></a>prvNotifyQueueSetContainer</STRONG> (Thumb, 108 bytes, Stack size 24 bytes, queue.o(.text))
<BR><BR>[Stack]<UL><LI>Max Depth = 64<LI>Call Chain = prvNotifyQueueSetContainer &rArr; prvCopyDataToQueue &rArr; xTaskPriorityDisinherit
</UL>
<BR>[Calls]<UL><LI><a href="#[130]">&gt;&gt;</a>&nbsp;&nbsp;&nbsp;xTaskRemoveFromEventList
<LI><a href="#[131]">&gt;&gt;</a>&nbsp;&nbsp;&nbsp;prvCopyDataToQueue
</UL>
<BR>[Called By]<UL><LI><a href="#[99]">&gt;&gt;</a>&nbsp;&nbsp;&nbsp;xQueueGenericSend
<LI><a href="#[60]">&gt;&gt;</a>&nbsp;&nbsp;&nbsp;xQueueGiveFromISR
<LI><a href="#[142]">&gt;&gt;</a>&nbsp;&nbsp;&nbsp;xQueueGenericSendFromISR
<LI><a href="#[134]">&gt;&gt;</a>&nbsp;&nbsp;&nbsp;prvUnlockQueue
</UL>

<P><STRONG><a name="[134]"></a>prvUnlockQueue</STRONG> (Thumb, 120 bytes, Stack size 24 bytes, queue.o(.text))
<BR><BR>[Stack]<UL><LI>Max Depth = 88<LI>Call Chain = prvUnlockQueue &rArr; prvNotifyQueueSetContainer &rArr; prvCopyDataToQueue &rArr; xTaskPriorityDisinherit
</UL>
<BR>[Calls]<UL><LI><a href="#[84]">&gt;&gt;</a>&nbsp;&nbsp;&nbsp;vPortExitCritical
<LI><a href="#[81]">&gt;&gt;</a>&nbsp;&nbsp;&nbsp;vPortEnterCritical
<LI><a href="#[130]">&gt;&gt;</a>&nbsp;&nbsp;&nbsp;xTaskRemoveFromEventList
<LI><a href="#[135]">&gt;&gt;</a>&nbsp;&nbsp;&nbsp;vTaskMissedYield
<LI><a href="#[133]">&gt;&gt;</a>&nbsp;&nbsp;&nbsp;prvNotifyQueueSetContainer
</UL>
<BR>[Called By]<UL><LI><a href="#[99]">&gt;&gt;</a>&nbsp;&nbsp;&nbsp;xQueueGenericSend
<LI><a href="#[69]">&gt;&gt;</a>&nbsp;&nbsp;&nbsp;xQueueGenericReceive
</UL>

<P><STRONG><a name="[13c]"></a>prvCopyDataFromQueue</STRONG> (Thumb, 38 bytes, Stack size 8 bytes, queue.o(.text))
<BR><BR>[Stack]<UL><LI>Max Depth = 8<LI>Call Chain = prvCopyDataFromQueue
</UL>
<BR>[Calls]<UL><LI><a href="#[cb]">&gt;&gt;</a>&nbsp;&nbsp;&nbsp;__aeabi_memcpy
</UL>
<BR>[Called By]<UL><LI><a href="#[69]">&gt;&gt;</a>&nbsp;&nbsp;&nbsp;xQueueGenericReceive
<LI><a href="#[144]">&gt;&gt;</a>&nbsp;&nbsp;&nbsp;xQueuePeekFromISR
<LI><a href="#[143]">&gt;&gt;</a>&nbsp;&nbsp;&nbsp;xQueueReceiveFromISR
</UL>

<P><STRONG><a name="[13e]"></a>prvIsQueueEmpty</STRONG> (Thumb, 26 bytes, Stack size 8 bytes, queue.o(.text))
<BR><BR>[Stack]<UL><LI>Max Depth = 8<LI>Call Chain = prvIsQueueEmpty
</UL>
<BR>[Calls]<UL><LI><a href="#[84]">&gt;&gt;</a>&nbsp;&nbsp;&nbsp;vPortExitCritical
<LI><a href="#[81]">&gt;&gt;</a>&nbsp;&nbsp;&nbsp;vPortEnterCritical
</UL>
<BR>[Called By]<UL><LI><a href="#[69]">&gt;&gt;</a>&nbsp;&nbsp;&nbsp;xQueueGenericReceive
</UL>

<P><STRONG><a name="[14d]"></a>prvAddNewTaskToReadyList</STRONG> (Thumb, 188 bytes, Stack size 24 bytes, tasks.o(.text))
<BR><BR>[Stack]<UL><LI>Max Depth = 24<LI>Call Chain = prvAddNewTaskToReadyList
</UL>
<BR>[Calls]<UL><LI><a href="#[84]">&gt;&gt;</a>&nbsp;&nbsp;&nbsp;vPortExitCritical
<LI><a href="#[81]">&gt;&gt;</a>&nbsp;&nbsp;&nbsp;vPortEnterCritical
<LI><a href="#[14e]">&gt;&gt;</a>&nbsp;&nbsp;&nbsp;vListInsertEnd
<LI><a href="#[12f]">&gt;&gt;</a>&nbsp;&nbsp;&nbsp;vListInitialise
</UL>
<BR>[Called By]<UL><LI><a href="#[80]">&gt;&gt;</a>&nbsp;&nbsp;&nbsp;xTaskCreate
</UL>

<P><STRONG><a name="[154]"></a>prvAddCurrentTaskToDelayedList</STRONG> (Thumb, 84 bytes, Stack size 24 bytes, tasks.o(.text))
<BR><BR>[Stack]<UL><LI>Max Depth = 36<LI>Call Chain = prvAddCurrentTaskToDelayedList &rArr; vListInsert
</UL>
<BR>[Calls]<UL><LI><a href="#[151]">&gt;&gt;</a>&nbsp;&nbsp;&nbsp;uxListRemove
<LI><a href="#[155]">&gt;&gt;</a>&nbsp;&nbsp;&nbsp;vListInsert
<LI><a href="#[14e]">&gt;&gt;</a>&nbsp;&nbsp;&nbsp;vListInsertEnd
</UL>
<BR>[Called By]<UL><LI><a href="#[66]">&gt;&gt;</a>&nbsp;&nbsp;&nbsp;vTaskDelay
<LI><a href="#[164]">&gt;&gt;</a>&nbsp;&nbsp;&nbsp;xTaskNotifyWait
<LI><a href="#[163]">&gt;&gt;</a>&nbsp;&nbsp;&nbsp;ulTaskNotifyTake
<LI><a href="#[156]">&gt;&gt;</a>&nbsp;&nbsp;&nbsp;vTaskDelayUntil
<LI><a href="#[138]">&gt;&gt;</a>&nbsp;&nbsp;&nbsp;vTaskPlaceOnEventList
<LI><a href="#[161]">&gt;&gt;</a>&nbsp;&nbsp;&nbsp;vTaskPlaceOnUnorderedEventList
</UL>

<P><STRONG><a name="[15b]"></a>prvTaskIsTaskSuspended</STRONG> (Thumb, 48 bytes, Stack size 0 bytes, tasks.o(.text), UNUSED)
<BR><BR>[Called By]<UL><LI><a href="#[15c]">&gt;&gt;</a>&nbsp;&nbsp;&nbsp;xTaskResumeFromISR
<LI><a href="#[15a]">&gt;&gt;</a>&nbsp;&nbsp;&nbsp;vTaskResume
</UL>

<P><STRONG><a name="[59]"></a>prvIdleTask</STRONG> (Thumb, 32 bytes, Stack size 0 bytes, tasks.o(.text))
<BR><BR>[Stack]<UL><LI>Max Depth = 96<LI>Call Chain = prvIdleTask &rArr; prvCheckTasksWaitingTermination &rArr; prvDeleteTCB &rArr; vPortFree &rArr; xTaskResumeAll &rArr; xTaskIncrementTick
</UL>
<BR>[Calls]<UL><LI><a href="#[15d]">&gt;&gt;</a>&nbsp;&nbsp;&nbsp;prvCheckTasksWaitingTermination
</UL>
<BR>[Address Reference Count : 1]<UL><LI> tasks.o(.text)
</UL>
<P><STRONG><a name="[14f]"></a>prvInitialiseNewTask</STRONG> (Thumb, 140 bytes, Stack size 32 bytes, tasks.o(.text))
<BR><BR>[Stack]<UL><LI>Max Depth = 40<LI>Call Chain = prvInitialiseNewTask &rArr; pxPortInitialiseStack
</UL>
<BR>[Calls]<UL><LI><a href="#[169]">&gt;&gt;</a>&nbsp;&nbsp;&nbsp;vListInitialiseItem
<LI><a href="#[16a]">&gt;&gt;</a>&nbsp;&nbsp;&nbsp;pxPortInitialiseStack
</UL>
<BR>[Called By]<UL><LI><a href="#[80]">&gt;&gt;</a>&nbsp;&nbsp;&nbsp;xTaskCreate
</UL>

<P><STRONG><a name="[153]"></a>prvResetNextTaskUnblockTime</STRONG> (Thumb, 26 bytes, Stack size 0 bytes, tasks.o(.text))
<BR><BR>[Called By]<UL><LI><a href="#[73]">&gt;&gt;</a>&nbsp;&nbsp;&nbsp;xTaskResumeAll
<LI><a href="#[159]">&gt;&gt;</a>&nbsp;&nbsp;&nbsp;vTaskSuspend
<LI><a href="#[150]">&gt;&gt;</a>&nbsp;&nbsp;&nbsp;vTaskDelete
<LI><a href="#[127]">&gt;&gt;</a>&nbsp;&nbsp;&nbsp;xTaskIncrementTick
</UL>

<P><STRONG><a name="[152]"></a>prvDeleteTCB</STRONG> (Thumb, 20 bytes, Stack size 8 bytes, tasks.o(.text))
<BR><BR>[Stack]<UL><LI>Max Depth = 80<LI>Call Chain = prvDeleteTCB &rArr; vPortFree &rArr; xTaskResumeAll &rArr; xTaskIncrementTick
</UL>
<BR>[Calls]<UL><LI><a href="#[12d]">&gt;&gt;</a>&nbsp;&nbsp;&nbsp;vPortFree
</UL>
<BR>[Called By]<UL><LI><a href="#[150]">&gt;&gt;</a>&nbsp;&nbsp;&nbsp;vTaskDelete
<LI><a href="#[15d]">&gt;&gt;</a>&nbsp;&nbsp;&nbsp;prvCheckTasksWaitingTermination
</UL>

<P><STRONG><a name="[15d]"></a>prvCheckTasksWaitingTermination</STRONG> (Thumb, 72 bytes, Stack size 16 bytes, tasks.o(.text))
<BR><BR>[Stack]<UL><LI>Max Depth = 96<LI>Call Chain = prvCheckTasksWaitingTermination &rArr; prvDeleteTCB &rArr; vPortFree &rArr; xTaskResumeAll &rArr; xTaskIncrementTick
</UL>
<BR>[Calls]<UL><LI><a href="#[73]">&gt;&gt;</a>&nbsp;&nbsp;&nbsp;xTaskResumeAll
<LI><a href="#[71]">&gt;&gt;</a>&nbsp;&nbsp;&nbsp;vTaskSuspendAll
<LI><a href="#[84]">&gt;&gt;</a>&nbsp;&nbsp;&nbsp;vPortExitCritical
<LI><a href="#[81]">&gt;&gt;</a>&nbsp;&nbsp;&nbsp;vPortEnterCritical
<LI><a href="#[152]">&gt;&gt;</a>&nbsp;&nbsp;&nbsp;prvDeleteTCB
<LI><a href="#[151]">&gt;&gt;</a>&nbsp;&nbsp;&nbsp;uxListRemove
</UL>
<BR>[Called By]<UL><LI><a href="#[59]">&gt;&gt;</a>&nbsp;&nbsp;&nbsp;prvIdleTask
</UL>

<P><STRONG><a name="[18a]"></a>dma_periph_and_channel_check</STRONG> (Thumb, 18 bytes, Stack size 0 bytes, gd32f30x_dma.o(.text))
<BR><BR>[Called By]<UL><LI><a href="#[115]">&gt;&gt;</a>&nbsp;&nbsp;&nbsp;dma_circulation_enable
<LI><a href="#[eb]">&gt;&gt;</a>&nbsp;&nbsp;&nbsp;dma_transfer_number_get
<LI><a href="#[e4]">&gt;&gt;</a>&nbsp;&nbsp;&nbsp;dma_transfer_number_config
<LI><a href="#[db]">&gt;&gt;</a>&nbsp;&nbsp;&nbsp;dma_memory_to_memory_disable
<LI><a href="#[da]">&gt;&gt;</a>&nbsp;&nbsp;&nbsp;dma_interrupt_enable
<LI><a href="#[d8]">&gt;&gt;</a>&nbsp;&nbsp;&nbsp;dma_init
<LI><a href="#[d7]">&gt;&gt;</a>&nbsp;&nbsp;&nbsp;dma_deinit
<LI><a href="#[d9]">&gt;&gt;</a>&nbsp;&nbsp;&nbsp;dma_circulation_disable
<LI><a href="#[dc]">&gt;&gt;</a>&nbsp;&nbsp;&nbsp;dma_channel_enable
<LI><a href="#[e3]">&gt;&gt;</a>&nbsp;&nbsp;&nbsp;dma_channel_disable
<LI><a href="#[196]">&gt;&gt;</a>&nbsp;&nbsp;&nbsp;dma_interrupt_disable
<LI><a href="#[195]">&gt;&gt;</a>&nbsp;&nbsp;&nbsp;dma_transfer_direction_config
<LI><a href="#[194]">&gt;&gt;</a>&nbsp;&nbsp;&nbsp;dma_periph_increase_disable
<LI><a href="#[193]">&gt;&gt;</a>&nbsp;&nbsp;&nbsp;dma_periph_increase_enable
<LI><a href="#[192]">&gt;&gt;</a>&nbsp;&nbsp;&nbsp;dma_memory_increase_disable
<LI><a href="#[191]">&gt;&gt;</a>&nbsp;&nbsp;&nbsp;dma_memory_increase_enable
<LI><a href="#[190]">&gt;&gt;</a>&nbsp;&nbsp;&nbsp;dma_periph_width_config
<LI><a href="#[18f]">&gt;&gt;</a>&nbsp;&nbsp;&nbsp;dma_memory_width_config
<LI><a href="#[18e]">&gt;&gt;</a>&nbsp;&nbsp;&nbsp;dma_priority_config
<LI><a href="#[18d]">&gt;&gt;</a>&nbsp;&nbsp;&nbsp;dma_memory_address_config
<LI><a href="#[18c]">&gt;&gt;</a>&nbsp;&nbsp;&nbsp;dma_periph_address_config
<LI><a href="#[18b]">&gt;&gt;</a>&nbsp;&nbsp;&nbsp;dma_memory_to_memory_enable
</UL>

<P><STRONG><a name="[1a3]"></a>Get_DspArry_Addr</STRONG> (Thumb, 818 bytes, Stack size 28 bytes, dat_para.o(.text))
<BR><BR>[Stack]<UL><LI>Max Depth = 28<LI>Call Chain = Get_DspArry_Addr
</UL>
<BR>[Called By]<UL><LI><a href="#[72]">&gt;&gt;</a>&nbsp;&nbsp;&nbsp;getVarAddr
<LI><a href="#[75]">&gt;&gt;</a>&nbsp;&nbsp;&nbsp;GetVar
<LI><a href="#[1a5]">&gt;&gt;</a>&nbsp;&nbsp;&nbsp;Clear_WritePara_Protected
<LI><a href="#[1a4]">&gt;&gt;</a>&nbsp;&nbsp;&nbsp;dat_para_NoProtected_write
<LI><a href="#[1a2]">&gt;&gt;</a>&nbsp;&nbsp;&nbsp;dat_para_local_write
</UL>

<P><STRONG><a name="[1a8]"></a>modbus_host_03cmd_read</STRONG> (Thumb, 98 bytes, Stack size 264 bytes, modbus_host.o(.text))
<BR><BR>[Stack]<UL><LI>Max Depth = 296<LI>Call Chain = modbus_host_03cmd_read &rArr; bsp_appUrt_sendDat &rArr; dma_transfer_number_config
</UL>
<BR>[Calls]<UL><LI><a href="#[8f]">&gt;&gt;</a>&nbsp;&nbsp;&nbsp;bsp_appUrt_sendDat
<LI><a href="#[92]">&gt;&gt;</a>&nbsp;&nbsp;&nbsp;sys_modbus_crc16
<LI><a href="#[1a7]">&gt;&gt;</a>&nbsp;&nbsp;&nbsp;IntQueue
</UL>
<BR>[Called By]<UL><LI><a href="#[79]">&gt;&gt;</a>&nbsp;&nbsp;&nbsp;Get_Dsp_Info_Fuc
</UL>

<P><STRONG><a name="[1a9]"></a>modbus_slave_ack_valid_chk</STRONG> (Thumb, 108 bytes, Stack size 16 bytes, modbus_host.o(.text))
<BR><BR>[Stack]<UL><LI>Max Depth = 32<LI>Call Chain = modbus_slave_ack_valid_chk &rArr; sys_modbus_crc16
</UL>
<BR>[Calls]<UL><LI><a href="#[92]">&gt;&gt;</a>&nbsp;&nbsp;&nbsp;sys_modbus_crc16
</UL>
<BR>[Called By]<UL><LI><a href="#[6f]">&gt;&gt;</a>&nbsp;&nbsp;&nbsp;ack_info_deal
</UL>

<P><STRONG><a name="[1ab]"></a>MODSlave_SendWithCRC</STRONG> (Thumb, 66 bytes, Stack size 272 bytes, modbus_slave.o(.text))
<BR><BR>[Stack]<UL><LI>Max Depth = 304<LI>Call Chain = MODSlave_SendWithCRC &rArr; bsp_appUrt_sendDat &rArr; dma_transfer_number_config
</UL>
<BR>[Calls]<UL><LI><a href="#[8f]">&gt;&gt;</a>&nbsp;&nbsp;&nbsp;bsp_appUrt_sendDat
<LI><a href="#[92]">&gt;&gt;</a>&nbsp;&nbsp;&nbsp;sys_modbus_crc16
<LI><a href="#[67]">&gt;&gt;</a>&nbsp;&nbsp;&nbsp;__aeabi_memclr4
<LI><a href="#[cb]">&gt;&gt;</a>&nbsp;&nbsp;&nbsp;__aeabi_memcpy
</UL>
<BR>[Called By]<UL><LI><a href="#[1b0]">&gt;&gt;</a>&nbsp;&nbsp;&nbsp;MODSlave_SendAckOk
<LI><a href="#[1af]">&gt;&gt;</a>&nbsp;&nbsp;&nbsp;MODSlave_SendAckErr
<LI><a href="#[1b1]">&gt;&gt;</a>&nbsp;&nbsp;&nbsp;MODSlave_03H
</UL>

<P><STRONG><a name="[1ac]"></a>MODSlave_10H</STRONG> (Thumb, 152 bytes, Stack size 24 bytes, modbus_slave.o(.text))
<BR><BR>[Stack]<UL><LI>Max Depth = 344<LI>Call Chain = MODSlave_10H &rArr; MODSlave_SendAckOk &rArr; MODSlave_SendWithCRC &rArr; bsp_appUrt_sendDat &rArr; dma_transfer_number_config
</UL>
<BR>[Calls]<UL><LI><a href="#[99]">&gt;&gt;</a>&nbsp;&nbsp;&nbsp;xQueueGenericSend
<LI><a href="#[1ad]">&gt;&gt;</a>&nbsp;&nbsp;&nbsp;BEBufToUint16
<LI><a href="#[1ae]">&gt;&gt;</a>&nbsp;&nbsp;&nbsp;MODSlave_WriteRegValue
<LI><a href="#[1b0]">&gt;&gt;</a>&nbsp;&nbsp;&nbsp;MODSlave_SendAckOk
<LI><a href="#[1af]">&gt;&gt;</a>&nbsp;&nbsp;&nbsp;MODSlave_SendAckErr
</UL>
<BR>[Called By]<UL><LI><a href="#[77]">&gt;&gt;</a>&nbsp;&nbsp;&nbsp;MODSlave_Poll
</UL>

<P><STRONG><a name="[1b1]"></a>MODSlave_03H</STRONG> (Thumb, 220 bytes, Stack size 296 bytes, modbus_slave.o(.text))
<BR><BR>[Stack]<UL><LI>Max Depth = 616<LI>Call Chain = MODSlave_03H &rArr; MODSlave_SendAckErr &rArr; MODSlave_SendWithCRC &rArr; bsp_appUrt_sendDat &rArr; dma_transfer_number_config
</UL>
<BR>[Calls]<UL><LI><a href="#[75]">&gt;&gt;</a>&nbsp;&nbsp;&nbsp;GetVar
<LI><a href="#[1ad]">&gt;&gt;</a>&nbsp;&nbsp;&nbsp;BEBufToUint16
<LI><a href="#[1af]">&gt;&gt;</a>&nbsp;&nbsp;&nbsp;MODSlave_SendAckErr
<LI><a href="#[1ab]">&gt;&gt;</a>&nbsp;&nbsp;&nbsp;MODSlave_SendWithCRC
</UL>
<BR>[Called By]<UL><LI><a href="#[77]">&gt;&gt;</a>&nbsp;&nbsp;&nbsp;MODSlave_Poll
</UL>

<P><STRONG><a name="[1af]"></a>MODSlave_SendAckErr</STRONG> (Thumb, 34 bytes, Stack size 16 bytes, modbus_slave.o(.text))
<BR><BR>[Stack]<UL><LI>Max Depth = 320<LI>Call Chain = MODSlave_SendAckErr &rArr; MODSlave_SendWithCRC &rArr; bsp_appUrt_sendDat &rArr; dma_transfer_number_config
</UL>
<BR>[Calls]<UL><LI><a href="#[1ab]">&gt;&gt;</a>&nbsp;&nbsp;&nbsp;MODSlave_SendWithCRC
</UL>
<BR>[Called By]<UL><LI><a href="#[77]">&gt;&gt;</a>&nbsp;&nbsp;&nbsp;MODSlave_Poll
<LI><a href="#[1b3]">&gt;&gt;</a>&nbsp;&nbsp;&nbsp;MODSlave_06H
<LI><a href="#[1b1]">&gt;&gt;</a>&nbsp;&nbsp;&nbsp;MODSlave_03H
<LI><a href="#[1ac]">&gt;&gt;</a>&nbsp;&nbsp;&nbsp;MODSlave_10H
</UL>

<P><STRONG><a name="[1b0]"></a>MODSlave_SendAckOk</STRONG> (Thumb, 30 bytes, Stack size 16 bytes, modbus_slave.o(.text))
<BR><BR>[Stack]<UL><LI>Max Depth = 320<LI>Call Chain = MODSlave_SendAckOk &rArr; MODSlave_SendWithCRC &rArr; bsp_appUrt_sendDat &rArr; dma_transfer_number_config
</UL>
<BR>[Calls]<UL><LI><a href="#[1ab]">&gt;&gt;</a>&nbsp;&nbsp;&nbsp;MODSlave_SendWithCRC
</UL>
<BR>[Called By]<UL><LI><a href="#[1b3]">&gt;&gt;</a>&nbsp;&nbsp;&nbsp;MODSlave_06H
<LI><a href="#[1ac]">&gt;&gt;</a>&nbsp;&nbsp;&nbsp;MODSlave_10H
</UL>

<P><STRONG><a name="[1ae]"></a>MODSlave_WriteRegValue</STRONG> (Thumb, 12 bytes, Stack size 16 bytes, modbus_slave.o(.text))
<BR><BR>[Stack]<UL><LI>Max Depth = 92<LI>Call Chain = MODSlave_WriteRegValue &rArr; SetEMSVar &rArr; dat_para_local_write &rArr; Get_DspArry_Addr
</UL>
<BR>[Calls]<UL><LI><a href="#[1a6]">&gt;&gt;</a>&nbsp;&nbsp;&nbsp;SetEMSVar
</UL>
<BR>[Called By]<UL><LI><a href="#[1b3]">&gt;&gt;</a>&nbsp;&nbsp;&nbsp;MODSlave_06H
<LI><a href="#[1ac]">&gt;&gt;</a>&nbsp;&nbsp;&nbsp;MODSlave_10H
</UL>

<P><STRONG><a name="[1b3]"></a>MODSlave_06H</STRONG> (Thumb, 112 bytes, Stack size 16 bytes, modbus_slave.o(.text))
<BR><BR>[Stack]<UL><LI>Max Depth = 336<LI>Call Chain = MODSlave_06H &rArr; MODSlave_SendAckOk &rArr; MODSlave_SendWithCRC &rArr; bsp_appUrt_sendDat &rArr; dma_transfer_number_config
</UL>
<BR>[Calls]<UL><LI><a href="#[99]">&gt;&gt;</a>&nbsp;&nbsp;&nbsp;xQueueGenericSend
<LI><a href="#[1ad]">&gt;&gt;</a>&nbsp;&nbsp;&nbsp;BEBufToUint16
<LI><a href="#[1ae]">&gt;&gt;</a>&nbsp;&nbsp;&nbsp;MODSlave_WriteRegValue
<LI><a href="#[1b0]">&gt;&gt;</a>&nbsp;&nbsp;&nbsp;MODSlave_SendAckOk
<LI><a href="#[1af]">&gt;&gt;</a>&nbsp;&nbsp;&nbsp;MODSlave_SendAckErr
</UL>
<BR>[Called By]<UL><LI><a href="#[77]">&gt;&gt;</a>&nbsp;&nbsp;&nbsp;MODSlave_Poll
</UL>

<P><STRONG><a name="[1c5]"></a>_printf_core</STRONG> (Thumb, 658 bytes, Stack size 104 bytes, printf5.o(i._printf_core), UNUSED)
<BR><BR>[Calls]<UL><LI><a href="#[1bf]">&gt;&gt;</a>&nbsp;&nbsp;&nbsp;__aeabi_uldivmod
</UL>
<BR>[Called By]<UL><LI><a href="#[1c6]">&gt;&gt;</a>&nbsp;&nbsp;&nbsp;__0sprintf$5
<LI><a href="#[1c4]">&gt;&gt;</a>&nbsp;&nbsp;&nbsp;__0printf$5
</UL>

<P><STRONG><a name="[5b]"></a>_sputc</STRONG> (Thumb, 10 bytes, Stack size 0 bytes, printf5.o(i._sputc))
<BR><BR>[Called By]<UL><LI><a href="#[1c6]">&gt;&gt;</a>&nbsp;&nbsp;&nbsp;__0sprintf$5
</UL>
<BR>[Address Reference Count : 1]<UL><LI> printf5.o(i.__0sprintf$5)
</UL><P>
<H3>
Undefined Global Symbols
</H3><HR></body></html>
